Component: ARM Compiler 5.06 update 6 (build 750) Tool: armlink [4d35ed]

==============================================================================

Section Cross References

    startup_stm32f429xx.o(RESET) refers to startup_stm32f429xx.o(STACK) for __initial_sp
    startup_stm32f429xx.o(RESET) refers to startup_stm32f429xx.o(.text) for Reset_Handler
    startup_stm32f429xx.o(RESET) refers to stm32f4xx_it.o(i.NMI_Handler) for NMI_Handler
    startup_stm32f429xx.o(RESET) refers to stm32f4xx_it.o(i.HardFault_Handler) for HardFault_Handler
    startup_stm32f429xx.o(RESET) refers to stm32f4xx_it.o(i.MemManage_Handler) for MemManage_Handler
    startup_stm32f429xx.o(RESET) refers to stm32f4xx_it.o(i.BusFault_Handler) for BusFault_Handler
    startup_stm32f429xx.o(RESET) refers to stm32f4xx_it.o(i.UsageFault_Handler) for UsageFault_Handler
    startup_stm32f429xx.o(RESET) refers to port.o(.emb_text) for SVC_Handler
    startup_stm32f429xx.o(RESET) refers to stm32f4xx_it.o(i.DebugMon_Handler) for DebugMon_Handler
    startup_stm32f429xx.o(RESET) refers to port.o(i.SysTick_Handler) for SysTick_Handler
    startup_stm32f429xx.o(RESET) refers to stm32f4xx_it.o(i.EXTI0_IRQHandler) for EXTI0_IRQHandler
    startup_stm32f429xx.o(RESET) refers to stm32f4xx_it.o(i.TIM1_UP_TIM10_IRQHandler) for TIM1_UP_TIM10_IRQHandler
    startup_stm32f429xx.o(.text) refers to system_stm32f4xx.o(i.SystemInit) for SystemInit
    startup_stm32f429xx.o(.text) refers to entry.o(.ARM.Collect$$$$00000000) for __main
    stm32f429i_discovery.o(i.BSP_LED_Init) refers to stm32f4xx_hal_gpio.o(i.HAL_GPIO_Init) for HAL_GPIO_Init
    stm32f429i_discovery.o(i.BSP_LED_Init) refers to stm32f4xx_hal_gpio.o(i.HAL_GPIO_WritePin) for HAL_GPIO_WritePin
    stm32f429i_discovery.o(i.BSP_LED_Init) refers to stm32f429i_discovery.o(.constdata) for .constdata
    stm32f429i_discovery.o(i.BSP_LED_Init) refers to stm32f429i_discovery.o(.data) for .data
    stm32f429i_discovery.o(i.BSP_LED_Off) refers to stm32f4xx_hal_gpio.o(i.HAL_GPIO_WritePin) for HAL_GPIO_WritePin
    stm32f429i_discovery.o(i.BSP_LED_Off) refers to stm32f429i_discovery.o(.constdata) for .constdata
    stm32f429i_discovery.o(i.BSP_LED_Off) refers to stm32f429i_discovery.o(.data) for .data
    stm32f429i_discovery.o(i.BSP_LED_On) refers to stm32f4xx_hal_gpio.o(i.HAL_GPIO_WritePin) for HAL_GPIO_WritePin
    stm32f429i_discovery.o(i.BSP_LED_On) refers to stm32f429i_discovery.o(.constdata) for .constdata
    stm32f429i_discovery.o(i.BSP_LED_On) refers to stm32f429i_discovery.o(.data) for .data
    stm32f429i_discovery.o(i.BSP_LED_Toggle) refers to stm32f4xx_hal_gpio.o(i.HAL_GPIO_TogglePin) for HAL_GPIO_TogglePin
    stm32f429i_discovery.o(i.BSP_LED_Toggle) refers to stm32f429i_discovery.o(.constdata) for .constdata
    stm32f429i_discovery.o(i.BSP_LED_Toggle) refers to stm32f429i_discovery.o(.data) for .data
    stm32f429i_discovery.o(i.BSP_PB_GetState) refers to stm32f4xx_hal_gpio.o(i.HAL_GPIO_ReadPin) for HAL_GPIO_ReadPin
    stm32f429i_discovery.o(i.BSP_PB_GetState) refers to stm32f429i_discovery.o(.constdata) for .constdata
    stm32f429i_discovery.o(i.BSP_PB_GetState) refers to stm32f429i_discovery.o(.data) for .data
    stm32f429i_discovery.o(i.BSP_PB_Init) refers to stm32f4xx_hal_gpio.o(i.HAL_GPIO_Init) for HAL_GPIO_Init
    stm32f429i_discovery.o(i.BSP_PB_Init) refers to stm32f4xx_hal_cortex.o(i.HAL_NVIC_SetPriority) for HAL_NVIC_SetPriority
    stm32f429i_discovery.o(i.BSP_PB_Init) refers to stm32f4xx_hal_cortex.o(i.HAL_NVIC_EnableIRQ) for HAL_NVIC_EnableIRQ
    stm32f429i_discovery.o(i.BSP_PB_Init) refers to stm32f429i_discovery.o(.constdata) for .constdata
    stm32f429i_discovery.o(i.BSP_PB_Init) refers to stm32f429i_discovery.o(.data) for .data
    stm32f429i_discovery.o(i.GYRO_IO_Init) refers to stm32f4xx_hal_gpio.o(i.HAL_GPIO_Init) for HAL_GPIO_Init
    stm32f429i_discovery.o(i.GYRO_IO_Init) refers to stm32f4xx_hal_gpio.o(i.HAL_GPIO_WritePin) for HAL_GPIO_WritePin
    stm32f429i_discovery.o(i.GYRO_IO_Init) refers to stm32f429i_discovery.o(i.SPIx_Init) for SPIx_Init
    stm32f429i_discovery.o(i.GYRO_IO_Read) refers to stm32f4xx_hal_gpio.o(i.HAL_GPIO_WritePin) for HAL_GPIO_WritePin
    stm32f429i_discovery.o(i.GYRO_IO_Read) refers to stm32f429i_discovery.o(i.SPIx_WriteRead) for SPIx_WriteRead
    stm32f429i_discovery.o(i.GYRO_IO_Write) refers to stm32f4xx_hal_gpio.o(i.HAL_GPIO_WritePin) for HAL_GPIO_WritePin
    stm32f429i_discovery.o(i.GYRO_IO_Write) refers to stm32f429i_discovery.o(i.SPIx_WriteRead) for SPIx_WriteRead
    stm32f429i_discovery.o(i.I2Cx_Error) refers to stm32f4xx_hal_i2c.o(i.HAL_I2C_DeInit) for HAL_I2C_DeInit
    stm32f429i_discovery.o(i.I2Cx_Error) refers to stm32f429i_discovery.o(i.I2Cx_Init) for I2Cx_Init
    stm32f429i_discovery.o(i.I2Cx_Error) refers to stm32f429i_discovery.o(.bss) for .bss
    stm32f429i_discovery.o(i.I2Cx_Init) refers to stm32f4xx_hal_i2c.o(i.HAL_I2C_GetState) for HAL_I2C_GetState
[...]
    SPIx_Error                               0x08003e6d   Thumb Code    16  stm32f429i_discovery.o(i.SPIx_Error)
    i.SPIx_Init                              0x08003e80   Section        0  stm32f429i_discovery.o(i.SPIx_Init)
    SPIx_Init                                0x08003e81   Thumb Code   138  stm32f429i_discovery.o(i.SPIx_Init)
    i.SPIx_Write                             0x08003f1c   Section        0  stm32f429i_discovery.o(i.SPIx_Write)
    SPIx_Write                               0x08003f1d   Thumb Code    26  stm32f429i_discovery.o(i.SPIx_Write)
    i.StartMonitoraTouch                     0x08003f40   Section        0  freertos.o(i.StartMonitoraTouch)
    i.StartPrintaDisplay                     0x08003f48   Section        0  freertos.o(i.StartPrintaDisplay)
    i.SysTick_Handler                        0x08003f50   Section        0  port.o(i.SysTick_Handler)
    i.SystemClock_Config                     0x08003f7c   Section        0  main.o(i.SystemClock_Config)
    i.SystemInit                             0x08004018   Section        0  system_stm32f4xx.o(i.SystemInit)
    i.TIM1_UP_TIM10_IRQHandler               0x0800406c   Section        0  stm32f4xx_it.o(i.TIM1_UP_TIM10_IRQHandler)
    i.TIM_Base_SetConfig                     0x08004078   Section        0  stm32f4xx_hal_tim.o(i.TIM_Base_SetConfig)
    i.UART_SetConfig                         0x08004138   Section        0  stm32f4xx_hal_uart.o(i.UART_SetConfig)
    UART_SetConfig                           0x08004139   Thumb Code   676  stm32f4xx_hal_uart.o(i.UART_SetConfig)
    i.UsageFault_Handler                     0x080043e4   Section        0  stm32f4xx_it.o(i.UsageFault_Handler)
    i.__scatterload_copy                     0x080043e6   Section       14  handlers.o(i.__scatterload_copy)
    i.__scatterload_null                     0x080043f4   Section        2  handlers.o(i.__scatterload_null)
    i.__scatterload_zeroinit                 0x080043f6   Section       14  handlers.o(i.__scatterload_zeroinit)
    i.ili9341_DisplayOff                     0x08004404   Section        0  ili9341.o(i.ili9341_DisplayOff)
    i.ili9341_DisplayOn                      0x0800440a   Section        0  ili9341.o(i.ili9341_DisplayOn)
    i.ili9341_GetLcdPixelHeight              0x08004410   Section        0  ili9341.o(i.ili9341_GetLcdPixelHeight)
    i.ili9341_GetLcdPixelWidth               0x08004416   Section        0  ili9341.o(i.ili9341_GetLcdPixelWidth)
    i.ili9341_Init                           0x0800441a   Section        0  ili9341.o(i.ili9341_Init)
    i.ili9341_ReadID                         0x080046ac   Section        0  ili9341.o(i.ili9341_ReadID)
    i.main                                   0x080046c0   Section        0  main.o(i.main)
    i.makeFreeRtosPriority                   0x08004748   Section        0  cmsis_os.o(i.makeFreeRtosPriority)
    makeFreeRtosPriority                     0x08004749   Thumb Code    12  cmsis_os.o(i.makeFreeRtosPriority)
    i.osDelay                                0x08004754   Section        0  cmsis_os.o(i.osDelay)
    i.osKernelStart                          0x08004762   Section        0  cmsis_os.o(i.osKernelStart)
    i.osSemaphoreCreate                      0x0800476c   Section        0  cmsis_os.o(i.osSemaphoreCreate)
    i.osThreadCreate                         0x08004792   Section        0  cmsis_os.o(i.osThreadCreate)
    i.prvAddCurrentTaskToDelayedList         0x080047c0   Section        0  tasks.o(i.prvAddCurrentTaskToDelayedList)
    prvAddCurrentTaskToDelayedList           0x080047c1   Thumb Code   102  tasks.o(i.prvAddCurrentTaskToDelayedList)
    i.prvAddNewTaskToReadyList               0x08004830   Section        0  tasks.o(i.prvAddNewTaskToReadyList)
    prvAddNewTaskToReadyList                 0x08004831   Thumb Code   194  tasks.o(i.prvAddNewTaskToReadyList)
    i.prvCheckTasksWaitingTermination        0x08004900   Section        0  tasks.o(i.prvCheckTasksWaitingTermination)
    prvCheckTasksWaitingTermination          0x08004901   Thumb Code    70  tasks.o(i.prvCheckTasksWaitingTermination)
    i.prvCopyDataToQueue                     0x08004950   Section        0  queue.o(i.prvCopyDataToQueue)
    prvCopyDataToQueue                       0x08004951   Thumb Code   108  queue.o(i.prvCopyDataToQueue)
    i.prvDeleteTCB                           0x080049bc   Section        0  tasks.o(i.prvDeleteTCB)
    prvDeleteTCB                             0x080049bd   Thumb Code    20  tasks.o(i.prvDeleteTCB)
    i.prvHeapInit                            0x080049d0   Section        0  heap_4.o(i.prvHeapInit)
    prvHeapInit                              0x080049d1   Thumb Code    66  heap_4.o(i.prvHeapInit)
    i.prvIdleTask                            0x08004a1c   Section        0  tasks.o(i.prvIdleTask)
    prvIdleTask                              0x08004a1d   Thumb Code    30  tasks.o(i.prvIdleTask)
    i.prvInitialiseNewTask                   0x08004a44   Section        0  tasks.o(i.prvInitialiseNewTask)
    prvInitialiseNewTask                     0x08004a45   Thumb Code   142  tasks.o(i.prvInitialiseNewTask)
    i.prvInsertBlockIntoFreeList             0x08004ad4   Section        0  heap_4.o(i.prvInsertBlockIntoFreeList)
    prvInsertBlockIntoFreeList               0x08004ad5   Thumb Code    72  heap_4.o(i.prvInsertBlockIntoFreeList)
    i.prvResetNextTaskUnblockTime            0x08004b20   Section        0  tasks.o(i.prvResetNextTaskUnblockTime)
    prvResetNextTaskUnblockTime              0x08004b21   Thumb Code    26  tasks.o(i.prvResetNextTaskUnblockTime)
    i.prvTaskExitError                       0x08004b40   Section        0  port.o(i.prvTaskExitError)
    prvTaskExitError                         0x08004b41   Thumb Code    36  port.o(i.prvTaskExitError)
    i.prvUnlockQueue                         0x08004b68   Section        0  queue.o(i.prvUnlockQueue)
    prvUnlockQueue                           0x08004b69   Thumb Code   106  queue.o(i.prvUnlockQueue)
    i.pvPortMalloc                           0x08004bd4   Section        0  heap_4.o(i.pvPortMalloc)
    i.pxPortInitialiseStack                  0x08004cac   Section        0  port.o(i.pxPortInitialiseStack)
    i.stmpe811_ClearGlobalIT                 0x08004cd8   Section        0  stmpe811.o(i.stmpe811_ClearGlobalIT)
    i.stmpe811_DisableGlobalIT               0x08004ce2   Section        0  stmpe811.o(i.stmpe811_DisableGlobalIT)
    i.stmpe811_DisableITSource               0x08004cfe   Section        0  stmpe811.o(i.stmpe811_DisableITSource)
    i.stmpe811_EnableGlobalIT                0x08004d1c   Section        0  stmpe811.o(i.stmpe811_EnableGlobalIT)
    i.stmpe811_EnableITSource                0x08004d38   Section        0  stmpe811.o(i.stmpe811_EnableITSource)
    i.stmpe811_GetInstance                   0x08004d58   Section        0  stmpe811.o(i.stmpe811_GetInstance)
    stmpe811_GetInstance                     0x08004d59   Thumb Code    24  stmpe811.o(i.stmpe811_GetInstance)
    i.stmpe811_IO_EnableAF                   0x08004d74   Section        0  stmpe811.o(i.stmpe811_IO_EnableAF)
    i.stmpe811_Init                          0x08004d94   Section        0  stmpe811.o(i.stmpe811_Init)
    i.stmpe811_ReadID                        0x08004dc4   Section        0  stmpe811.o(i.stmpe811_ReadID)
    i.stmpe811_Reset                         0x08004de4   Section        0  stmpe811.o(i.stmpe811_Reset)
    i.stmpe811_TS_ClearIT                    0x08004e0c   Section        0  stmpe811.o(i.stmpe811_TS_ClearIT)
    i.stmpe811_TS_DetectTouch                0x08004e12   Section        0  stmpe811.o(i.stmpe811_TS_DetectTouch)
    i.stmpe811_TS_DisableIT                  0x08004e48   Section        0  stmpe811.o(i.stmpe811_TS_DisableIT)
    i.stmpe811_TS_EnableIT                   0x08004e5c   Section        0  stmpe811.o(i.stmpe811_TS_EnableIT)
    i.stmpe811_TS_GetXY                      0x08004e76   Section        0  stmpe811.o(i.stmpe811_TS_GetXY)
    i.stmpe811_TS_ITStatus                   0x08004eb4   Section        0  stmpe811.o(i.stmpe811_TS_ITStatus)
    i.stmpe811_TS_Start                      0x08004ec4   Section        0  stmpe811.o(i.stmpe811_TS_Start)
    i.uxListRemove                           0x08004f66   Section        0  list.o(i.uxListRemove)
    i.vListInitialise                        0x08004f8a   Section        0  list.o(i.vListInitialise)
    i.vListInitialiseItem                    0x08004fa0   Section        0  list.o(i.vListInitialiseItem)
    i.vListInsert                            0x08004fa6   Section        0  list.o(i.vListInsert)
    i.vListInsertEnd                         0x08004fd6   Section        0  list.o(i.vListInsertEnd)
    i.vPortEnterCritical                     0x08004ff0   Section        0  port.o(i.vPortEnterCritical)
    i.vPortExitCritical                      0x08005030   Section        0  port.o(i.vPortExitCritical)
    i.vPortFree                              0x08005058   Section        0  heap_4.o(i.vPortFree)
    i.vPortSetupTimerInterrupt               0x080050b4   Section        0  port.o(i.vPortSetupTimerInterrupt)
    i.vTaskDelay                             0x080050d4   Section        0  tasks.o(i.vTaskDelay)
    i.vTaskMissedYield                       0x08005120   Section        0  tasks.o(i.vTaskMissedYield)
    i.vTaskPlaceOnEventList                  0x0800512c   Section        0  tasks.o(i.vTaskPlaceOnEventList)
    i.vTaskSetTimeOutState                   0x0800515c   Section        0  tasks.o(i.vTaskSetTimeOutState)
    i.vTaskStartScheduler                    0x08005180   Section        0  tasks.o(i.vTaskStartScheduler)
    i.vTaskSuspendAll                        0x080051e8   Section        0  tasks.o(i.vTaskSuspendAll)
    i.vTaskSwitchContext                     0x080051f8   Section        0  tasks.o(i.vTaskSwitchContext)
    i.xPortStartScheduler                    0x08005254   Section        0  port.o(i.xPortStartScheduler)
    i.xQueueGenericCreate                    0x08005334   Section        0  queue.o(i.xQueueGenericCreate)
    i.xQueueGenericReset                     0x0800537c   Section        0  queue.o(i.xQueueGenericReset)
    i.xQueueGenericSend                      0x08005404   Section        0  queue.o(i.xQueueGenericSend)
    i.xTaskCheckForTimeOut                   0x08005564   Section        0  tasks.o(i.xTaskCheckForTimeOut)
    i.xTaskCreate                            0x080055d0   Section        0  tasks.o(i.xTaskCreate)
    i.xTaskGetSchedulerState                 0x08005628   Section        0  tasks.o(i.xTaskGetSchedulerState)
    i.xTaskIncrementTick                     0x08005644   Section        0  tasks.o(i.xTaskIncrementTick)
    i.xTaskPriorityDisinherit                0x0800570c   Section        0  tasks.o(i.xTaskPriorityDisinherit)
    i.xTaskRemoveFromEventList               0x080057a4   Section        0  tasks.o(i.xTaskRemoveFromEventList)
    i.xTaskResumeAll                         0x08005818   Section        0  tasks.o(i.xTaskResumeAll)
    .constdata                               0x080058dc   Section     6840  stm32f429i_discovery_lcd.o(.constdata)
    .constdata                               0x08007394   Section       40  freertos.o(.constdata)
    .constdata                               0x080073bc   Section        8  stm32f4xx_hal_dma.o(.constdata)
    flagBitshiftOffset                       0x080073bc   Data           8  stm32f4xx_hal_dma.o(.constdata)
    .constdata                               0x080073c4   Section       16  system_stm32f4xx.o(.constdata)
    .constdata                               0x080073d4   Section        8  system_stm32f4xx.o(.constdata)
    .conststring                             0x080073dc   Section       30  freertos.o(.conststring)
    .data                                    0x20000000   Section       24  stm32f429i_discovery.o(.data)
    Is_LCD_IO_Initialized                    0x20000000   Data           1  stm32f429i_discovery.o(.data)
    .data                                    0x20000018   Section       16  stm32f429i_discovery_lcd.o(.data)
    ActiveLayer                              0x20000018   Data           4  stm32f429i_discovery_lcd.o(.data)
    .data                                    0x20000028   Section        1  stm32f429i_discovery_sdram.o(.data)
    sdramstatus                              0x20000028   Data           1  stm32f429i_discovery_sdram.o(.data)
    .data                                    0x2000002c   Section       16  stm32f429i_discovery_ts.o(.data)
    TsXBoundary                              0x2000002c   Data           2  stm32f429i_discovery_ts.o(.data)
    TsYBoundary                              0x2000002e   Data           2  stm32f429i_discovery_ts.o(.data)
    _x                                       0x20000030   Data           4  stm32f429i_discovery_ts.o(.data)
    _y                                       0x20000034   Data           4  stm32f429i_discovery_ts.o(.data)
    TsDrv                                    0x20000038   Data           4  stm32f429i_discovery_ts.o(.data)
    .data                                    0x2000003c   Section       56  ili9341.o(.data)
    .data                                    0x20000074   Section       40  stmpe811.o(.data)
    .data                                    0x2000009c   Section        2  stmpe811.o(.data)
    .data                                    0x200000a0   Section        8  fmc.o(.data)
    FMC_Initialized                          0x200000a0   Data           4  fmc.o(.data)
    FMC_DeInitialized                        0x200000a4   Data           4  fmc.o(.data)
    .data                                    0x200000a8   Section       16  freertos.o(.data)
    .data                                    0x200000b8   Section       12  stm32f4xx_hal.o(.data)
    .data                                    0x200000c4   Section        4  system_stm32f4xx.o(.data)
    .data                                    0x200000c8   Section       60  tasks.o(.data)
    uxDeletedTasksWaitingCleanUp             0x200000cc   Data           4  tasks.o(.data)
    uxCurrentNumberOfTasks                   0x200000d0   Data           4  tasks.o(.data)
    xTickCount                               0x200000d4   Data           4  tasks.o(.data)
    uxTopReadyPriority                       0x200000d8   Data           4  tasks.o(.data)
    xSchedulerRunning                        0x200000dc   Data           4  tasks.o(.data)
    uxPendedTicks                            0x200000e0   Data           4  tasks.o(.data)
    xYieldPending                            0x200000e4   Data           4  tasks.o(.data)
    xNumOfOverflows                          0x200000e8   Data           4  tasks.o(.data)
    uxTaskNumber                             0x200000ec   Data           4  tasks.o(.data)
    xNextTaskUnblockTime                     0x200000f0   Data           4  tasks.o(.data)
    xIdleTaskHandle                          0x200000f4   Data           4  tasks.o(.data)
    uxSchedulerSuspended                     0x200000f8   Data           4  tasks.o(.data)
    pxDelayedTaskList                        0x200000fc   Data           4  tasks.o(.data)
    pxOverflowDelayedTaskList                0x20000100   Data           4  tasks.o(.data)
    .data                                    0x20000104   Section       24  heap_4.o(.data)
    pxEnd                                    0x20000104   Data           4  heap_4.o(.data)
    xFreeBytesRemaining                      0x20000108   Data           4  heap_4.o(.data)
    xMinimumEverFreeBytesRemaining           0x2000010c   Data           4  heap_4.o(.data)
    xBlockAllocatedBit                       0x20000110   Data           4  heap_4.o(.data)
    xStart                                   0x20000114   Data           8  heap_4.o(.data)
    .data                                    0x2000011c   Section       12  port.o(.data)
    ucMaxSysCallPriority                     0x2000011c   Data           1  port.o(.data)
    uxCriticalNesting                        0x20000120   Data           4  port.o(.data)
    ulMaxPRIGROUPValue                       0x20000124   Data           4  port.o(.data)
    .bss                                     0x20000128   Section      172  stm32f429i_discovery.o(.bss)
    SpiHandle                                0x2000017c   Data          88  stm32f429i_discovery.o(.bss)
    .bss                                     0x200001d4   Section      304  stm32f429i_discovery_lcd.o(.bss)
    Dma2dHandler                             0x2000027c   Data          64  stm32f429i_discovery_lcd.o(.bss)
    PeriphClkInitStruct                      0x200002bc   Data          48  stm32f429i_discovery_lcd.o(.bss)
    DrawProp                                 0x200002ec   Data          24  stm32f429i_discovery_lcd.o(.bss)
    .bss                                     0x20000304   Section      288  stm32f429i_discovery_sdram.o(.bss)
    dmaHandle                                0x20000304   Data          96  stm32f429i_discovery_sdram.o(.bss)
    dma_handle                               0x20000364   Data          96  stm32f429i_discovery_sdram.o(.bss)
    SdramHandle                              0x200003c4   Data          52  stm32f429i_discovery_sdram.o(.bss)
    Timing                                   0x200003f8   Data          28  stm32f429i_discovery_sdram.o(.bss)
    Command                                  0x20000414   Data          16  stm32f429i_discovery_sdram.o(.bss)
    .bss                                     0x20000424   Section       64  dma2d.o(.bss)
    .bss                                     0x20000464   Section       52  fmc.o(.bss)
    .bss                                     0x20000498   Section       60  freertos.o(.bss)
    .bss                                     0x200004d4   Section       84  i2c.o(.bss)
    .bss                                     0x20000528   Section      168  ltdc.o(.bss)
    .bss                                     0x200005d0   Section       88  spi.o(.bss)
    .bss                                     0x20000628   Section       64  usart.o(.bss)
    .bss                                     0x20000668   Section       60  stm32f4xx_hal_timebase_tim.o(.bss)
    .bss                                     0x200006a4   Section      240  tasks.o(.bss)
    pxReadyTasksLists                        0x200006a4   Data         140  tasks.o(.bss)
    xDelayedTaskList1                        0x20000730   Data          20  tasks.o(.bss)
    xDelayedTaskList2                        0x20000744   Data          20  tasks.o(.bss)
    xPendingReadyList                        0x20000758   Data          20  tasks.o(.bss)
    xTasksWaitingTermination                 0x2000076c   Data          20  tasks.o(.bss)
    xSuspendedTaskList                       0x20000780   Data          20  tasks.o(.bss)
    .bss                                     0x20000794   Section    15360  heap_4.o(.bss)
    ucHeap                                   0x20000794   Data       15360  heap_4.o(.bss)
    STACK                                    0x20004398   Section     1024  startup_stm32f429xx.o(STACK)

    Global Symbols

    Symbol Name                              Value     Ov Type        Size  Object(Section)

    BuildAttributes$$THM_ISAv4$E$P$D$K$B$S$7EM$VFPi3$EXTD16$VFPS$VFMA$PE$A:L22UL41UL21$X:L11$S22US41US21$IEEE1$IW$USESV6$~STKCKD$USESV7$~SHL$OSPACE$EBA8$MICROLIB$REQ8$PRES8$EABIv2 0x00000000   Number         0  anon$$obj.o ABSOLUTE
    __ARM_use_no_argv                        0x00000000   Number         0  main.o ABSOLUTE
    __cpp_initialize__aeabi_                  - Undefined Weak Reference
    __cxa_finalize                            - Undefined Weak Reference
    __decompress                              - Undefined Weak Reference
    _clock_init                               - Undefined Weak Reference
    _microlib_exit                            - Undefined Weak Reference
    __Vectors_Size                           0x000001ac   Number         0  startup_stm32f429xx.o ABSOLUTE
    __Vectors                                0x08000000   Data           4  startup_stm32f429xx.o(RESET)
    __Vectors_End                            0x080001ac   Data           0  startup_stm32f429xx.o(RESET)
    __main                                   0x080001ad   Thumb Code     0  entry.o(.ARM.Collect$$$$00000000)
    _main_stk                                0x080001ad   Thumb Code     0  entry2.o(.ARM.Collect$$$$00000001)
    _main_scatterload                        0x080001b1   Thumb Code     0  entry5.o(.ARM.Collect$$$$00000004)
    __main_after_scatterload                 0x080001b5   Thumb Code     0  entry5.o(.ARM.Collect$$$$00000004)
    _main_clock                              0x080001b5   Thumb Code     0  entry7b.o(.ARM.Collect$$$$00000008)
    _main_cpp_init                           0x080001b5   Thumb Code     0  entry8b.o(.ARM.Collect$$$$0000000A)
    _main_init                               0x080001b5   Thumb Code     0  entry9a.o(.ARM.Collect$$$$0000000B)
    __rt_final_cpp                           0x080001bd   Thumb Code     0  entry10a.o(.ARM.Collect$$$$0000000D)
    __rt_final_exit                          0x080001bd   Thumb Code     0  entry11a.o(.ARM.Collect$$$$0000000F)
    SVC_Handler                              0x080001c1   Thumb Code    28  port.o(.emb_text)
    __asm___6_port_c_39a90d8d__prvStartFirstTask 0x080001e1   Thumb Code    28  port.o(.emb_text)
    __asm___6_port_c_39a90d8d__prvEnableVFP  0x08000201   Thumb Code    16  port.o(.emb_text)
    PendSV_Handler                           0x08000215   Thumb Code    92  port.o(.emb_text)
    vPortGetIPSR                             0x08000275   Thumb Code     6  port.o(.emb_text)
    Reset_Handler                            0x0800027d   Thumb Code     8  startup_stm32f429xx.o(.text)
    ADC_IRQHandler                           0x08000297   Thumb Code     0  startup_stm32f429xx.o(.text)
    CAN1_RX0_IRQHandler                      0x08000297   Thumb Code     0  startup_stm32f429xx.o(.text)
    CAN1_RX1_IRQHandler                      0x08000297   Thumb Code     0  startup_stm32f429xx.o(.text)
    CAN1_SCE_IRQHandler                      0x08000297   Thumb Code     0  startup_stm32f429xx.o(.text)
    CAN1_TX_IRQHandler                       0x08000297   Thumb Code     0  startup_stm32f429xx.o(.text)
    CAN2_RX0_IRQHandler                      0x08000297   Thumb Code     0  startup_stm32f429xx.o(.text)
    CAN2_RX1_IRQHandler                      0x08000297   Thumb Code     0  startup_stm32f429xx.o(.text)
    CAN2_SCE_IRQHandler                      0x08000297   Thumb Code     0  startup_stm32f429xx.o(.text)
    CAN2_TX_IRQHandler                       0x08000297   Thumb Code     0  startup_stm32f429xx.o(.text)
    DCMI_IRQHandler                          0x08000297   Thumb Code     0  startup_stm32f429xx.o(.text)
    DMA1_Stream0_IRQHandler                  0x08000297   Thumb Code     0  startup_stm32f429xx.o(.text)
    DMA1_Stream1_IRQHandler                  0x08000297   Thumb Code     0  startup_stm32f429xx.o(.text)
    DMA1_Stream2_IRQHandler                  0x08000297   Thumb Code     0  startup_stm32f429xx.o(.text)
    DMA1_Stream3_IRQHandler                  0x08000297   Thumb Code     0  startup_stm32f429xx.o(.text)
    DMA1_Stream4_IRQHandler                  0x08000297   Thumb Code     0  startup_stm32f429xx.o(.text)
    DMA1_Stream5_IRQHandler                  0x08000297   Thumb Code     0  startup_stm32f429xx.o(.text)
    DMA1_Stream6_IRQHandler                  0x08000297   Thumb Code     0  startup_stm32f429xx.o(.text)
    DMA1_Stream7_IRQHandler                  0x08000297   Thumb Code     0  startup_stm32f429xx.o(.text)
    DMA2D_IRQHandler                         0x08000297   Thumb Code     0  startup_stm32f429xx.o(.text)
    DMA2_Stream0_IRQHandler                  0x08000297   Thumb Code     0  startup_stm32f429xx.o(.text)
    DMA2_Stream1_IRQHandler                  0x08000297   Thumb Code     0  startup_stm32f429xx.o(.text)
    DMA2_Stream2_IRQHandler                  0x08000297   Thumb Code     0  startup_stm32f429xx.o(.text)
    DMA2_Stream3_IRQHandler                  0x08000297   Thumb Code     0  startup_stm32f429xx.o(.text)
    DMA2_Stream4_IRQHandler                  0x08000297   Thumb Code     0  startup_stm32f429xx.o(.text)
    DMA2_Stream5_IRQHandler                  0x08000297   Thumb Code     0  startup_stm32f429xx.o(.text)
    DMA2_Stream6_IRQHandler                  0x08000297   Thumb Code     0  startup_stm32f429xx.o(.text)
    DMA2_Stream7_IRQHandler                  0x08000297   Thumb Code     0  startup_stm32f429xx.o(.text)
    ETH_IRQHandler                           0x08000297   Thumb Code     0  startup_stm32f429xx.o(.text)
    ETH_WKUP_IRQHandler                      0x08000297   Thumb Code     0  startup_stm32f429xx.o(.text)
    EXTI15_10_IRQHandler                     0x08000297   Thumb Code     0  startup_stm32f429xx.o(.text)
    EXTI1_IRQHandler                         0x08000297   Thumb Code     0  startup_stm32f429xx.o(.text)
    EXTI2_IRQHandler                         0x08000297   Thumb Code     0  startup_stm32f429xx.o(.text)
    EXTI3_IRQHandler                         0x08000297   Thumb Code     0  startup_stm32f429xx.o(.text)
    EXTI4_IRQHandler                         0x08000297   Thumb Code     0  startup_stm32f429xx.o(.text)
    EXTI9_5_IRQHandler                       0x08000297   Thumb Code     0  startup_stm32f429xx.o(.text)
    FLASH_IRQHandler                         0x08000297   Thumb Code     0  startup_stm32f429xx.o(.text)
    FMC_IRQHandler                           0x08000297   Thumb Code     0  startup_stm32f429xx.o(.text)
    FPU_IRQHandler                           0x08000297   Thumb Code     0  startup_stm32f429xx.o(.text)
    HASH_RNG_IRQHandler                      0x08000297   Thumb Code     0  startup_stm32f429xx.o(.text)
    I2C1_ER_IRQHandler                       0x08000297   Thumb Code     0  startup_stm32f429xx.o(.text)
    I2C1_EV_IRQHandler                       0x08000297   Thumb Code     0  startup_stm32f429xx.o(.text)
    I2C2_ER_IRQHandler                       0x08000297   Thumb Code     0  startup_stm32f429xx.o(.text)
    I2C2_EV_IRQHandler                       0x08000297   Thumb Code     0  startup_stm32f429xx.o(.text)
    I2C3_ER_IRQHandler                       0x08000297   Thumb Code     0  startup_stm32f429xx.o(.text)
    I2C3_EV_IRQHandler                       0x08000297   Thumb Code     0  startup_stm32f429xx.o(.text)
    LTDC_ER_IRQHandler                       0x08000297   Thumb Code     0  startup_stm32f429xx.o(.text)
    LTDC_IRQHandler                          0x08000297   Thumb Code     0  startup_stm32f429xx.o(.text)
    OTG_FS_IRQHandler                        0x08000297   Thumb Code     0  startup_stm32f429xx.o(.text)
    OTG_FS_WKUP_IRQHandler                   0x08000297   Thumb Code     0  startup_stm32f429xx.o(.text)
    OTG_HS_EP1_IN_IRQHandler                 0x08000297   Thumb Code     0  startup_stm32f429xx.o(.text)
    OTG_HS_EP1_OUT_IRQHandler                0x08000297   Thumb Code     0  startup_stm32f429xx.o(.text)
    OTG_HS_IRQHandler                        0x08000297   Thumb Code     0  startup_stm32f429xx.o(.text)
    OTG_HS_WKUP_IRQHandler                   0x08000297   Thumb Code     0  startup_stm32f429xx.o(.text)
    PVD_IRQHandler                           0x08000297   Thumb Code     0  startup_stm32f429xx.o(.text)
    RCC_IRQHandler                           0x08000297   Thumb Code     0  startup_stm32f429xx.o(.text)
    RTC_Alarm_IRQHandler                     0x08000297   Thumb Code     0  startup_stm32f429xx.o(.text)
    RTC_WKUP_IRQHandler                      0x08000297   Thumb Code     0  startup_stm32f429xx.o(.text)
    SAI1_IRQHandler                          0x08000297   Thumb Code     0  startup_stm32f429xx.o(.text)
    SDIO_IRQHandler                          0x08000297   Thumb Code     0  startup_stm32f429xx.o(.text)
    SPI1_IRQHandler                          0x08000297   Thumb Code     0  startup_stm32f429xx.o(.text)
    SPI2_IRQHandler                          0x08000297   Thumb Code     0  startup_stm32f429xx.o(.text)
    SPI3_IRQHandler                          0x08000297   Thumb Code     0  startup_stm32f429xx.o(.text)
    SPI4_IRQHandler                          0x08000297   Thumb Code     0  startup_stm32f429xx.o(.text)
    SPI5_IRQHandler                          0x08000297   Thumb Code     0  startup_stm32f429xx.o(.text)
    SPI6_IRQHandler                          0x08000297   Thumb Code     0  startup_stm32f429xx.o(.text)
    TAMP_STAMP_IRQHandler                    0x08000297   Thumb Code     0  startup_stm32f429xx.o(.text)
    TIM1_BRK_TIM9_IRQHandler                 0x08000297   Thumb Code     0  startup_stm32f429xx.o(.text)
    TIM1_CC_IRQHandler                       0x08000297   Thumb Code     0  startup_stm32f429xx.o(.text)
    TIM1_TRG_COM_TIM11_IRQHandler            0x08000297   Thumb Code     0  startup_stm32f429xx.o(.text)
    TIM2_IRQHandler                          0x08000297   Thumb Code     0  startup_stm32f429xx.o(.text)
    TIM3_IRQHandler                          0x08000297   Thumb Code     0  startup_stm32f429xx.o(.text)
    TIM4_IRQHandler                          0x08000297   Thumb Code     0  startup_stm32f429xx.o(.text)
    TIM5_IRQHandler                          0x08000297   Thumb Code     0  startup_stm32f429xx.o(.text)
    TIM6_DAC_IRQHandler                      0x08000297   Thumb Code     0  startup_stm32f429xx.o(.text)
    TIM7_IRQHandler                          0x08000297   Thumb Code     0  startup_stm32f429xx.o(.text)
    TIM8_BRK_TIM12_IRQHandler                0x08000297   Thumb Code     0  startup_stm32f429xx.o(.text)
    TIM8_CC_IRQHandler                       0x08000297   Thumb Code     0  startup_stm32f429xx.o(.text)
    TIM8_TRG_COM_TIM14_IRQHandler            0x08000297   Thumb Code     0  startup_stm32f429xx.o(.text)
    TIM8_UP_TIM13_IRQHandler                 0x08000297   Thumb Code     0  startup_stm32f429xx.o(.text)
    UART4_IRQHandler                         0x08000297   Thumb Code     0  startup_stm32f429xx.o(.text)
    UART5_IRQHandler                         0x08000297   Thumb Code     0  startup_stm32f429xx.o(.text)
    UART7_IRQHandler                         0x08000297   Thumb Code     0  startup_stm32f429xx.o(.text)
    UART8_IRQHandler                         0x08000297   Thumb Code     0  startup_stm32f429xx.o(.text)
    USART1_IRQHandler                        0x08000297   Thumb Code     0  startup_stm32f429xx.o(.text)
    USART2_IRQHandler                        0x08000297   Thumb Code     0  startup_stm32f429xx.o(.text)
    USART3_IRQHandler                        0x08000297   Thumb Code     0  startup_stm32f429xx.o(.text)
    USART6_IRQHandler                        0x08000297   Thumb Code     0  startup_stm32f429xx.o(.text)
    WWDG_IRQHandler                          0x08000297   Thumb Code     0  startup_stm32f429xx.o(.text)
    __aeabi_uldivmod                         0x080002a1   Thumb Code    98  uldiv.o(.text)
    __aeabi_memcpy                           0x08000303   Thumb Code    36  memcpya.o(.text)
    __aeabi_memcpy4                          0x08000303   Thumb Code     0  memcpya.o(.text)
    __aeabi_memcpy8                          0x08000303   Thumb Code     0  memcpya.o(.text)
    __aeabi_memset                           0x08000327   Thumb Code    14  memseta.o(.text)
    __aeabi_memset4                          0x08000327   Thumb Code     0  memseta.o(.text)
    __aeabi_memset8                          0x08000327   Thumb Code     0  memseta.o(.text)
    __aeabi_memclr                           0x08000335   Thumb Code     4  memseta.o(.text)
    __aeabi_memclr4                          0x08000335   Thumb Code     0  memseta.o(.text)
    __aeabi_memclr8                          0x08000335   Thumb Code     0  memseta.o(.text)
    _memset$wrapper                          0x08000339   Thumb Code    18  memseta.o(.text)
    __aeabi_llsl                             0x0800034b   Thumb Code    30  llshl.o(.text)
    _ll_shift_l                              0x0800034b   Thumb Code     0  llshl.o(.text)
    __aeabi_llsr                             0x08000369   Thumb Code    32  llushr.o(.text)
    _ll_ushift_r                             0x08000369   Thumb Code     0  llushr.o(.text)
    __scatterload                            0x08000389   Thumb Code    28  init.o(.text)
    __scatterload_rt2                        0x08000389   Thumb Code     0  init.o(.text)
    BSP_LCD_Clear                            0x080003ad   Thumb Code    50  stm32f429i_discovery_lcd.o(i.BSP_LCD_Clear)
    BSP_LCD_DisplayChar                      0x080003e9   Thumb Code    44  stm32f429i_discovery_lcd.o(i.BSP_LCD_DisplayChar)
    BSP_LCD_DisplayOn                        0x0800041d   Thumb Code    14  stm32f429i_discovery_lcd.o(i.BSP_LCD_DisplayOn)
    BSP_LCD_DisplayStringAt                  0x08000431   Thumb Code   188  stm32f429i_discovery_lcd.o(i.BSP_LCD_DisplayStringAt)
    BSP_LCD_DisplayStringAtLine              0x080004f5   Thumb Code    28  stm32f429i_discovery_lcd.o(i.BSP_LCD_DisplayStringAtLine)
    BSP_LCD_DrawPixel                        0x08000511   Thumb Code    42  stm32f429i_discovery_lcd.o(i.BSP_LCD_DrawPixel)
    BSP_LCD_GetFont                          0x08000545   Thumb Code    18  stm32f429i_discovery_lcd.o(i.BSP_LCD_GetFont)
    BSP_LCD_GetXSize                         0x08000561   Thumb Code     8  stm32f429i_discovery_lcd.o(i.BSP_LCD_GetXSize)
    BSP_LCD_GetYSize                         0x0800056d   Thumb Code     8  stm32f429i_discovery_lcd.o(i.BSP_LCD_GetYSize)
    BSP_LCD_Init                             0x08000579   Thumb Code   130  stm32f429i_discovery_lcd.o(i.BSP_LCD_Init)
    BSP_LCD_LayerDefaultInit                 0x0800060d   Thumb Code   116  stm32f429i_discovery_lcd.o(i.BSP_LCD_LayerDefaultInit)
    BSP_LCD_MspInit                          0x0800068d   Thumb Code   270  stm32f429i_discovery_lcd.o(i.BSP_LCD_MspInit)
    BSP_LCD_SelectLayer                      0x080007b9   Thumb Code     6  stm32f429i_discovery_lcd.o(i.BSP_LCD_SelectLayer)
    BSP_LCD_SetFont                          0x080007c5   Thumb Code    18  stm32f429i_discovery_lcd.o(i.BSP_LCD_SetFont)
    BSP_LCD_SetTextColor                     0x080007e1   Thumb Code    16  stm32f429i_discovery_lcd.o(i.BSP_LCD_SetTextColor)
    BSP_SDRAM_Init                           0x080007f9   Thumb Code   106  stm32f429i_discovery_sdram.o(i.BSP_SDRAM_Init)
    BSP_SDRAM_Initialization_sequence        0x08000871   Thumb Code   132  stm32f429i_discovery_sdram.o(i.BSP_SDRAM_Initialization_sequence)
    BSP_SDRAM_MspInit                        0x080008f9   Thumb Code   320  stm32f429i_discovery_sdram.o(i.BSP_SDRAM_MspInit)
    BSP_TS_Init                              0x08000a5d   Thumb Code    48  stm32f429i_discovery_ts.o(i.BSP_TS_Init)
    BusFault_Handler                         0x08000a95   Thumb Code     2  stm32f4xx_it.o(i.BusFault_Handler)
    DebugMon_Handler                         0x08000ba9   Thumb Code     2  stm32f4xx_it.o(i.DebugMon_Handler)
    EXTI0_IRQHandler                         0x08000c61   Thumb Code     6  stm32f4xx_it.o(i.EXTI0_IRQHandler)
    Error_Handler                            0x08000c67   Thumb Code     2  main.o(i.Error_Handler)
    FMC_SDRAM_Init                           0x08000c69   Thumb Code    80  stm32f4xx_ll_fmc.o(i.FMC_SDRAM_Init)
    FMC_SDRAM_ProgramRefreshRate             0x08000cb9   Thumb Code    12  stm32f4xx_ll_fmc.o(i.FMC_SDRAM_ProgramRefreshRate)
    FMC_SDRAM_SendCommand                    0x08000cc5   Thumb Code    72  stm32f4xx_ll_fmc.o(i.FMC_SDRAM_SendCommand)
    FMC_SDRAM_Timing_Init                    0x08000d0d   Thumb Code   124  stm32f4xx_ll_fmc.o(i.FMC_SDRAM_Timing_Init)
    HAL_DMA2D_ConfigLayer                    0x08000ded   Thumb Code   162  stm32f4xx_hal_dma2d.o(i.HAL_DMA2D_ConfigLayer)
    HAL_DMA2D_Init                           0x08000e95   Thumb Code    90  stm32f4xx_hal_dma2d.o(i.HAL_DMA2D_Init)
    HAL_DMA2D_MspInit                        0x08000ef1   Thumb Code    30  dma2d.o(i.HAL_DMA2D_MspInit)
    HAL_DMA2D_PollForTransfer                0x08000f19   Thumb Code   268  stm32f4xx_hal_dma2d.o(i.HAL_DMA2D_PollForTransfer)
    HAL_DMA2D_Start                          0x08001025   Thumb Code    52  stm32f4xx_hal_dma2d.o(i.HAL_DMA2D_Start)
    HAL_DMA_DeInit                           0x08001059   Thumb Code    86  stm32f4xx_hal_dma.o(i.HAL_DMA_DeInit)
    HAL_DMA_Init                             0x080010b1   Thumb Code   206  stm32f4xx_hal_dma.o(i.HAL_DMA_Init)
    HAL_Delay                                0x08001185   Thumb Code    32  stm32f4xx_hal.o(i.HAL_Delay)
    HAL_GPIO_DeInit                          0x0800127d   Thumb Code   320  stm32f4xx_hal_gpio.o(i.HAL_GPIO_DeInit)
    HAL_GPIO_EXTI_Callback                   0x080013ed   Thumb Code     2  freertos.o(i.HAL_GPIO_EXTI_Callback)
    HAL_GPIO_EXTI_IRQHandler                 0x080013f1   Thumb Code    18  stm32f4xx_hal_gpio.o(i.HAL_GPIO_EXTI_IRQHandler)
    HAL_GPIO_Init                            0x08001409   Thumb Code   408  stm32f4xx_hal_gpio.o(i.HAL_GPIO_Init)
    HAL_GPIO_WritePin                        0x080015d5   Thumb Code    10  stm32f4xx_hal_gpio.o(i.HAL_GPIO_WritePin)
    HAL_GetTick                              0x080015e1   Thumb Code     6  stm32f4xx_hal.o(i.HAL_GetTick)
    HAL_I2CEx_ConfigAnalogFilter             0x080015ed   Thumb Code    66  stm32f4xx_hal_i2c_ex.o(i.HAL_I2CEx_ConfigAnalogFilter)
    HAL_I2CEx_ConfigDigitalFilter            0x0800162f   Thumb Code    62  stm32f4xx_hal_i2c_ex.o(i.HAL_I2CEx_ConfigDigitalFilter)
    HAL_I2C_DeInit                           0x0800166d   Thumb Code    50  stm32f4xx_hal_i2c.o(i.HAL_I2C_DeInit)
    HAL_I2C_GetState                         0x0800169f   Thumb Code     6  stm32f4xx_hal_i2c.o(i.HAL_I2C_GetState)
    HAL_I2C_Init                             0x080016a5   Thumb Code   254  stm32f4xx_hal_i2c.o(i.HAL_I2C_Init)
    HAL_I2C_Mem_Read                         0x080017ad   Thumb Code   496  stm32f4xx_hal_i2c.o(i.HAL_I2C_Mem_Read)
    HAL_I2C_Mem_Write                        0x080019a9   Thumb Code   306  stm32f4xx_hal_i2c.o(i.HAL_I2C_Mem_Write)
    HAL_I2C_MspDeInit                        0x08001ae5   Thumb Code    44  i2c.o(i.HAL_I2C_MspDeInit)
    HAL_I2C_MspInit                          0x08001b21   Thumb Code   126  i2c.o(i.HAL_I2C_MspInit)
    HAL_IncTick                              0x08001bb1   Thumb Code    12  stm32f4xx_hal.o(i.HAL_IncTick)
    HAL_Init                                 0x08001bc1   Thumb Code    48  stm32f4xx_hal.o(i.HAL_Init)
    HAL_InitTick                             0x08001bf5   Thumb Code   100  stm32f4xx_hal_timebase_tim.o(i.HAL_InitTick)
    HAL_LTDC_ConfigLayer                     0x08001c69   Thumb Code    82  stm32f4xx_hal_ltdc.o(i.HAL_LTDC_ConfigLayer)
    HAL_LTDC_EnableDither                    0x08001cbd   Thumb Code    42  stm32f4xx_hal_ltdc.o(i.HAL_LTDC_EnableDither)
    HAL_LTDC_Init                            0x08001ced   Thumb Code   238  stm32f4xx_hal_ltdc.o(i.HAL_LTDC_Init)
    HAL_LTDC_MspInit                         0x08001de1   Thumb Code   340  ltdc.o(i.HAL_LTDC_MspInit)
    HAL_MspInit                              0x08001f55   Thumb Code    52  stm32f4xx_hal_msp.o(i.HAL_MspInit)
    HAL_NVIC_EnableIRQ                       0x08001f8d   Thumb Code    22  stm32f4xx_hal_cortex.o(i.HAL_NVIC_EnableIRQ)
    HAL_NVIC_SetPriority                     0x08001fa5   Thumb Code    60  stm32f4xx_hal_cortex.o(i.HAL_NVIC_SetPriority)
    HAL_NVIC_SetPriorityGrouping             0x08001fe5   Thumb Code    26  stm32f4xx_hal_cortex.o(i.HAL_NVIC_SetPriorityGrouping)
    HAL_RCCEx_PeriphCLKConfig                0x08002009   Thumb Code   528  stm32f4xx_hal_rcc_ex.o(i.HAL_RCCEx_PeriphCLKConfig)
    HAL_RCC_ClockConfig                      0x0800223d   Thumb Code   286  stm32f4xx_hal_rcc.o(i.HAL_RCC_ClockConfig)
    HAL_RCC_GetClockConfig                   0x0800236d   Thumb Code    54  stm32f4xx_hal_rcc.o(i.HAL_RCC_GetClockConfig)
    HAL_RCC_GetPCLK1Freq                     0x080023ad   Thumb Code    20  stm32f4xx_hal_rcc.o(i.HAL_RCC_GetPCLK1Freq)
    HAL_RCC_GetPCLK2Freq                     0x080023cd   Thumb Code    20  stm32f4xx_hal_rcc.o(i.HAL_RCC_GetPCLK2Freq)
    HAL_RCC_GetSysClockFreq                  0x080023ed   Thumb Code    88  stm32f4xx_hal_rcc.o(i.HAL_RCC_GetSysClockFreq)
    HAL_RCC_OscConfig                        0x0800244d   Thumb Code   770  stm32f4xx_hal_rcc.o(i.HAL_RCC_OscConfig)
    HAL_SDRAM_Init                           0x08002769   Thumb Code    66  stm32f4xx_hal_sdram.o(i.HAL_SDRAM_Init)
    HAL_SDRAM_MspInit                        0x080027ab   Thumb Code     4  fmc.o(i.HAL_SDRAM_MspInit)
    HAL_SDRAM_ProgramRefreshRate             0x080027af   Thumb Code    34  stm32f4xx_hal_sdram.o(i.HAL_SDRAM_ProgramRefreshRate)
    HAL_SDRAM_SendCommand                    0x080027d1   Thumb Code    48  stm32f4xx_hal_sdram.o(i.HAL_SDRAM_SendCommand)
    HAL_SPI_DeInit                           0x08002801   Thumb Code    46  stm32f4xx_hal_spi.o(i.HAL_SPI_DeInit)
    HAL_SPI_GetState                         0x0800282f   Thumb Code     6  stm32f4xx_hal_spi.o(i.HAL_SPI_GetState)
    HAL_SPI_Init                             0x08002835   Thumb Code   128  stm32f4xx_hal_spi.o(i.HAL_SPI_Init)
    HAL_SPI_MspDeInit                        0x080028b5   Thumb Code    30  spi.o(i.HAL_SPI_MspDeInit)
    HAL_SPI_MspInit                          0x080028e1   Thumb Code    92  spi.o(i.HAL_SPI_MspInit)
    HAL_SPI_Receive                          0x08002949   Thumb Code   336  stm32f4xx_hal_spi.o(i.HAL_SPI_Receive)
    HAL_SPI_Transmit                         0x08002a99   Thumb Code   360  stm32f4xx_hal_spi.o(i.HAL_SPI_Transmit)
    HAL_SPI_TransmitReceive                  0x08002c01   Thumb Code   472  stm32f4xx_hal_spi.o(i.HAL_SPI_TransmitReceive)
    HAL_TIMEx_BreakCallback                  0x08002dd9   Thumb Code     2  stm32f4xx_hal_tim_ex.o(i.HAL_TIMEx_BreakCallback)
    HAL_TIMEx_CommutationCallback            0x08002ddb   Thumb Code     2  stm32f4xx_hal_tim_ex.o(i.HAL_TIMEx_CommutationCallback)
    HAL_TIM_Base_Init                        0x08002ddd   Thumb Code    54  stm32f4xx_hal_tim.o(i.HAL_TIM_Base_Init)
    HAL_TIM_Base_MspInit                     0x08002e13   Thumb Code     2  stm32f4xx_hal_tim.o(i.HAL_TIM_Base_MspInit)
    HAL_TIM_Base_Start_IT                    0x08002e15   Thumb Code    24  stm32f4xx_hal_tim.o(i.HAL_TIM_Base_Start_IT)
    HAL_TIM_IC_CaptureCallback               0x08002e2d   Thumb Code     2  stm32f4xx_hal_tim.o(i.HAL_TIM_IC_CaptureCallback)
    HAL_TIM_IRQHandler                       0x08002e2f   Thumb Code   358  stm32f4xx_hal_tim.o(i.HAL_TIM_IRQHandler)
    HAL_TIM_OC_DelayElapsedCallback          0x08002f95   Thumb Code     2  stm32f4xx_hal_tim.o(i.HAL_TIM_OC_DelayElapsedCallback)
    HAL_TIM_PWM_PulseFinishedCallback        0x08002f97   Thumb Code     2  stm32f4xx_hal_tim.o(i.HAL_TIM_PWM_PulseFinishedCallback)
    HAL_TIM_PeriodElapsedCallback            0x08002f99   Thumb Code    14  main.o(i.HAL_TIM_PeriodElapsedCallback)
    HAL_TIM_TriggerCallback                  0x08002fad   Thumb Code     2  stm32f4xx_hal_tim.o(i.HAL_TIM_TriggerCallback)
    HAL_UART_Init                            0x08002faf   Thumb Code    98  stm32f4xx_hal_uart.o(i.HAL_UART_Init)
    HAL_UART_MspInit                         0x08003011   Thumb Code    94  usart.o(i.HAL_UART_MspInit)
    HardFault_Handler                        0x0800307d   Thumb Code     2  stm32f4xx_it.o(i.HardFault_Handler)
    IOE_Delay                                0x08003535   Thumb Code     4  stm32f429i_discovery.o(i.IOE_Delay)
    IOE_ITConfig                             0x08003539   Thumb Code    68  stm32f429i_discovery.o(i.IOE_ITConfig)
    IOE_Init                                 0x08003589   Thumb Code     4  stm32f429i_discovery.o(i.IOE_Init)
    IOE_Read                                 0x0800358d   Thumb Code    44  stm32f429i_discovery.o(i.IOE_Read)
    IOE_ReadMultiple                         0x080035c1   Thumb Code    38  stm32f429i_discovery.o(i.IOE_ReadMultiple)
    IOE_Write                                0x080035f1   Thumb Code    40  stm32f429i_discovery.o(i.IOE_Write)
    LCD_Delay                                0x08003621   Thumb Code     4  stm32f429i_discovery.o(i.LCD_Delay)
    LCD_IO_Init                              0x08003625   Thumb Code   150  stm32f429i_discovery.o(i.LCD_IO_Init)
    LCD_IO_ReadData                          0x080036cd   Thumb Code    92  stm32f429i_discovery.o(i.LCD_IO_ReadData)
    LCD_IO_WriteData                         0x08003739   Thumb Code    46  stm32f429i_discovery.o(i.LCD_IO_WriteData)
    LCD_IO_WriteReg                          0x08003771   Thumb Code    48  stm32f429i_discovery.o(i.LCD_IO_WriteReg)
    MX_DMA2D_Init                            0x0800390d   Thumb Code    58  dma2d.o(i.MX_DMA2D_Init)
    MX_FMC_Init                              0x08003951   Thumb Code    74  fmc.o(i.MX_FMC_Init)
    MX_FREERTOS_Init                         0x080039a5   Thumb Code    94  freertos.o(i.MX_FREERTOS_Init)
    MX_GPIO_Init                             0x08003a15   Thumb Code   428  gpio.o(i.MX_GPIO_Init)
    MX_I2C3_Init                             0x08003be1   Thumb Code    78  i2c.o(i.MX_I2C3_Init)
    MX_LTDC_Init                             0x08003c3d   Thumb Code   208  ltdc.o(i.MX_LTDC_Init)
    MX_SPI5_Init                             0x08003d15   Thumb Code    60  spi.o(i.MX_SPI5_Init)
    MX_USART1_UART_Init                      0x08003d59   Thumb Code    48  usart.o(i.MX_USART1_UART_Init)
    MemManage_Handler                        0x08003d91   Thumb Code     2  stm32f4xx_it.o(i.MemManage_Handler)
    NMI_Handler                              0x08003d93   Thumb Code     2  stm32f4xx_it.o(i.NMI_Handler)
    StartMonitoraTouch                       0x08003f41   Thumb Code     8  freertos.o(i.StartMonitoraTouch)
    StartPrintaDisplay                       0x08003f49   Thumb Code     8  freertos.o(i.StartPrintaDisplay)
    SysTick_Handler                          0x08003f51   Thumb Code    38  port.o(i.SysTick_Handler)
    SystemClock_Config                       0x08003f7d   Thumb Code   148  main.o(i.SystemClock_Config)
    SystemInit                               0x08004019   Thumb Code    66  system_stm32f4xx.o(i.SystemInit)
    TIM1_UP_TIM10_IRQHandler                 0x0800406d   Thumb Code     6  stm32f4xx_it.o(i.TIM1_UP_TIM10_IRQHandler)
    TIM_Base_SetConfig                       0x08004079   Thumb Code   148  stm32f4xx_hal_tim.o(i.TIM_Base_SetConfig)
    UsageFault_Handler                       0x080043e5   Thumb Code     2  stm32f4xx_it.o(i.UsageFault_Handler)
    __scatterload_copy                       0x080043e7   Thumb Code    14  handlers.o(i.__scatterload_copy)
    __scatterload_null                       0x080043f5   Thumb Code     2  handlers.o(i.__scatterload_null)
    __scatterload_zeroinit                   0x080043f7   Thumb Code    14  handlers.o(i.__scatterload_zeroinit)
    ili9341_DisplayOff                       0x08004405   Thumb Code     6  ili9341.o(i.ili9341_DisplayOff)
    ili9341_DisplayOn                        0x0800440b   Thumb Code     6  ili9341.o(i.ili9341_DisplayOn)
    ili9341_GetLcdPixelHeight                0x08004411   Thumb Code     6  ili9341.o(i.ili9341_GetLcdPixelHeight)
    ili9341_GetLcdPixelWidth                 0x08004417   Thumb Code     4  ili9341.o(i.ili9341_GetLcdPixelWidth)
    ili9341_Init                             0x0800441b   Thumb Code   658  ili9341.o(i.ili9341_Init)
    ili9341_ReadID                           0x080046ad   Thumb Code    18  ili9341.o(i.ili9341_ReadID)
    main                                     0x080046c1   Thumb Code   116  main.o(i.main)
    osDelay                                  0x08004755   Thumb Code    14  cmsis_os.o(i.osDelay)
    osKernelStart                            0x08004763   Thumb Code    10  cmsis_os.o(i.osKernelStart)
    osSemaphoreCreate                        0x0800476d   Thumb Code    38  cmsis_os.o(i.osSemaphoreCreate)
    osThreadCreate                           0x08004793   Thumb Code    46  cmsis_os.o(i.osThreadCreate)
    pvPortMalloc                             0x08004bd5   Thumb Code   210  heap_4.o(i.pvPortMalloc)
    pxPortInitialiseStack                    0x08004cad   Thumb Code    40  port.o(i.pxPortInitialiseStack)
    stmpe811_ClearGlobalIT                   0x08004cd9   Thumb Code    10  stmpe811.o(i.stmpe811_ClearGlobalIT)
    stmpe811_DisableGlobalIT                 0x08004ce3   Thumb Code    28  stmpe811.o(i.stmpe811_DisableGlobalIT)
    stmpe811_DisableITSource                 0x08004cff   Thumb Code    30  stmpe811.o(i.stmpe811_DisableITSource)
    stmpe811_EnableGlobalIT                  0x08004d1d   Thumb Code    28  stmpe811.o(i.stmpe811_EnableGlobalIT)
    stmpe811_EnableITSource                  0x08004d39   Thumb Code    30  stmpe811.o(i.stmpe811_EnableITSource)
    stmpe811_IO_EnableAF                     0x08004d75   Thumb Code    30  stmpe811.o(i.stmpe811_IO_EnableAF)
    stmpe811_Init                            0x08004d95   Thumb Code    42  stmpe811.o(i.stmpe811_Init)
    stmpe811_ReadID                          0x08004dc5   Thumb Code    32  stmpe811.o(i.stmpe811_ReadID)
    stmpe811_Reset                           0x08004de5   Thumb Code    40  stmpe811.o(i.stmpe811_Reset)
    stmpe811_TS_ClearIT                      0x08004e0d   Thumb Code     6  stmpe811.o(i.stmpe811_TS_ClearIT)
    stmpe811_TS_DetectTouch                  0x08004e13   Thumb Code    54  stmpe811.o(i.stmpe811_TS_DetectTouch)
    stmpe811_TS_DisableIT                    0x08004e49   Thumb Code    20  stmpe811.o(i.stmpe811_TS_DisableIT)
    stmpe811_TS_EnableIT                     0x08004e5d   Thumb Code    26  stmpe811.o(i.stmpe811_TS_EnableIT)
    stmpe811_TS_GetXY                        0x08004e77   Thumb Code    62  stmpe811.o(i.stmpe811_TS_GetXY)
    stmpe811_TS_ITStatus                     0x08004eb5   Thumb Code    16  stmpe811.o(i.stmpe811_TS_ITStatus)
    stmpe811_TS_Start                        0x08004ec5   Thumb Code   162  stmpe811.o(i.stmpe811_TS_Start)
    uxListRemove                             0x08004f67   Thumb Code    36  list.o(i.uxListRemove)
    vListInitialise                          0x08004f8b   Thumb Code    22  list.o(i.vListInitialise)
    vListInitialiseItem                      0x08004fa1   Thumb Code     6  list.o(i.vListInitialiseItem)
    vListInsert                              0x08004fa7   Thumb Code    48  list.o(i.vListInsert)
    vListInsertEnd                           0x08004fd7   Thumb Code    24  list.o(i.vListInsertEnd)
    vPortEnterCritical                       0x08004ff1   Thumb Code    54  port.o(i.vPortEnterCritical)
    vPortExitCritical                        0x08005031   Thumb Code    34  port.o(i.vPortExitCritical)
    vPortFree                                0x08005059   Thumb Code    88  heap_4.o(i.vPortFree)
    vPortSetupTimerInterrupt                 0x080050b5   Thumb Code    26  port.o(i.vPortSetupTimerInterrupt)
    vTaskDelay                               0x080050d5   Thumb Code    66  tasks.o(i.vTaskDelay)
    vTaskMissedYield                         0x08005121   Thumb Code     8  tasks.o(i.vTaskMissedYield)
    vTaskPlaceOnEventList                    0x0800512d   Thumb Code    44  tasks.o(i.vTaskPlaceOnEventList)
    vTaskSetTimeOutState                     0x0800515d   Thumb Code    30  tasks.o(i.vTaskSetTimeOutState)
    vTaskStartScheduler                      0x08005181   Thumb Code    86  tasks.o(i.vTaskStartScheduler)
    vTaskSuspendAll                          0x080051e9   Thumb Code    10  tasks.o(i.vTaskSuspendAll)
    vTaskSwitchContext                       0x080051f9   Thumb Code    82  tasks.o(i.vTaskSwitchContext)
    xPortStartScheduler                      0x08005255   Thumb Code   202  port.o(i.xPortStartScheduler)
    xQueueGenericCreate                      0x08005335   Thumb Code    72  queue.o(i.xQueueGenericCreate)
    xQueueGenericReset                       0x0800537d   Thumb Code   132  queue.o(i.xQueueGenericReset)
    xQueueGenericSend                        0x08005405   Thumb Code   346  queue.o(i.xQueueGenericSend)
    xTaskCheckForTimeOut                     0x08005565   Thumb Code   102  tasks.o(i.xTaskCheckForTimeOut)
    xTaskCreate                              0x080055d1   Thumb Code    86  tasks.o(i.xTaskCreate)
    xTaskGetSchedulerState                   0x08005629   Thumb Code    22  tasks.o(i.xTaskGetSchedulerState)
    xTaskIncrementTick                       0x08005645   Thumb Code   192  tasks.o(i.xTaskIncrementTick)
    xTaskPriorityDisinherit                  0x0800570d   Thumb Code   144  tasks.o(i.xTaskPriorityDisinherit)
    xTaskRemoveFromEventList                 0x080057a5   Thumb Code   108  tasks.o(i.xTaskRemoveFromEventList)
    xTaskResumeAll                           0x08005819   Thumb Code   182  tasks.o(i.xTaskResumeAll)
    Font24_Table                             0x080058dc   Data        6840  stm32f429i_discovery_lcd.o(.constdata)
    AHBPrescTable                            0x080073c4   Data          16  system_stm32f4xx.o(.constdata)
    APBPrescTable                            0x080073d4   Data           8  system_stm32f4xx.o(.constdata)
    Region$$Table$$Base                      0x080073fc   Number         0  anon$$obj.o(Region$$Table)
    Region$$Table$$Limit                     0x0800741c   Number         0  anon$$obj.o(Region$$Table)
    BUTTON_PORT                              0x20000004   Data           4  stm32f429i_discovery.o(.data)
    I2cxTimeout                              0x20000008   Data           4  stm32f429i_discovery.o(.data)
    SpixTimeout                              0x2000000c   Data           4  stm32f429i_discovery.o(.data)
    GPIO_PORT                                0x20000010   Data           8  stm32f429i_discovery.o(.data)
    LcdDrv                                   0x2000001c   Data           4  stm32f429i_discovery_lcd.o(.data)
    Font24                                   0x20000020   Data           8  stm32f429i_discovery_lcd.o(.data)
    ili9341_drv                              0x2000003c   Data          56  ili9341.o(.data)
    stmpe811_ts_drv                          0x20000074   Data          40  stmpe811.o(.data)
    stmpe811                                 0x2000009c   Data           2  stmpe811.o(.data)
    PrintaDisplayHandle                      0x200000a8   Data           4  freertos.o(.data)
    MonitoraTouchHandle                      0x200000ac   Data           4  freertos.o(.data)
    myBinarySem01Handle                      0x200000b0   Data           4  freertos.o(.data)
    myBinarySem02Handle                      0x200000b4   Data           4  freertos.o(.data)
    uwTickFreq                               0x200000b8   Data           1  stm32f4xx_hal.o(.data)
    uwTickPrio                               0x200000bc   Data           4  stm32f4xx_hal.o(.data)
    uwTick                                   0x200000c0   Data           4  stm32f4xx_hal.o(.data)
    SystemCoreClock                          0x200000c4   Data           4  system_stm32f4xx.o(.data)
    pxCurrentTCB                             0x200000c8   Data           4  tasks.o(.data)
    I2cHandle                                0x20000128   Data          84  stm32f429i_discovery.o(.bss)
    LtdcHandler                              0x200001d4   Data         168  stm32f429i_discovery_lcd.o(.bss)
    hdma2d                                   0x20000424   Data          64  dma2d.o(.bss)
    hsdram1                                  0x20000464   Data          52  fmc.o(.bss)
    c                                        0x20000498   Data          60  freertos.o(.bss)
    hi2c3                                    0x200004d4   Data          84  i2c.o(.bss)
    hltdc                                    0x20000528   Data         168  ltdc.o(.bss)
    hspi5                                    0x200005d0   Data          88  spi.o(.bss)
    huart1                                   0x20000628   Data          64  usart.o(.bss)
    htim1                                    0x20000668   Data          60  stm32f4xx_hal_timebase_tim.o(.bss)
    __initial_sp                             0x20004798   Data           0  startup_stm32f429xx.o(STACK)



==============================================================================

Memory Map of the image

  Image Entry point : 0x080001ad

  Load Region LR_IROM1 (Base: 0x08000000, Size: 0x00007544, Max: 0x00200000, ABSOLUTE)

    Execution Region ER_IROM1 (Exec base: 0x08000000, Load base: 0x08000000, Size: 0x0000741c, Max: 0x00200000, ABSOLUTE)

    Exec Addr    Load Addr    Size         Type   Attr      Idx    E Section Name        Object

    0x08000000   0x08000000   0x000001ac   Data   RO            3    RESET               startup_stm32f429xx.o
    0x080001ac   0x080001ac   0x00000000   Code   RO         6775  * .ARM.Collect$$$$00000000  mc_w.l(entry.o)
    0x080001ac   0x080001ac   0x00000004   Code   RO         6786    .ARM.Collect$$$$00000001  mc_w.l(entry2.o)
    0x080001b0   0x080001b0   0x00000004   Code   RO         6789    .ARM.Collect$$$$00000004  mc_w.l(entry5.o)
    0x080001b4   0x080001b4   0x00000000   Code   RO         6791    .ARM.Collect$$$$00000008  mc_w.l(entry7b.o)
    0x080001b4   0x080001b4   0x00000000   Code   RO         6793    .ARM.Collect$$$$0000000A  mc_w.l(entry8b.o)
    0x080001b4   0x080001b4   0x00000008   Code   RO         6794    .ARM.Collect$$$$0000000B  mc_w.l(entry9a.o)
    0x080001bc   0x080001bc   0x00000000   Code   RO         6796    .ARM.Collect$$$$0000000D  mc_w.l(entry10a.o)
    0x080001bc   0x080001bc   0x00000000   Code   RO         6798    .ARM.Collect$$$$0000000F  mc_w.l(entry11a.o)
    0x080001bc   0x080001bc   0x00000004   Code   RO         6787    .ARM.Collect$$$$00002712  mc_w.l(entry2.o)
    0x080001c0   0x080001c0   0x000000ba   Code   RO         6698    .emb_text           port.o
    0x0800027a   0x0800027a   0x00000002   PAD
    0x0800027c   0x0800027c   0x00000024   Code   RO            4    .text               startup_stm32f429xx.o
    0x080002a0   0x080002a0   0x00000062   Code   RO         6778    .text               mc_w.l(uldiv.o)
    0x08000302   0x08000302   0x00000024   Code   RO         6780    .text               mc_w.l(memcpya.o)
    0x08000326   0x08000326   0x00000024   Code   RO         6782    .text               mc_w.l(memseta.o)
    0x0800034a   0x0800034a   0x0000001e   Code   RO         6800    .text               mc_w.l(llshl.o)
    0x08000368   0x08000368   0x00000020   Code   RO         6802    .text               mc_w.l(llushr.o)
    0x08000388   0x08000388   0x00000024   Code   RO         6804    .text               mc_w.l(init.o)
    0x080003ac   0x080003ac   0x0000003c   Code   RO          396    i.BSP_LCD_Clear     stm32f429i_discovery_lcd.o
    0x080003e8   0x080003e8   0x00000034   Code   RO          398    i.BSP_LCD_DisplayChar  stm32f429i_discovery_lcd.o
    0x0800041c   0x0800041c   0x00000014   Code   RO          400    i.BSP_LCD_DisplayOn  stm32f429i_discovery_lcd.o
    0x08000430   0x08000430   0x000000c4   Code   RO          401    i.BSP_LCD_DisplayStringAt  stm32f429i_discovery_lcd.o
    0x080004f4   0x080004f4   0x0000001c   Code   RO          402    i.BSP_LCD_DisplayStringAtLine  stm32f429i_discovery_lcd.o
    0x08000510   0x08000510   0x00000034   Code   RO          408    i.BSP_LCD_DrawPixel  stm32f429i_discovery_lcd.o
    0x08000544   0x08000544   0x0000001c   Code   RO          418    i.BSP_LCD_GetFont   stm32f429i_discovery_lcd.o
    0x08000560   0x08000560   0x0000000c   Code   RO          420    i.BSP_LCD_GetXSize  stm32f429i_discovery_lcd.o
    0x0800056c   0x0800056c   0x0000000c   Code   RO          421    i.BSP_LCD_GetYSize  stm32f429i_discovery_lcd.o
    0x08000578   0x08000578   0x00000094   Code   RO          422    i.BSP_LCD_Init      stm32f429i_discovery_lcd.o
    0x0800060c   0x0800060c   0x00000080   Code   RO          423    i.BSP_LCD_LayerDefaultInit  stm32f429i_discovery_lcd.o
    0x0800068c   0x0800068c   0x0000012c   Code   RO          424    i.BSP_LCD_MspInit   stm32f429i_discovery_lcd.o
    0x080007b8   0x080007b8   0x0000000c   Code   RO          429    i.BSP_LCD_SelectLayer  stm32f429i_discovery_lcd.o
    0x080007c4   0x080007c4   0x0000001c   Code   RO          433    i.BSP_LCD_SetFont   stm32f429i_discovery_lcd.o
    0x080007e0   0x080007e0   0x00000018   Code   RO          440    i.BSP_LCD_SetTextColor  stm32f429i_discovery_lcd.o
    0x080007f8   0x080007f8   0x00000078   Code   RO          751    i.BSP_SDRAM_Init    stm32f429i_discovery_sdram.o
    0x08000870   0x08000870   0x00000088   Code   RO          752    i.BSP_SDRAM_Initialization_sequence  stm32f429i_discovery_sdram.o
    0x080008f8   0x080008f8   0x00000164   Code   RO          754    i.BSP_SDRAM_MspInit  stm32f429i_discovery_sdram.o
    0x08000a5c   0x08000a5c   0x00000038   Code   RO          835    i.BSP_TS_Init       stm32f429i_discovery_ts.o
    0x08000a94   0x08000a94   0x00000002   Code   RO         1638    i.BusFault_Handler  stm32f4xx_it.o
    0x08000a96   0x08000a96   0x00000096   Code   RO         1771    i.DMA2D_SetConfig   stm32f4xx_hal_dma2d.o
    0x08000b2c   0x08000b2c   0x00000028   Code   RO         5049    i.DMA_CalcBaseAndBitshift  stm32f4xx_hal_dma.o
    0x08000b54   0x08000b54   0x00000054   Code   RO         5050    i.DMA_CheckFifoParam  stm32f4xx_hal_dma.o
    0x08000ba8   0x08000ba8   0x00000002   Code   RO         1639    i.DebugMon_Handler  stm32f4xx_it.o
    0x08000baa   0x08000baa   0x00000002   PAD
    0x08000bac   0x08000bac   0x000000b4   Code   RO          444    i.DrawChar          stm32f429i_discovery_lcd.o
    0x08000c60   0x08000c60   0x00000006   Code   RO         1640    i.EXTI0_IRQHandler  stm32f4xx_it.o
    0x08000c66   0x08000c66   0x00000002   Code   RO         1163    i.Error_Handler     main.o
    0x08000c68   0x08000c68   0x00000050   Code   RO         1988    i.FMC_SDRAM_Init    stm32f4xx_ll_fmc.o
    0x08000cb8   0x08000cb8   0x0000000c   Code   RO         1989    i.FMC_SDRAM_ProgramRefreshRate  stm32f4xx_ll_fmc.o
    0x08000cc4   0x08000cc4   0x00000048   Code   RO         1990    i.FMC_SDRAM_SendCommand  stm32f4xx_ll_fmc.o
    0x08000d0c   0x08000d0c   0x00000080   Code   RO         1992    i.FMC_SDRAM_Timing_Init  stm32f4xx_ll_fmc.o
    0x08000d8c   0x08000d8c   0x00000060   Code   RO          445    i.FillBuffer        stm32f429i_discovery_lcd.o
    0x08000dec   0x08000dec   0x000000a8   Code   RO         1783    i.HAL_DMA2D_ConfigLayer  stm32f4xx_hal_dma2d.o
    0x08000e94   0x08000e94   0x0000005a   Code   RO         1791    i.HAL_DMA2D_Init    stm32f4xx_hal_dma2d.o
    0x08000eee   0x08000eee   0x00000002   PAD
    0x08000ef0   0x08000ef0   0x00000028   Code   RO         1315    i.HAL_DMA2D_MspInit  dma2d.o
    0x08000f18   0x08000f18   0x0000010c   Code   RO         1795    i.HAL_DMA2D_PollForTransfer  stm32f4xx_hal_dma2d.o
    0x08001024   0x08001024   0x00000034   Code   RO         1798    i.HAL_DMA2D_Start   stm32f4xx_hal_dma2d.o
    0x08001058   0x08001058   0x00000056   Code   RO         5054    i.HAL_DMA_DeInit    stm32f4xx_hal_dma.o
    0x080010ae   0x080010ae   0x00000002   PAD
    0x080010b0   0x080010b0   0x000000d4   Code   RO         5058    i.HAL_DMA_Init      stm32f4xx_hal_dma.o
    0x08001184   0x08001184   0x00000024   Code   RO         5489    i.HAL_Delay         stm32f4xx_hal.o
    0x080011a8   0x080011a8   0x000000d4   Code   RO         1356    i.HAL_FMC_MspInit   fmc.o
    0x0800127c   0x0800127c   0x00000170   Code   RO         4942    i.HAL_GPIO_DeInit   stm32f4xx_hal_gpio.o
    0x080013ec   0x080013ec   0x00000002   Code   RO         1404    i.HAL_GPIO_EXTI_Callback  freertos.o
    0x080013ee   0x080013ee   0x00000002   PAD
    0x080013f0   0x080013f0   0x00000018   Code   RO         4944    i.HAL_GPIO_EXTI_IRQHandler  stm32f4xx_hal_gpio.o
    0x08001408   0x08001408   0x000001cc   Code   RO         4945    i.HAL_GPIO_Init     stm32f4xx_hal_gpio.o
    0x080015d4   0x080015d4   0x0000000a   Code   RO         4949    i.HAL_GPIO_WritePin  stm32f4xx_hal_gpio.o
    0x080015de   0x080015de   0x00000002   PAD
    0x080015e0   0x080015e0   0x0000000c   Code   RO         5497    i.HAL_GetTick       stm32f4xx_hal.o
    0x080015ec   0x080015ec   0x00000042   Code   RO         2702    i.HAL_I2CEx_ConfigAnalogFilter  stm32f4xx_hal_i2c_ex.o
    0x0800162e   0x0800162e   0x0000003e   Code   RO         2703    i.HAL_I2CEx_ConfigDigitalFilter  stm32f4xx_hal_i2c_ex.o
    0x0800166c   0x0800166c   0x00000032   Code   RO         2306    i.HAL_I2C_DeInit    stm32f4xx_hal_i2c.o
    0x0800169e   0x0800169e   0x00000006   Code   RO         2314    i.HAL_I2C_GetState  stm32f4xx_hal_i2c.o
    0x080016a4   0x080016a4   0x00000108   Code   RO         2315    i.HAL_I2C_Init      stm32f4xx_hal_i2c.o
    0x080017ac   0x080017ac   0x000001fc   Code   RO         2331    i.HAL_I2C_Mem_Read  stm32f4xx_hal_i2c.o
    0x080019a8   0x080019a8   0x0000013c   Code   RO         2334    i.HAL_I2C_Mem_Write  stm32f4xx_hal_i2c.o
    0x08001ae4   0x08001ae4   0x0000003c   Code   RO         1470    i.HAL_I2C_MspDeInit  i2c.o
    0x08001b20   0x08001b20   0x00000090   Code   RO         1471    i.HAL_I2C_MspInit   i2c.o
    0x08001bb0   0x08001bb0   0x00000010   Code   RO         5501    i.HAL_IncTick       stm32f4xx_hal.o
    0x08001bc0   0x08001bc0   0x00000034   Code   RO         5502    i.HAL_Init          stm32f4xx_hal.o
    0x08001bf4   0x08001bf4   0x00000074   Code   RO         1732    i.HAL_InitTick      stm32f4xx_hal_timebase_tim.o
    0x08001c68   0x08001c68   0x00000052   Code   RO         2735    i.HAL_LTDC_ConfigLayer  stm32f4xx_hal_ltdc.o
    0x08001cba   0x08001cba   0x00000002   PAD
    0x08001cbc   0x08001cbc   0x00000030   Code   RO         2747    i.HAL_LTDC_EnableDither  stm32f4xx_hal_ltdc.o
    0x08001cec   0x08001cec   0x000000f4   Code   RO         2752    i.HAL_LTDC_Init     stm32f4xx_hal_ltdc.o
    0x08001de0   0x08001de0   0x00000174   Code   RO         1513    i.HAL_LTDC_MspInit  ltdc.o
    0x08001f54   0x08001f54   0x00000038   Code   RO         1708    i.HAL_MspInit       stm32f4xx_hal_msp.o
    0x08001f8c   0x08001f8c   0x00000016   Code   RO         5352    i.HAL_NVIC_EnableIRQ  stm32f4xx_hal_cortex.o
    0x08001fa2   0x08001fa2   0x00000002   PAD
    0x08001fa4   0x08001fa4   0x00000040   Code   RO         5358    i.HAL_NVIC_SetPriority  stm32f4xx_hal_cortex.o
    0x08001fe4   0x08001fe4   0x00000024   Code   RO         5359    i.HAL_NVIC_SetPriorityGrouping  stm32f4xx_hal_cortex.o
    0x08002008   0x08002008   0x00000234   Code   RO         4646    i.HAL_RCCEx_PeriphCLKConfig  stm32f4xx_hal_rcc_ex.o
    0x0800223c   0x0800223c   0x00000130   Code   RO         4539    i.HAL_RCC_ClockConfig  stm32f4xx_hal_rcc.o
    0x0800236c   0x0800236c   0x00000040   Code   RO         4543    i.HAL_RCC_GetClockConfig  stm32f4xx_hal_rcc.o
    0x080023ac   0x080023ac   0x00000020   Code   RO         4546    i.HAL_RCC_GetPCLK1Freq  stm32f4xx_hal_rcc.o
    0x080023cc   0x080023cc   0x00000020   Code   RO         4547    i.HAL_RCC_GetPCLK2Freq  stm32f4xx_hal_rcc.o
    0x080023ec   0x080023ec   0x00000060   Code   RO         4548    i.HAL_RCC_GetSysClockFreq  stm32f4xx_hal_rcc.o
    0x0800244c   0x0800244c   0x0000031c   Code   RO         4551    i.HAL_RCC_OscConfig  stm32f4xx_hal_rcc.o
    0x08002768   0x08002768   0x00000042   Code   RO         2154    i.HAL_SDRAM_Init    stm32f4xx_hal_sdram.o
    0x080027aa   0x080027aa   0x00000004   Code   RO         1358    i.HAL_SDRAM_MspInit  fmc.o
    0x080027ae   0x080027ae   0x00000022   Code   RO         2157    i.HAL_SDRAM_ProgramRefreshRate  stm32f4xx_hal_sdram.o
    0x080027d0   0x080027d0   0x00000030   Code   RO         2163    i.HAL_SDRAM_SendCommand  stm32f4xx_hal_sdram.o
    0x08002800   0x08002800   0x0000002e   Code   RO         3031    i.HAL_SPI_DeInit    stm32f4xx_hal_spi.o
    0x0800282e   0x0800282e   0x00000006   Code   RO         3034    i.HAL_SPI_GetState  stm32f4xx_hal_spi.o
    0x08002834   0x08002834   0x00000080   Code   RO         3036    i.HAL_SPI_Init      stm32f4xx_hal_spi.o
    0x080028b4   0x080028b4   0x0000002c   Code   RO         1554    i.HAL_SPI_MspDeInit  spi.o
    0x080028e0   0x080028e0   0x00000068   Code   RO         1555    i.HAL_SPI_MspInit   spi.o
    0x08002948   0x08002948   0x00000150   Code   RO         3039    i.HAL_SPI_Receive   stm32f4xx_hal_spi.o
    0x08002a98   0x08002a98   0x00000168   Code   RO         3044    i.HAL_SPI_Transmit  stm32f4xx_hal_spi.o
    0x08002c00   0x08002c00   0x000001d8   Code   RO         3045    i.HAL_SPI_TransmitReceive  stm32f4xx_hal_spi.o
    0x08002dd8   0x08002dd8   0x00000002   Code   RO         3973    i.HAL_TIMEx_BreakCallback  stm32f4xx_hal_tim_ex.o
    0x08002dda   0x08002dda   0x00000002   Code   RO         3974    i.HAL_TIMEx_CommutationCallback  stm32f4xx_hal_tim_ex.o
    0x08002ddc   0x08002ddc   0x00000036   Code   RO         3344    i.HAL_TIM_Base_Init  stm32f4xx_hal_tim.o
    0x08002e12   0x08002e12   0x00000002   Code   RO         3346    i.HAL_TIM_Base_MspInit  stm32f4xx_hal_tim.o
    0x08002e14   0x08002e14   0x00000018   Code   RO         3349    i.HAL_TIM_Base_Start_IT  stm32f4xx_hal_tim.o
    0x08002e2c   0x08002e2c   0x00000002   Code   RO         3373    i.HAL_TIM_IC_CaptureCallback  stm32f4xx_hal_tim.o
    0x08002e2e   0x08002e2e   0x00000166   Code   RO         3386    i.HAL_TIM_IRQHandler  stm32f4xx_hal_tim.o
    0x08002f94   0x08002f94   0x00000002   Code   RO         3389    i.HAL_TIM_OC_DelayElapsedCallback  stm32f4xx_hal_tim.o
    0x08002f96   0x08002f96   0x00000002   Code   RO         3416    i.HAL_TIM_PWM_PulseFinishedCallback  stm32f4xx_hal_tim.o
    0x08002f98   0x08002f98   0x00000014   Code   RO         1164    i.HAL_TIM_PeriodElapsedCallback  main.o
    0x08002fac   0x08002fac   0x00000002   Code   RO         3427    i.HAL_TIM_TriggerCallback  stm32f4xx_hal_tim.o
    0x08002fae   0x08002fae   0x00000062   Code   RO         4237    i.HAL_UART_Init     stm32f4xx_hal_uart.o
    0x08003010   0x08003010   0x0000006c   Code   RO         1597    i.HAL_UART_MspInit  usart.o
    0x0800307c   0x0800307c   0x00000002   Code   RO         1641    i.HardFault_Handler  stm32f4xx_it.o
    0x0800307e   0x0800307e   0x00000028   Code   RO         2353    i.I2C_IsAcknowledgeFailed  stm32f4xx_hal_i2c.o
    0x080030a6   0x080030a6   0x000000f0   Code   RO         2362    i.I2C_RequestMemoryRead  stm32f4xx_hal_i2c.o
    0x08003196   0x08003196   0x00000002   PAD
    0x08003198   0x08003198   0x000000a0   Code   RO         2363    i.I2C_RequestMemoryWrite  stm32f4xx_hal_i2c.o
    0x08003238   0x08003238   0x0000004e   Code   RO         2366    i.I2C_WaitOnBTFFlagUntilTimeout  stm32f4xx_hal_i2c.o
    0x08003286   0x08003286   0x00000060   Code   RO         2367    i.I2C_WaitOnFlagUntilTimeout  stm32f4xx_hal_i2c.o
    0x080032e6   0x080032e6   0x00000002   PAD
    0x080032e8   0x080032e8   0x00000088   Code   RO         2368    i.I2C_WaitOnMasterAddressFlagUntilTimeout  stm32f4xx_hal_i2c.o
    0x08003370   0x08003370   0x00000062   Code   RO         2369    i.I2C_WaitOnRXNEFlagUntilTimeout  stm32f4xx_hal_i2c.o
    0x080033d2   0x080033d2   0x0000004e   Code   RO         2370    i.I2C_WaitOnTXEFlagUntilTimeout  stm32f4xx_hal_i2c.o
    0x08003420   0x08003420   0x00000014   Code   RO           23    i.I2Cx_Error        stm32f429i_discovery.o
    0x08003434   0x08003434   0x00000048   Code   RO           24    i.I2Cx_Init         stm32f429i_discovery.o
    0x0800347c   0x0800347c   0x000000b8   Code   RO           25    i.I2Cx_MspInit      stm32f429i_discovery.o
    0x08003534   0x08003534   0x00000004   Code   RO           26    i.IOE_Delay         stm32f429i_discovery.o
    0x08003538   0x08003538   0x00000050   Code   RO           27    i.IOE_ITConfig      stm32f429i_discovery.o
    0x08003588   0x08003588   0x00000004   Code   RO           28    i.IOE_Init          stm32f429i_discovery.o
    0x0800358c   0x0800358c   0x00000034   Code   RO           29    i.IOE_Read          stm32f429i_discovery.o
    0x080035c0   0x080035c0   0x00000030   Code   RO           30    i.IOE_ReadMultiple  stm32f429i_discovery.o
    0x080035f0   0x080035f0   0x00000030   Code   RO           31    i.IOE_Write         stm32f429i_discovery.o
    0x08003620   0x08003620   0x00000004   Code   RO           33    i.LCD_Delay         stm32f429i_discovery.o
    0x08003624   0x08003624   0x000000a8   Code   RO           34    i.LCD_IO_Init       stm32f429i_discovery.o
    0x080036cc   0x080036cc   0x0000006c   Code   RO           35    i.LCD_IO_ReadData   stm32f429i_discovery.o
    0x08003738   0x08003738   0x00000038   Code   RO           36    i.LCD_IO_WriteData  stm32f429i_discovery.o
    0x08003770   0x08003770   0x00000038   Code   RO           37    i.LCD_IO_WriteReg   stm32f429i_discovery.o
    0x080037a8   0x080037a8   0x00000162   Code   RO         2771    i.LTDC_SetConfig    stm32f4xx_hal_ltdc.o
    0x0800390a   0x0800390a   0x00000002   PAD
    0x0800390c   0x0800390c   0x00000044   Code   RO         1316    i.MX_DMA2D_Init     dma2d.o
    0x08003950   0x08003950   0x00000054   Code   RO         1359    i.MX_FMC_Init       fmc.o
    0x080039a4   0x080039a4   0x00000070   Code   RO         1405    i.MX_FREERTOS_Init  freertos.o
    0x08003a14   0x08003a14   0x000001cc   Code   RO         1290    i.MX_GPIO_Init      gpio.o
    0x08003be0   0x08003be0   0x0000005c   Code   RO         1472    i.MX_I2C3_Init      i2c.o
    0x08003c3c   0x08003c3c   0x000000d8   Code   RO         1514    i.MX_LTDC_Init      ltdc.o
    0x08003d14   0x08003d14   0x00000044   Code   RO         1556    i.MX_SPI5_Init      spi.o
    0x08003d58   0x08003d58   0x00000038   Code   RO         1598    i.MX_USART1_UART_Init  usart.o
    0x08003d90   0x08003d90   0x00000002   Code   RO         1642    i.MemManage_Handler  stm32f4xx_it.o
    0x08003d92   0x08003d92   0x00000002   Code   RO         1643    i.NMI_Handler       stm32f4xx_it.o
    0x08003d94   0x08003d94   0x00000020   Code   RO         5365    i.NVIC_SetPriority  stm32f4xx_hal_cortex.o
    0x08003db4   0x08003db4   0x00000020   Code   RO         3060    i.SPI_CheckFlag_BSY  stm32f4xx_hal_spi.o
    0x08003dd4   0x08003dd4   0x00000096   Code   RO         3078    i.SPI_WaitFlagStateUntilTimeout  stm32f4xx_hal_spi.o
    0x08003e6a   0x08003e6a   0x00000002   PAD
    0x08003e6c   0x08003e6c   0x00000014   Code   RO           38    i.SPIx_Error        stm32f429i_discovery.o
    0x08003e80   0x08003e80   0x0000009c   Code   RO           39    i.SPIx_Init         stm32f429i_discovery.o
    0x08003f1c   0x08003f1c   0x00000024   Code   RO           40    i.SPIx_Write        stm32f429i_discovery.o
    0x08003f40   0x08003f40   0x00000008   Code   RO         1406    i.StartMonitoraTouch  freertos.o
    0x08003f48   0x08003f48   0x00000008   Code   RO         1407    i.StartPrintaDisplay  freertos.o
    0x08003f50   0x08003f50   0x0000002c   Code   RO         6699    i.SysTick_Handler   port.o
    0x08003f7c   0x08003f7c   0x0000009c   Code   RO         1165    i.SystemClock_Config  main.o
    0x08004018   0x08004018   0x00000054   Code   RO         5666    i.SystemInit        system_stm32f4xx.o
    0x0800406c   0x0800406c   0x0000000c   Code   RO         1644    i.TIM1_UP_TIM10_IRQHandler  stm32f4xx_it.o
    0x08004078   0x08004078   0x000000c0   Code   RO         3428    i.TIM_Base_SetConfig  stm32f4xx_hal_tim.o
    0x08004138   0x08004138   0x000002ac   Code   RO         4263    i.UART_SetConfig    stm32f4xx_hal_uart.o
    0x080043e4   0x080043e4   0x00000002   Code   RO         1645    i.UsageFault_Handler  stm32f4xx_it.o
    0x080043e6   0x080043e6   0x0000000e   Code   RO         6808    i.__scatterload_copy  mc_w.l(handlers.o)
    0x080043f4   0x080043f4   0x00000002   Code   RO         6809    i.__scatterload_null  mc_w.l(handlers.o)
    0x080043f6   0x080043f6   0x0000000e   Code   RO         6810    i.__scatterload_zeroinit  mc_w.l(handlers.o)
    0x08004404   0x08004404   0x00000006   Code   RO          881    i.ili9341_DisplayOff  ili9341.o
    0x0800440a   0x0800440a   0x00000006   Code   RO          882    i.ili9341_DisplayOn  ili9341.o
    0x08004410   0x08004410   0x00000006   Code   RO          883    i.ili9341_GetLcdPixelHeight  ili9341.o
    0x08004416   0x08004416   0x00000004   Code   RO          884    i.ili9341_GetLcdPixelWidth  ili9341.o
    0x0800441a   0x0800441a   0x00000292   Code   RO          885    i.ili9341_Init      ili9341.o
    0x080046ac   0x080046ac   0x00000012   Code   RO          887    i.ili9341_ReadID    ili9341.o
    0x080046be   0x080046be   0x00000002   PAD
    0x080046c0   0x080046c0   0x00000088   Code   RO         1166    i.main              main.o
    0x08004748   0x08004748   0x0000000c   Code   RO         6264    i.makeFreeRtosPriority  cmsis_os.o
    0x08004754   0x08004754   0x0000000e   Code   RO         6266    i.osDelay           cmsis_os.o
    0x08004762   0x08004762   0x0000000a   Code   RO         6269    i.osKernelStart     cmsis_os.o
    0x0800476c   0x0800476c   0x00000026   Code   RO         6295    i.osSemaphoreCreate  cmsis_os.o
    0x08004792   0x08004792   0x0000002e   Code   RO         6303    i.osThreadCreate    cmsis_os.o
    0x080047c0   0x080047c0   0x00000070   Code   RO         5975    i.prvAddCurrentTaskToDelayedList  tasks.o
    0x08004830   0x08004830   0x000000d0   Code   RO         5976    i.prvAddNewTaskToReadyList  tasks.o
    0x08004900   0x08004900   0x00000050   Code   RO         5977    i.prvCheckTasksWaitingTermination  tasks.o
    0x08004950   0x08004950   0x0000006c   Code   RO         5836    i.prvCopyDataToQueue  queue.o
    0x080049bc   0x080049bc   0x00000014   Code   RO         5978    i.prvDeleteTCB      tasks.o
    0x080049d0   0x080049d0   0x0000004c   Code   RO         6637    i.prvHeapInit       heap_4.o
    0x08004a1c   0x08004a1c   0x00000028   Code   RO         5979    i.prvIdleTask       tasks.o
    0x08004a44   0x08004a44   0x0000008e   Code   RO         5980    i.prvInitialiseNewTask  tasks.o
    0x08004ad2   0x08004ad2   0x00000002   PAD
    0x08004ad4   0x08004ad4   0x0000004c   Code   RO         6638    i.prvInsertBlockIntoFreeList  heap_4.o
    0x08004b20   0x08004b20   0x00000020   Code   RO         5981    i.prvResetNextTaskUnblockTime  tasks.o
    0x08004b40   0x08004b40   0x00000028   Code   RO         6700    i.prvTaskExitError  port.o
    0x08004b68   0x08004b68   0x0000006a   Code   RO         5838    i.prvUnlockQueue    queue.o
    0x08004bd2   0x08004bd2   0x00000002   PAD
    0x08004bd4   0x08004bd4   0x000000d8   Code   RO         6639    i.pvPortMalloc      heap_4.o
    0x08004cac   0x08004cac   0x0000002c   Code   RO         6701    i.pxPortInitialiseStack  port.o
    0x08004cd8   0x08004cd8   0x0000000a   Code   RO          949    i.stmpe811_ClearGlobalIT  stmpe811.o
    0x08004ce2   0x08004ce2   0x0000001c   Code   RO          950    i.stmpe811_DisableGlobalIT  stmpe811.o
    0x08004cfe   0x08004cfe   0x0000001e   Code   RO          951    i.stmpe811_DisableITSource  stmpe811.o
    0x08004d1c   0x08004d1c   0x0000001c   Code   RO          952    i.stmpe811_EnableGlobalIT  stmpe811.o
    0x08004d38   0x08004d38   0x0000001e   Code   RO          953    i.stmpe811_EnableITSource  stmpe811.o
    0x08004d56   0x08004d56   0x00000002   PAD
    0x08004d58   0x08004d58   0x0000001c   Code   RO          954    i.stmpe811_GetInstance  stmpe811.o
    0x08004d74   0x08004d74   0x0000001e   Code   RO          961    i.stmpe811_IO_EnableAF  stmpe811.o
    0x08004d92   0x08004d92   0x00000002   PAD
    0x08004d94   0x08004d94   0x00000030   Code   RO          970    i.stmpe811_Init     stmpe811.o
    0x08004dc4   0x08004dc4   0x00000020   Code   RO          972    i.stmpe811_ReadID   stmpe811.o
    0x08004de4   0x08004de4   0x00000028   Code   RO          973    i.stmpe811_Reset    stmpe811.o
    0x08004e0c   0x08004e0c   0x00000006   Code   RO          976    i.stmpe811_TS_ClearIT  stmpe811.o
    0x08004e12   0x08004e12   0x00000036   Code   RO          977    i.stmpe811_TS_DetectTouch  stmpe811.o
    0x08004e48   0x08004e48   0x00000014   Code   RO          978    i.stmpe811_TS_DisableIT  stmpe811.o
    0x08004e5c   0x08004e5c   0x0000001a   Code   RO          979    i.stmpe811_TS_EnableIT  stmpe811.o
    0x08004e76   0x08004e76   0x0000003e   Code   RO          980    i.stmpe811_TS_GetXY  stmpe811.o
    0x08004eb4   0x08004eb4   0x00000010   Code   RO          981    i.stmpe811_TS_ITStatus  stmpe811.o
    0x08004ec4   0x08004ec4   0x000000a2   Code   RO          982    i.stmpe811_TS_Start  stmpe811.o
    0x08004f66   0x08004f66   0x00000024   Code   RO         5798    i.uxListRemove      list.o
    0x08004f8a   0x08004f8a   0x00000016   Code   RO         5799    i.vListInitialise   list.o
    0x08004fa0   0x08004fa0   0x00000006   Code   RO         5800    i.vListInitialiseItem  list.o
    0x08004fa6   0x08004fa6   0x00000030   Code   RO         5801    i.vListInsert       list.o
    0x08004fd6   0x08004fd6   0x00000018   Code   RO         5802    i.vListInsertEnd    list.o
    0x08004fee   0x08004fee   0x00000002   PAD
    0x08004ff0   0x08004ff0   0x00000040   Code   RO         6703    i.vPortEnterCritical  port.o
    0x08005030   0x08005030   0x00000028   Code   RO         6704    i.vPortExitCritical  port.o
    0x08005058   0x08005058   0x0000005c   Code   RO         6640    i.vPortFree         heap_4.o
    0x080050b4   0x080050b4   0x00000020   Code   RO         6705    i.vPortSetupTimerInterrupt  port.o
    0x080050d4   0x080050d4   0x0000004c   Code   RO         5989    i.vTaskDelay        tasks.o
    0x08005120   0x08005120   0x0000000c   Code   RO         5992    i.vTaskMissedYield  tasks.o
    0x0800512c   0x0800512c   0x00000030   Code   RO         5994    i.vTaskPlaceOnEventList  tasks.o
    0x0800515c   0x0800515c   0x00000024   Code   RO         5999    i.vTaskSetTimeOutState  tasks.o
    0x08005180   0x08005180   0x00000068   Code   RO         6000    i.vTaskStartScheduler  tasks.o
    0x080051e8   0x080051e8   0x00000010   Code   RO         6002    i.vTaskSuspendAll   tasks.o
    0x080051f8   0x080051f8   0x0000005c   Code   RO         6003    i.vTaskSwitchContext  tasks.o
    0x08005254   0x08005254   0x000000e0   Code   RO         6707    i.xPortStartScheduler  port.o
    0x08005334   0x08005334   0x00000048   Code   RO         5846    i.xQueueGenericCreate  queue.o
    0x0800537c   0x0800537c   0x00000088   Code   RO         5848    i.xQueueGenericReset  queue.o
    0x08005404   0x08005404   0x00000160   Code   RO         5849    i.xQueueGenericSend  queue.o
    0x08005564   0x08005564   0x0000006c   Code   RO         6004    i.xTaskCheckForTimeOut  tasks.o
    0x080055d0   0x080055d0   0x00000056   Code   RO         6005    i.xTaskCreate       tasks.o
    0x08005626   0x08005626   0x00000002   PAD
    0x08005628   0x08005628   0x0000001c   Code   RO         6009    i.xTaskGetSchedulerState  tasks.o
    0x08005644   0x08005644   0x000000c8   Code   RO         6012    i.xTaskIncrementTick  tasks.o
    0x0800570c   0x0800570c   0x00000098   Code   RO         6015    i.xTaskPriorityDisinherit  tasks.o
    0x080057a4   0x080057a4   0x00000074   Code   RO         6016    i.xTaskRemoveFromEventList  tasks.o
    0x08005818   0x08005818   0x000000c4   Code   RO         6018    i.xTaskResumeAll    tasks.o
    0x080058dc   0x080058dc   0x00001ab8   Data   RO          447    .constdata          stm32f429i_discovery_lcd.o
    0x08007394   0x08007394   0x00000028   Data   RO         1409    .constdata          freertos.o
    0x080073bc   0x080073bc   0x00000008   Data   RO         5064    .constdata          stm32f4xx_hal_dma.o
    0x080073c4   0x080073c4   0x00000010   Data   RO         5667    .constdata          system_stm32f4xx.o
    0x080073d4   0x080073d4   0x00000008   Data   RO         5668    .constdata          system_stm32f4xx.o
    0x080073dc   0x080073dc   0x0000001e   Data   RO         1410    .conststring        freertos.o
    0x080073fa   0x080073fa   0x00000002   PAD
    0x080073fc   0x080073fc   0x00000020   Data   RO         6806    Region$$Table       anon$$obj.o


    Execution Region RW_IRAM1 (Exec base: 0x20000000, Load base: 0x0800741c, Size: 0x00004798, Max: 0x00030000, ABSOLUTE)

    Exec Addr    Load Addr    Size         Type   Attr      Idx    E Section Name        Object

    0x20000000   0x0800741c   0x00000018   Data   RW           44    .data               stm32f429i_discovery.o
    0x20000018   0x08007434   0x00000010   Data   RW          452    .data               stm32f429i_discovery_lcd.o
    0x20000028   0x08007444   0x00000001   Data   RW          761    .data               stm32f429i_discovery_sdram.o
    0x20000029   0x08007445   0x00000003   PAD
    0x2000002c   0x08007448   0x00000010   Data   RW          836    .data               stm32f429i_discovery_ts.o
    0x2000003c   0x08007458   0x00000038   Data   RW          890    .data               ili9341.o
    0x20000074   0x08007490   0x00000028   Data   RW          983    .data               stmpe811.o
    0x2000009c   0x080074b8   0x00000002   Data   RW          985    .data               stmpe811.o
    0x2000009e   0x080074ba   0x00000002   PAD
    0x200000a0   0x080074bc   0x00000008   Data   RW         1361    .data               fmc.o
    0x200000a8   0x080074c4   0x00000010   Data   RW         1411    .data               freertos.o
    0x200000b8   0x080074d4   0x0000000c   Data   RW         5509    .data               stm32f4xx_hal.o
    0x200000c4   0x080074e0   0x00000004   Data   RW         5669    .data               system_stm32f4xx.o
    0x200000c8   0x080074e4   0x0000003c   Data   RW         6021    .data               tasks.o
    0x20000104   0x08007520   0x00000018   Data   RW         6645    .data               heap_4.o
    0x2000011c   0x08007538   0x0000000c   Data   RW         6708    .data               port.o
    0x20000128        -       0x000000ac   Zero   RW           42    .bss                stm32f429i_discovery.o
    0x200001d4        -       0x00000130   Zero   RW          446    .bss                stm32f429i_discovery_lcd.o
    0x20000304        -       0x00000120   Zero   RW          760    .bss                stm32f429i_discovery_sdram.o
    0x20000424        -       0x00000040   Zero   RW         1317    .bss                dma2d.o
    0x20000464        -       0x00000034   Zero   RW         1360    .bss                fmc.o
    0x20000498        -       0x0000003c   Zero   RW         1408    .bss                freertos.o
    0x200004d4        -       0x00000054   Zero   RW         1473    .bss                i2c.o
    0x20000528        -       0x000000a8   Zero   RW         1515    .bss                ltdc.o
    0x200005d0        -       0x00000058   Zero   RW         1557    .bss                spi.o
    0x20000628        -       0x00000040   Zero   RW         1599    .bss                usart.o
    0x20000668        -       0x0000003c   Zero   RW         1735    .bss                stm32f4xx_hal_timebase_tim.o
    0x200006a4        -       0x000000f0   Zero   RW         6020    .bss                tasks.o
    0x20000794        -       0x00003c00   Zero   RW         6644    .bss                heap_4.o
    0x20004394   0x08007544   0x00000004   PAD
    0x20004398        -       0x00000400   Zero   RW            1    STACK               startup_stm32f429xx.o


==============================================================================

Image component sizes


      Code (inc. data)   RO Data    RW Data    ZI Data      Debug   Object Name

       120          0          0          0          0      13541   cmsis_os.o
       108         20          0          0         64       1581   dma2d.o
         0          0          0          0          0       9556   event_groups.o
       300         42          0          8         52       2228   fmc.o
       130         18         70         16         60       3198   freertos.o
       460         32          0          0          0       1227   gpio.o
       460         24          0         24      15360       7407   heap_4.o
       296         48          0          0         84       2333   i2c.o
       698          0          0         56          0       8911   ili9341.o
       136          0          0          0          0       3610   list.o
       588         40          0          0        168       2122   ltdc.o
       314         34          0          0          0      23532   main.o
       674         74          0         12          0      11144   port.o
       774         10          0          0          0       7799   queue.o
       216         34          0          0         88       2205   spi.o
        36          8        428          0       1024        848   startup_stm32f429xx.o
      1116        158          0         24        172     794727   stm32f429i_discovery.o
         0          0          0          0          0        752   stm32f429i_discovery_io.o
      1376        160       6840         16        304      20078   stm32f429i_discovery_lcd.o
       612         54          0          1        288       3899   stm32f429i_discovery_sdram.o
        56          8          0         16          0       2904   stm32f429i_discovery_ts.o
       116         18          0         12          0       3950   stm32f4xx_hal.o
       154         14          0          0          0      29662   stm32f4xx_hal_cortex.o
       422         12          8          0          0       3684   stm32f4xx_hal_dma.o
       728          6          0          0          0       5683   stm32f4xx_hal_dma2d.o
       862        106          0          0          0       4081   stm32f4xx_hal_gpio.o
      2070         36          0          0          0      14358   stm32f4xx_hal_i2c.o
       128          0          0          0          0       1891   stm32f4xx_hal_i2c_ex.o
       728         12          0          0          0       3647   stm32f4xx_hal_ltdc.o
        56          4          0          0          0        858   stm32f4xx_hal_msp.o
      1324         86          0          0          0       5881   stm32f4xx_hal_rcc.o
       564         36          0          0          0       1616   stm32f4xx_hal_rcc_ex.o
       148          0          0          0          0       2764   stm32f4xx_hal_sdram.o
      1530          0          0          0          0       8290   stm32f4xx_hal_spi.o
       638         44          0          0          0       7158   stm32f4xx_hal_tim.o
         4          0          0          0          0       1642   stm32f4xx_hal_tim_ex.o
       116         16          0          0         60       1431   stm32f4xx_hal_timebase_tim.o
       782          8          0          0          0       2088   stm32f4xx_hal_uart.o
        30          6          0          0          0       3751   stm32f4xx_it.o
       292          4          0          0          0       3556   stm32f4xx_ll_fmc.o
       650         10          0         42          0      14719   stmpe811.o
        84         18         24          4          0       1191   system_stm32f4xx.o
      1904        158          0         60        240      21286   tasks.o
       164         22          0          0         64       1726   usart.o

    ----------------------------------------------------------------------
     22002       1380       7404        296      18032    1068515   Object Totals
         0          0         32          0          0          0   (incl. Generated)
        38          0          2          5          4          0   (incl. Padding)

    ----------------------------------------------------------------------

      Code (inc. data)   RO Data    RW Data    ZI Data      Debug   Library Member Name

         0          0          0          0          0          0   entry.o
         0          0          0          0          0          0   entry10a.o
         0          0          0          0          0          0   entry11a.o
         8          4          0          0          0          0   entry2.o
         4          0          0          0          0          0   entry5.o
         0          0          0          0          0          0   entry7b.o
         0          0          0          0          0          0   entry8b.o
         8          4          0          0          0          0   entry9a.o
        30          0          0          0          0          0   handlers.o
        36          8          0          0          0         68   init.o
        30          0          0          0          0         68   llshl.o
        32          0          0          0          0         68   llushr.o
        36          0          0          0          0         68   memcpya.o
        36          0          0          0          0        108   memseta.o
        98          0          0          0          0         92   uldiv.o

    ----------------------------------------------------------------------
       318         16          0          0          0        472   Library Totals
         0          0          0          0          0          0   (incl. Padding)

    ----------------------------------------------------------------------

      Code (inc. data)   RO Data    RW Data    ZI Data      Debug   Library Name

       318         16          0          0          0        472   mc_w.l

    ----------------------------------------------------------------------
       318         16          0          0          0        472   Library Totals

    ----------------------------------------------------------------------

==============================================================================


      Code (inc. data)   RO Data    RW Data    ZI Data      Debug   

     22320       1396       7404        296      18032    1047935   Grand Totals
     22320       1396       7404        296      18032    1047935   ELF Image Totals
     22320       1396       7404        296          0          0   ROM Totals

==============================================================================

    Total RO  Size (Code + RO Data)                29724 (  29.03kB)
    Total RW  Size (RW Data + ZI Data)             18328 (  17.90kB)
    Total ROM Size (Code + RO Data + RW Data)      30020 (  29.32kB)

==============================================================================

