Component: ARM Compiler 5.06 update 6 (build 750) Tool: armlink [4d35ed]

==============================================================================

Section Cross References

    startup_stm32f429xx.o(RESET) refers to startup_stm32f429xx.o(STACK) for __initial_sp
    startup_stm32f429xx.o(RESET) refers to startup_stm32f429xx.o(.text) for Reset_Handler
    startup_stm32f429xx.o(RESET) refers to stm32f4xx_it.o(i.NMI_Handler) for NMI_Handler
    startup_stm32f429xx.o(RESET) refers to stm32f4xx_it.o(i.HardFault_Handler) for HardFault_Handler
    startup_stm32f429xx.o(RESET) refers to stm32f4xx_it.o(i.MemManage_Handler) for MemManage_Handler
    startup_stm32f429xx.o(RESET) refers to stm32f4xx_it.o(i.BusFault_Handler) for BusFault_Handler
    startup_stm32f429xx.o(RESET) refers to stm32f4xx_it.o(i.UsageFault_Handler) for UsageFault_Handler
    startup_stm32f429xx.o(RESET) refers to stm32f4xx_it.o(i.SVC_Handler) for SVC_Handler
    startup_stm32f429xx.o(RESET) refers to stm32f4xx_it.o(i.DebugMon_Handler) for DebugMon_Handler
    startup_stm32f429xx.o(RESET) refers to stm32f4xx_it.o(i.PendSV_Handler) for PendSV_Handler
    startup_stm32f429xx.o(RESET) refers to stm32f4xx_it.o(i.SysTick_Handler) for SysTick_Handler
    startup_stm32f429xx.o(.text) refers to system_stm32f4xx.o(i.SystemInit) for SystemInit
    startup_stm32f429xx.o(.text) refers to entry.o(.ARM.Collect$$$$00000000) for __main
    stm32f429i_discovery.o(i.BSP_LED_Init) refers to stm32f4xx_hal_gpio.o(i.HAL_GPIO_Init) for HAL_GPIO_Init
    stm32f429i_discovery.o(i.BSP_LED_Init) refers to stm32f4xx_hal_gpio.o(i.HAL_GPIO_WritePin) for HAL_GPIO_WritePin
    stm32f429i_discovery.o(i.BSP_LED_Init) refers to stm32f429i_discovery.o(.constdata) for .constdata
    stm32f429i_discovery.o(i.BSP_LED_Init) refers to stm32f429i_discovery.o(.data) for .data
    stm32f429i_discovery.o(i.BSP_LED_Off) refers to stm32f4xx_hal_gpio.o(i.HAL_GPIO_WritePin) for HAL_GPIO_WritePin
    stm32f429i_discovery.o(i.BSP_LED_Off) refers to stm32f429i_discovery.o(.constdata) for .constdata
    stm32f429i_discovery.o(i.BSP_LED_Off) refers to stm32f429i_discovery.o(.data) for .data
    stm32f429i_discovery.o(i.BSP_LED_On) refers to stm32f4xx_hal_gpio.o(i.HAL_GPIO_WritePin) for HAL_GPIO_WritePin
    stm32f429i_discovery.o(i.BSP_LED_On) refers to stm32f429i_discovery.o(.constdata) for .constdata
    stm32f429i_discovery.o(i.BSP_LED_On) refers to stm32f429i_discovery.o(.data) for .data
    stm32f429i_discovery.o(i.BSP_LED_Toggle) refers to stm32f4xx_hal_gpio.o(i.HAL_GPIO_TogglePin) for HAL_GPIO_TogglePin
    stm32f429i_discovery.o(i.BSP_LED_Toggle) refers to stm32f429i_discovery.o(.constdata) for .constdata
    stm32f429i_discovery.o(i.BSP_LED_Toggle) refers to stm32f429i_discovery.o(.data) for .data
    stm32f429i_discovery.o(i.BSP_PB_GetState) refers to stm32f4xx_hal_gpio.o(i.HAL_GPIO_ReadPin) for HAL_GPIO_ReadPin
    stm32f429i_discovery.o(i.BSP_PB_GetState) refers to stm32f429i_discovery.o(.constdata) for .constdata
    stm32f429i_discovery.o(i.BSP_PB_GetState) refers to stm32f429i_discovery.o(.data) for .data
    stm32f429i_discovery.o(i.BSP_PB_Init) refers to stm32f4xx_hal_gpio.o(i.HAL_GPIO_Init) for HAL_GPIO_Init
    stm32f429i_discovery.o(i.BSP_PB_Init) refers to stm32f4xx_hal_cortex.o(i.HAL_NVIC_SetPriority) for HAL_NVIC_SetPriority
    stm32f429i_discovery.o(i.BSP_PB_Init) refers to stm32f4xx_hal_cortex.o(i.HAL_NVIC_EnableIRQ) for HAL_NVIC_EnableIRQ
    stm32f429i_discovery.o(i.BSP_PB_Init) refers to stm32f429i_discovery.o(.constdata) for .constdata
    stm32f429i_discovery.o(i.BSP_PB_Init) refers to stm32f429i_discovery.o(.data) for .data
    stm32f429i_discovery.o(i.GYRO_IO_Init) refers to stm32f4xx_hal_gpio.o(i.HAL_GPIO_Init) for HAL_GPIO_Init
    stm32f429i_discovery.o(i.GYRO_IO_Init) refers to stm32f4xx_hal_gpio.o(i.HAL_GPIO_WritePin) for HAL_GPIO_WritePin
    stm32f429i_discovery.o(i.GYRO_IO_Init) refers to stm32f429i_discovery.o(i.SPIx_Init) for SPIx_Init
    stm32f429i_discovery.o(i.GYRO_IO_Read) refers to stm32f4xx_hal_gpio.o(i.HAL_GPIO_WritePin) for HAL_GPIO_WritePin
    stm32f429i_discovery.o(i.GYRO_IO_Read) refers to stm32f429i_discovery.o(i.SPIx_WriteRead) for SPIx_WriteRead
    stm32f429i_discovery.o(i.GYRO_IO_Write) refers to stm32f4xx_hal_gpio.o(i.HAL_GPIO_WritePin) for HAL_GPIO_WritePin
    stm32f429i_discovery.o(i.GYRO_IO_Write) refers to stm32f429i_discovery.o(i.SPIx_WriteRead) for SPIx_WriteRead
    stm32f429i_discovery.o(i.I2Cx_Error) refers to stm32f4xx_hal_i2c.o(i.HAL_I2C_DeInit) for HAL_I2C_DeInit
    stm32f429i_discovery.o(i.I2Cx_Error) refers to stm32f429i_discovery.o(i.I2Cx_Init) for I2Cx_Init
    stm32f429i_discovery.o(i.I2Cx_Error) refers to stm32f429i_discovery.o(.bss) for .bss
    stm32f429i_discovery.o(i.I2Cx_Init) refers to stm32f4xx_hal_i2c.o(i.HAL_I2C_GetState) for HAL_I2C_GetState
    stm32f429i_discovery.o(i.I2Cx_Init) refers to stm32f429i_discovery.o(i.I2Cx_MspInit) for I2Cx_MspInit
[...]
    ../clib/microlib/init/entry.s            0x00000000   Number         0  entry.o ABSOLUTE
    ../clib/microlib/init/entry.s            0x00000000   Number         0  entry9b.o ABSOLUTE
    ../clib/microlib/init/entry.s            0x00000000   Number         0  entry11a.o ABSOLUTE
    ../clib/microlib/init/entry.s            0x00000000   Number         0  entry5.o ABSOLUTE
    ../clib/microlib/init/entry.s            0x00000000   Number         0  entry7a.o ABSOLUTE
    ../clib/microlib/init/entry.s            0x00000000   Number         0  entry10b.o ABSOLUTE
    ../clib/microlib/init/entry.s            0x00000000   Number         0  entry7b.o ABSOLUTE
    ../clib/microlib/init/entry.s            0x00000000   Number         0  entry11b.o ABSOLUTE
    ../clib/microlib/init/entry.s            0x00000000   Number         0  entry8a.o ABSOLUTE
    ../clib/microlib/init/entry.s            0x00000000   Number         0  entry8b.o ABSOLUTE
    ../clib/microlib/init/entry.s            0x00000000   Number         0  entry10a.o ABSOLUTE
    ../clib/microlib/longlong.c              0x00000000   Number         0  llushr.o ABSOLUTE
    ../clib/microlib/longlong.c              0x00000000   Number         0  llshl.o ABSOLUTE
    ../clib/microlib/string/memcpy.c         0x00000000   Number         0  memcpyb.o ABSOLUTE
    ../clib/microlib/string/memcpy.c         0x00000000   Number         0  memcpya.o ABSOLUTE
    ../clib/microlib/string/memset.c         0x00000000   Number         0  memseta.o ABSOLUTE
    ..\Drivers\BSP\Components\ili9341\ili9341.c 0x00000000   Number         0  ili9341.o ABSOLUTE
    ..\Drivers\BSP\Components\stmpe811\stmpe811.c 0x00000000   Number         0  stmpe811.o ABSOLUTE
    ..\Drivers\BSP\STM32F429I-Discovery\stm32f429i_discovery.c 0x00000000   Number         0  stm32f429i_discovery.o ABSOLUTE
    ..\Drivers\BSP\STM32F429I-Discovery\stm32f429i_discovery_io.c 0x00000000   Number         0  stm32f429i_discovery_io.o ABSOLUTE
    ..\Drivers\BSP\STM32F429I-Discovery\stm32f429i_discovery_lcd.c 0x00000000   Number         0  stm32f429i_discovery_lcd.o ABSOLUTE
    ..\Drivers\BSP\STM32F429I-Discovery\stm32f429i_discovery_sdram.c 0x00000000   Number         0  stm32f429i_discovery_sdram.o ABSOLUTE
    ..\Drivers\BSP\STM32F429I-Discovery\stm32f429i_discovery_ts.c 0x00000000   Number         0  stm32f429i_discovery_ts.o ABSOLUTE
    ..\Drivers\STM32F4xx_HAL_Driver\Src\stm32f4xx_hal.c 0x00000000   Number         0  stm32f4xx_hal.o ABSOLUTE
    ..\Drivers\STM32F4xx_HAL_Driver\Src\stm32f4xx_hal_cortex.c 0x00000000   Number         0  stm32f4xx_hal_cortex.o ABSOLUTE
    ..\Drivers\STM32F4xx_HAL_Driver\Src\stm32f4xx_hal_dma.c 0x00000000   Number         0  stm32f4xx_hal_dma.o ABSOLUTE
    ..\Drivers\STM32F4xx_HAL_Driver\Src\stm32f4xx_hal_dma2d.c 0x00000000   Number         0  stm32f4xx_hal_dma2d.o ABSOLUTE
    ..\Drivers\STM32F4xx_HAL_Driver\Src\stm32f4xx_hal_dma_ex.c 0x00000000   Number         0  stm32f4xx_hal_dma_ex.o ABSOLUTE
    ..\Drivers\STM32F4xx_HAL_Driver\Src\stm32f4xx_hal_dsi.c 0x00000000   Number         0  stm32f4xx_hal_dsi.o ABSOLUTE
    ..\Drivers\STM32F4xx_HAL_Driver\Src\stm32f4xx_hal_flash.c 0x00000000   Number         0  stm32f4xx_hal_flash.o ABSOLUTE
    ..\Drivers\STM32F4xx_HAL_Driver\Src\stm32f4xx_hal_flash_ex.c 0x00000000   Number         0  stm32f4xx_hal_flash_ex.o ABSOLUTE
    ..\Drivers\STM32F4xx_HAL_Driver\Src\stm32f4xx_hal_flash_ramfunc.c 0x00000000   Number         0  stm32f4xx_hal_flash_ramfunc.o ABSOLUTE
    ..\Drivers\STM32F4xx_HAL_Driver\Src\stm32f4xx_hal_gpio.c 0x00000000   Number         0  stm32f4xx_hal_gpio.o ABSOLUTE
    ..\Drivers\STM32F4xx_HAL_Driver\Src\stm32f4xx_hal_i2c.c 0x00000000   Number         0  stm32f4xx_hal_i2c.o ABSOLUTE
    ..\Drivers\STM32F4xx_HAL_Driver\Src\stm32f4xx_hal_i2c_ex.c 0x00000000   Number         0  stm32f4xx_hal_i2c_ex.o ABSOLUTE
    ..\Drivers\STM32F4xx_HAL_Driver\Src\stm32f4xx_hal_ltdc.c 0x00000000   Number         0  stm32f4xx_hal_ltdc.o ABSOLUTE
    ..\Drivers\STM32F4xx_HAL_Driver\Src\stm32f4xx_hal_ltdc_ex.c 0x00000000   Number         0  stm32f4xx_hal_ltdc_ex.o ABSOLUTE
    ..\Drivers\STM32F4xx_HAL_Driver\Src\stm32f4xx_hal_pwr.c 0x00000000   Number         0  stm32f4xx_hal_pwr.o ABSOLUTE
    ..\Drivers\STM32F4xx_HAL_Driver\Src\stm32f4xx_hal_pwr_ex.c 0x00000000   Number         0  stm32f4xx_hal_pwr_ex.o ABSOLUTE
    ..\Drivers\STM32F4xx_HAL_Driver\Src\stm32f4xx_hal_rcc.c 0x00000000   Number         0  stm32f4xx_hal_rcc.o ABSOLUTE
    ..\Drivers\STM32F4xx_HAL_Driver\Src\stm32f4xx_hal_rcc_ex.c 0x00000000   Number         0  stm32f4xx_hal_rcc_ex.o ABSOLUTE
    ..\Drivers\STM32F4xx_HAL_Driver\Src\stm32f4xx_hal_sdram.c 0x00000000   Number         0  stm32f4xx_hal_sdram.o ABSOLUTE
    ..\Drivers\STM32F4xx_HAL_Driver\Src\stm32f4xx_hal_spi.c 0x00000000   Number         0  stm32f4xx_hal_spi.o ABSOLUTE
    ..\Drivers\STM32F4xx_HAL_Driver\Src\stm32f4xx_hal_tim.c 0x00000000   Number         0  stm32f4xx_hal_tim.o ABSOLUTE
    ..\Drivers\STM32F4xx_HAL_Driver\Src\stm32f4xx_hal_tim_ex.c 0x00000000   Number         0  stm32f4xx_hal_tim_ex.o ABSOLUTE
    ..\Drivers\STM32F4xx_HAL_Driver\Src\stm32f4xx_ll_fmc.c 0x00000000   Number         0  stm32f4xx_ll_fmc.o ABSOLUTE
    ..\Src\dma2d.c                           0x00000000   Number         0  dma2d.o ABSOLUTE
    ..\Src\fmc.c                             0x00000000   Number         0  fmc.o ABSOLUTE
    ..\Src\gpio.c                            0x00000000   Number         0  gpio.o ABSOLUTE
    ..\Src\i2c.c                             0x00000000   Number         0  i2c.o ABSOLUTE
    ..\Src\ltdc.c                            0x00000000   Number         0  ltdc.o ABSOLUTE
    ..\Src\main.c                            0x00000000   Number         0  main.o ABSOLUTE
    ..\Src\spi.c                             0x00000000   Number         0  spi.o ABSOLUTE
    ..\Src\stm32f4xx_hal_msp.c               0x00000000   Number         0  stm32f4xx_hal_msp.o ABSOLUTE
    ..\Src\stm32f4xx_it.c                    0x00000000   Number         0  stm32f4xx_it.o ABSOLUTE
    ..\Src\system_stm32f4xx.c                0x00000000   Number         0  system_stm32f4xx.o ABSOLUTE
    ..\\Drivers\\BSP\\STM32F429I-Discovery\\stm32f429i_discovery.c 0x00000000   Number         0  stm32f429i_discovery.o ABSOLUTE
    ..\\Drivers\\BSP\\STM32F429I-Discovery\\stm32f429i_discovery_io.c 0x00000000   Number         0  stm32f429i_discovery_io.o ABSOLUTE
    ..\\Drivers\\BSP\\STM32F429I-Discovery\\stm32f429i_discovery_lcd.c 0x00000000   Number         0  stm32f429i_discovery_lcd.o ABSOLUTE
    ..\\Drivers\\BSP\\STM32F429I-Discovery\\stm32f429i_discovery_sdram.c 0x00000000   Number         0  stm32f429i_discovery_sdram.o ABSOLUTE
    ..\\Drivers\\BSP\\STM32F429I-Discovery\\stm32f429i_discovery_ts.c 0x00000000   Number         0  stm32f429i_discovery_ts.o ABSOLUTE
    dc.s                                     0x00000000   Number         0  dc.o ABSOLUTE
    handlers.s                               0x00000000   Number         0  handlers.o ABSOLUTE
    init.s                                   0x00000000   Number         0  init.o ABSOLUTE
    startup_stm32f429xx.s                    0x00000000   Number         0  startup_stm32f429xx.o ABSOLUTE
    RESET                                    0x08000000   Section      428  startup_stm32f429xx.o(RESET)
    .ARM.Collect$$$$00000000                 0x080001ac   Section        0  entry.o(.ARM.Collect$$$$00000000)
    .ARM.Collect$$$$00000001                 0x080001ac   Section        4  entry2.o(.ARM.Collect$$$$00000001)
    .ARM.Collect$$$$00000004                 0x080001b0   Section        4  entry5.o(.ARM.Collect$$$$00000004)
    .ARM.Collect$$$$00000008                 0x080001b4   Section        0  entry7b.o(.ARM.Collect$$$$00000008)
    .ARM.Collect$$$$0000000A                 0x080001b4   Section        0  entry8b.o(.ARM.Collect$$$$0000000A)
    .ARM.Collect$$$$0000000B                 0x080001b4   Section        8  entry9a.o(.ARM.Collect$$$$0000000B)
    .ARM.Collect$$$$0000000D                 0x080001bc   Section        0  entry10a.o(.ARM.Collect$$$$0000000D)
    .ARM.Collect$$$$0000000F                 0x080001bc   Section        0  entry11a.o(.ARM.Collect$$$$0000000F)
    .ARM.Collect$$$$00002712                 0x080001bc   Section        4  entry2.o(.ARM.Collect$$$$00002712)
    __lit__00000000                          0x080001bc   Data           4  entry2.o(.ARM.Collect$$$$00002712)
    .text                                    0x080001c0   Section       36  startup_stm32f429xx.o(.text)
    $v0                                      0x080001c0   Number         0  startup_stm32f429xx.o(.text)
    .text                                    0x080001e4   Section        0  uldiv.o(.text)
    .text                                    0x08000246   Section        0  memcpya.o(.text)
    .text                                    0x0800026a   Section        0  memseta.o(.text)
    .text                                    0x0800028e   Section        0  llshl.o(.text)
    .text                                    0x080002ac   Section        0  llushr.o(.text)
    .text                                    0x080002cc   Section       36  init.o(.text)
    i.BSP_LCD_Clear                          0x080002f0   Section        0  stm32f429i_discovery_lcd.o(i.BSP_LCD_Clear)
    i.BSP_LCD_DisplayChar                    0x0800032c   Section        0  stm32f429i_discovery_lcd.o(i.BSP_LCD_DisplayChar)
    i.BSP_LCD_DisplayOn                      0x08000360   Section        0  stm32f429i_discovery_lcd.o(i.BSP_LCD_DisplayOn)
    i.BSP_LCD_DisplayStringAt                0x08000374   Section        0  stm32f429i_discovery_lcd.o(i.BSP_LCD_DisplayStringAt)
    i.BSP_LCD_DisplayStringAtLine            0x08000438   Section        0  stm32f429i_discovery_lcd.o(i.BSP_LCD_DisplayStringAtLine)
    i.BSP_LCD_DrawBitmap                     0x08000454   Section        0  stm32f429i_discovery_lcd.o(i.BSP_LCD_DrawBitmap)
    i.BSP_LCD_DrawPixel                      0x08000520   Section        0  stm32f429i_discovery_lcd.o(i.BSP_LCD_DrawPixel)
    i.BSP_LCD_GetFont                        0x08000554   Section        0  stm32f429i_discovery_lcd.o(i.BSP_LCD_GetFont)
    i.BSP_LCD_GetXSize                       0x08000570   Section        0  stm32f429i_discovery_lcd.o(i.BSP_LCD_GetXSize)
    i.BSP_LCD_GetYSize                       0x0800057c   Section        0  stm32f429i_discovery_lcd.o(i.BSP_LCD_GetYSize)
    i.BSP_LCD_Init                           0x08000588   Section        0  stm32f429i_discovery_lcd.o(i.BSP_LCD_Init)
    i.BSP_LCD_LayerDefaultInit               0x0800061c   Section        0  stm32f429i_discovery_lcd.o(i.BSP_LCD_LayerDefaultInit)
    i.BSP_LCD_MspInit                        0x0800069c   Section        0  stm32f429i_discovery_lcd.o(i.BSP_LCD_MspInit)
    i.BSP_LCD_SelectLayer                    0x080007c8   Section        0  stm32f429i_discovery_lcd.o(i.BSP_LCD_SelectLayer)
    i.BSP_LCD_SetFont                        0x080007d4   Section        0  stm32f429i_discovery_lcd.o(i.BSP_LCD_SetFont)
    i.BSP_LCD_SetTextColor                   0x080007f0   Section        0  stm32f429i_discovery_lcd.o(i.BSP_LCD_SetTextColor)
    i.BSP_SDRAM_Init                         0x08000808   Section        0  stm32f429i_discovery_sdram.o(i.BSP_SDRAM_Init)
    i.BSP_SDRAM_Initialization_sequence      0x08000880   Section        0  stm32f429i_discovery_sdram.o(i.BSP_SDRAM_Initialization_sequence)
    i.BSP_SDRAM_MspInit                      0x08000908   Section        0  stm32f429i_discovery_sdram.o(i.BSP_SDRAM_MspInit)
    i.BSP_TS_GetState                        0x08000a6c   Section        0  stm32f429i_discovery_ts.o(i.BSP_TS_GetState)
    i.BSP_TS_Init                            0x08000b1c   Section        0  stm32f429i_discovery_ts.o(i.BSP_TS_Init)
    i.BusFault_Handler                       0x08000b54   Section        0  stm32f4xx_it.o(i.BusFault_Handler)
    i.ConvertLineToARGB8888                  0x08000b58   Section        0  stm32f429i_discovery_lcd.o(i.ConvertLineToARGB8888)
    ConvertLineToARGB8888                    0x08000b59   Thumb Code    92  stm32f429i_discovery_lcd.o(i.ConvertLineToARGB8888)
    i.DMA2D_SetConfig                        0x08000bbc   Section        0  stm32f4xx_hal_dma2d.o(i.DMA2D_SetConfig)
    DMA2D_SetConfig                          0x08000bbd   Thumb Code   150  stm32f4xx_hal_dma2d.o(i.DMA2D_SetConfig)
    i.DMA_CalcBaseAndBitshift                0x08000c54   Section        0  stm32f4xx_hal_dma.o(i.DMA_CalcBaseAndBitshift)
    DMA_CalcBaseAndBitshift                  0x08000c55   Thumb Code    34  stm32f4xx_hal_dma.o(i.DMA_CalcBaseAndBitshift)
    i.DMA_CheckFifoParam                     0x08000c7c   Section        0  stm32f4xx_hal_dma.o(i.DMA_CheckFifoParam)
    DMA_CheckFifoParam                       0x08000c7d   Thumb Code    84  stm32f4xx_hal_dma.o(i.DMA_CheckFifoParam)
    i.DebugMon_Handler                       0x08000cd0   Section        0  stm32f4xx_it.o(i.DebugMon_Handler)
    i.DrawChar                               0x08000cd4   Section        0  stm32f429i_discovery_lcd.o(i.DrawChar)
    DrawChar                                 0x08000cd5   Thumb Code   172  stm32f429i_discovery_lcd.o(i.DrawChar)
    i.Error_Handler                          0x08000d88   Section        0  main.o(i.Error_Handler)
    i.FMC_SDRAM_Init                         0x08000d8a   Section        0  stm32f4xx_ll_fmc.o(i.FMC_SDRAM_Init)
    i.FMC_SDRAM_ProgramRefreshRate           0x08000dda   Section        0  stm32f4xx_ll_fmc.o(i.FMC_SDRAM_ProgramRefreshRate)
    i.FMC_SDRAM_SendCommand                  0x08000de6   Section        0  stm32f4xx_ll_fmc.o(i.FMC_SDRAM_SendCommand)
    i.FMC_SDRAM_Timing_Init                  0x08000e30   Section        0  stm32f4xx_ll_fmc.o(i.FMC_SDRAM_Timing_Init)
    i.FillBuffer                             0x08000eb0   Section        0  stm32f429i_discovery_lcd.o(i.FillBuffer)
    FillBuffer                               0x08000eb1   Thumb Code    88  stm32f429i_discovery_lcd.o(i.FillBuffer)
    i.HAL_DMA2D_ConfigLayer                  0x08000f10   Section        0  stm32f4xx_hal_dma2d.o(i.HAL_DMA2D_ConfigLayer)
    i.HAL_DMA2D_Init                         0x08000fb8   Section        0  stm32f4xx_hal_dma2d.o(i.HAL_DMA2D_Init)
    i.HAL_DMA2D_MspInit                      0x08001014   Section        0  dma2d.o(i.HAL_DMA2D_MspInit)
    i.HAL_DMA2D_PollForTransfer              0x0800103c   Section        0  stm32f4xx_hal_dma2d.o(i.HAL_DMA2D_PollForTransfer)
    i.HAL_DMA2D_Start                        0x08001148   Section        0  stm32f4xx_hal_dma2d.o(i.HAL_DMA2D_Start)
    i.HAL_DMA_DeInit                         0x0800117c   Section        0  stm32f4xx_hal_dma.o(i.HAL_DMA_DeInit)
    i.HAL_DMA_Init                           0x080011d4   Section        0  stm32f4xx_hal_dma.o(i.HAL_DMA_Init)
    i.HAL_Delay                              0x080012a8   Section        0  stm32f4xx_hal.o(i.HAL_Delay)
    i.HAL_FMC_MspInit                        0x080012cc   Section        0  fmc.o(i.HAL_FMC_MspInit)
    HAL_FMC_MspInit                          0x080012cd   Thumb Code   180  fmc.o(i.HAL_FMC_MspInit)
    i.HAL_GPIO_DeInit                        0x080013a0   Section        0  stm32f4xx_hal_gpio.o(i.HAL_GPIO_DeInit)
    i.HAL_GPIO_Init                          0x08001510   Section        0  stm32f4xx_hal_gpio.o(i.HAL_GPIO_Init)
    i.HAL_GPIO_WritePin                      0x080016dc   Section        0  stm32f4xx_hal_gpio.o(i.HAL_GPIO_WritePin)
    i.HAL_GetTick                            0x080016e8   Section        0  stm32f4xx_hal.o(i.HAL_GetTick)
    i.HAL_I2CEx_ConfigAnalogFilter           0x080016f4   Section        0  stm32f4xx_hal_i2c_ex.o(i.HAL_I2CEx_ConfigAnalogFilter)
    i.HAL_I2CEx_ConfigDigitalFilter          0x08001736   Section        0  stm32f4xx_hal_i2c_ex.o(i.HAL_I2CEx_ConfigDigitalFilter)
    i.HAL_I2C_DeInit                         0x08001774   Section        0  stm32f4xx_hal_i2c.o(i.HAL_I2C_DeInit)
    i.HAL_I2C_GetState                       0x080017a6   Section        0  stm32f4xx_hal_i2c.o(i.HAL_I2C_GetState)
    i.HAL_I2C_Init                           0x080017ac   Section        0  stm32f4xx_hal_i2c.o(i.HAL_I2C_Init)
    i.HAL_I2C_Mem_Read                       0x080018b4   Section        0  stm32f4xx_hal_i2c.o(i.HAL_I2C_Mem_Read)
    i.HAL_I2C_Mem_Write                      0x08001ab0   Section        0  stm32f4xx_hal_i2c.o(i.HAL_I2C_Mem_Write)
    i.HAL_I2C_MspDeInit                      0x08001bec   Section        0  i2c.o(i.HAL_I2C_MspDeInit)
    i.HAL_I2C_MspInit                        0x08001c28   Section        0  i2c.o(i.HAL_I2C_MspInit)
    i.HAL_IncTick                            0x08001cb8   Section        0  stm32f4xx_hal.o(i.HAL_IncTick)
    i.HAL_Init                               0x08001cc8   Section        0  stm32f4xx_hal.o(i.HAL_Init)
    i.HAL_InitTick                           0x08001cfc   Section        0  stm32f4xx_hal.o(i.HAL_InitTick)
    i.HAL_LTDC_ConfigLayer                   0x08001d3c   Section        0  stm32f4xx_hal_ltdc.o(i.HAL_LTDC_ConfigLayer)
    i.HAL_LTDC_EnableDither                  0x08001d90   Section        0  stm32f4xx_hal_ltdc.o(i.HAL_LTDC_EnableDither)
    i.HAL_LTDC_Init                          0x08001dc0   Section        0  stm32f4xx_hal_ltdc.o(i.HAL_LTDC_Init)
    i.HAL_LTDC_MspInit                       0x08001eb4   Section        0  ltdc.o(i.HAL_LTDC_MspInit)
    i.HAL_MspInit                            0x08002028   Section        0  stm32f4xx_hal_msp.o(i.HAL_MspInit)
    i.HAL_NVIC_EnableIRQ                     0x0800205c   Section        0  stm32f4xx_hal_cortex.o(i.HAL_NVIC_EnableIRQ)
    i.HAL_NVIC_SetPriority                   0x08002074   Section        0  stm32f4xx_hal_cortex.o(i.HAL_NVIC_SetPriority)
    i.HAL_NVIC_SetPriorityGrouping           0x080020b4   Section        0  stm32f4xx_hal_cortex.o(i.HAL_NVIC_SetPriorityGrouping)
    i.HAL_RCCEx_PeriphCLKConfig              0x080020d8   Section        0  stm32f4xx_hal_rcc_ex.o(i.HAL_RCCEx_PeriphCLKConfig)
    i.HAL_RCC_ClockConfig                    0x0800230c   Section        0  stm32f4xx_hal_rcc.o(i.HAL_RCC_ClockConfig)
    i.HAL_RCC_GetPCLK1Freq                   0x0800243c   Section        0  stm32f4xx_hal_rcc.o(i.HAL_RCC_GetPCLK1Freq)
    i.HAL_RCC_GetSysClockFreq                0x0800245c   Section        0  stm32f4xx_hal_rcc.o(i.HAL_RCC_GetSysClockFreq)
    i.HAL_RCC_OscConfig                      0x080024bc   Section        0  stm32f4xx_hal_rcc.o(i.HAL_RCC_OscConfig)
    i.HAL_SDRAM_Init                         0x080027d8   Section        0  stm32f4xx_hal_sdram.o(i.HAL_SDRAM_Init)
    i.HAL_SDRAM_MspInit                      0x0800281a   Section        0  fmc.o(i.HAL_SDRAM_MspInit)
    i.HAL_SDRAM_ProgramRefreshRate           0x0800281e   Section        0  stm32f4xx_hal_sdram.o(i.HAL_SDRAM_ProgramRefreshRate)
    i.HAL_SDRAM_SendCommand                  0x08002840   Section        0  stm32f4xx_hal_sdram.o(i.HAL_SDRAM_SendCommand)
    i.HAL_SPI_DeInit                         0x08002870   Section        0  stm32f4xx_hal_spi.o(i.HAL_SPI_DeInit)
    i.HAL_SPI_GetState                       0x0800289e   Section        0  stm32f4xx_hal_spi.o(i.HAL_SPI_GetState)
    i.HAL_SPI_Init                           0x080028a4   Section        0  stm32f4xx_hal_spi.o(i.HAL_SPI_Init)
    i.HAL_SPI_MspDeInit                      0x08002924   Section        0  spi.o(i.HAL_SPI_MspDeInit)
    i.HAL_SPI_MspInit                        0x08002950   Section        0  spi.o(i.HAL_SPI_MspInit)
    i.HAL_SPI_Receive                        0x080029b8   Section        0  stm32f4xx_hal_spi.o(i.HAL_SPI_Receive)
    i.HAL_SPI_Transmit                       0x08002b08   Section        0  stm32f4xx_hal_spi.o(i.HAL_SPI_Transmit)
    i.HAL_SPI_TransmitReceive                0x08002c70   Section        0  stm32f4xx_hal_spi.o(i.HAL_SPI_TransmitReceive)
    i.HAL_SYSTICK_Config                     0x08002e48   Section        0  stm32f4xx_hal_cortex.o(i.HAL_SYSTICK_Config)
    i.HardFault_Handler                      0x08002e70   Section        0  stm32f4xx_it.o(i.HardFault_Handler)
    i.I2C_IsAcknowledgeFailed                0x08002e72   Section        0  stm32f4xx_hal_i2c.o(i.I2C_IsAcknowledgeFailed)
    I2C_IsAcknowledgeFailed                  0x08002e73   Thumb Code    40  stm32f4xx_hal_i2c.o(i.I2C_IsAcknowledgeFailed)
    i.I2C_RequestMemoryRead                  0x08002e9a   Section        0  stm32f4xx_hal_i2c.o(i.I2C_RequestMemoryRead)
    I2C_RequestMemoryRead                    0x08002e9b   Thumb Code   240  stm32f4xx_hal_i2c.o(i.I2C_RequestMemoryRead)
    i.I2C_RequestMemoryWrite                 0x08002f8c   Section        0  stm32f4xx_hal_i2c.o(i.I2C_RequestMemoryWrite)
    I2C_RequestMemoryWrite                   0x08002f8d   Thumb Code   156  stm32f4xx_hal_i2c.o(i.I2C_RequestMemoryWrite)
    i.I2C_WaitOnBTFFlagUntilTimeout          0x0800302c   Section        0  stm32f4xx_hal_i2c.o(i.I2C_WaitOnBTFFlagUntilTimeout)
    I2C_WaitOnBTFFlagUntilTimeout            0x0800302d   Thumb Code    78  stm32f4xx_hal_i2c.o(i.I2C_WaitOnBTFFlagUntilTimeout)
    i.I2C_WaitOnFlagUntilTimeout             0x0800307a   Section        0  stm32f4xx_hal_i2c.o(i.I2C_WaitOnFlagUntilTimeout)
    I2C_WaitOnFlagUntilTimeout               0x0800307b   Thumb Code    96  stm32f4xx_hal_i2c.o(i.I2C_WaitOnFlagUntilTimeout)
    i.I2C_WaitOnMasterAddressFlagUntilTimeout 0x080030dc   Section        0  stm32f4xx_hal_i2c.o(i.I2C_WaitOnMasterAddressFlagUntilTimeout)
    I2C_WaitOnMasterAddressFlagUntilTimeout  0x080030dd   Thumb Code   136  stm32f4xx_hal_i2c.o(i.I2C_WaitOnMasterAddressFlagUntilTimeout)
    i.I2C_WaitOnRXNEFlagUntilTimeout         0x08003164   Section        0  stm32f4xx_hal_i2c.o(i.I2C_WaitOnRXNEFlagUntilTimeout)
    I2C_WaitOnRXNEFlagUntilTimeout           0x08003165   Thumb Code    98  stm32f4xx_hal_i2c.o(i.I2C_WaitOnRXNEFlagUntilTimeout)
    i.I2C_WaitOnTXEFlagUntilTimeout          0x080031c6   Section        0  stm32f4xx_hal_i2c.o(i.I2C_WaitOnTXEFlagUntilTimeout)
    I2C_WaitOnTXEFlagUntilTimeout            0x080031c7   Thumb Code    78  stm32f4xx_hal_i2c.o(i.I2C_WaitOnTXEFlagUntilTimeout)
    i.I2Cx_Error                             0x08003214   Section        0  stm32f429i_discovery.o(i.I2Cx_Error)
    I2Cx_Error                               0x08003215   Thumb Code    16  stm32f429i_discovery.o(i.I2Cx_Error)
    i.I2Cx_Init                              0x08003228   Section        0  stm32f429i_discovery.o(i.I2Cx_Init)
    I2Cx_Init                                0x08003229   Thumb Code    58  stm32f429i_discovery.o(i.I2Cx_Init)
    i.I2Cx_MspInit                           0x08003270   Section        0  stm32f429i_discovery.o(i.I2Cx_MspInit)
    I2Cx_MspInit                             0x08003271   Thumb Code   166  stm32f429i_discovery.o(i.I2Cx_MspInit)
    i.IOE_Delay                              0x08003328   Section        0  stm32f429i_discovery.o(i.IOE_Delay)
    i.IOE_ITConfig                           0x0800332c   Section        0  stm32f429i_discovery.o(i.IOE_ITConfig)
    i.IOE_Init                               0x0800337c   Section        0  stm32f429i_discovery.o(i.IOE_Init)
    i.IOE_Read                               0x08003380   Section        0  stm32f429i_discovery.o(i.IOE_Read)
    i.IOE_ReadMultiple                       0x080033b4   Section        0  stm32f429i_discovery.o(i.IOE_ReadMultiple)
    i.IOE_Write                              0x080033e4   Section        0  stm32f429i_discovery.o(i.IOE_Write)
    i.LCD_Delay                              0x08003414   Section        0  stm32f429i_discovery.o(i.LCD_Delay)
    i.LCD_IO_Init                            0x08003418   Section        0  stm32f429i_discovery.o(i.LCD_IO_Init)
    i.LCD_IO_ReadData                        0x080034c0   Section        0  stm32f429i_discovery.o(i.LCD_IO_ReadData)
    i.LCD_IO_WriteData                       0x0800352c   Section        0  stm32f429i_discovery.o(i.LCD_IO_WriteData)
    i.LCD_IO_WriteReg                        0x08003564   Section        0  stm32f429i_discovery.o(i.LCD_IO_WriteReg)
    i.LTDC_SetConfig                         0x0800359c   Section        0  stm32f4xx_hal_ltdc.o(i.LTDC_SetConfig)
    LTDC_SetConfig                           0x0800359d   Thumb Code   354  stm32f4xx_hal_ltdc.o(i.LTDC_SetConfig)
    i.MX_DMA2D_Init                          0x08003700   Section        0  dma2d.o(i.MX_DMA2D_Init)
    i.MX_FMC_Init                            0x08003744   Section        0  fmc.o(i.MX_FMC_Init)
    i.MX_GPIO_Init                           0x08003798   Section        0  gpio.o(i.MX_GPIO_Init)
    i.MX_I2C3_Init                           0x0800395c   Section        0  i2c.o(i.MX_I2C3_Init)
    i.MX_LTDC_Init                           0x080039b8   Section        0  ltdc.o(i.MX_LTDC_Init)
    i.MX_SPI5_Init                           0x08003a90   Section        0  spi.o(i.MX_SPI5_Init)
    i.MemManage_Handler                      0x08003ad4   Section        0  stm32f4xx_it.o(i.MemManage_Handler)
    i.NMI_Handler                            0x08003ad6   Section        0  stm32f4xx_it.o(i.NMI_Handler)
    i.NVIC_SetPriority                       0x08003ad8   Section        0  stm32f4xx_hal_cortex.o(i.NVIC_SetPriority)
    NVIC_SetPriority                         0x08003ad9   Thumb Code    32  stm32f4xx_hal_cortex.o(i.NVIC_SetPriority)
    i.PendSV_Handler                         0x08003af8   Section        0  stm32f4xx_it.o(i.PendSV_Handler)
    i.SPI_CheckFlag_BSY                      0x08003afa   Section        0  stm32f4xx_hal_spi.o(i.SPI_CheckFlag_BSY)
    SPI_CheckFlag_BSY                        0x08003afb   Thumb Code    32  stm32f4xx_hal_spi.o(i.SPI_CheckFlag_BSY)
    i.SPI_WaitFlagStateUntilTimeout          0x08003b1a   Section        0  stm32f4xx_hal_spi.o(i.SPI_WaitFlagStateUntilTimeout)
    SPI_WaitFlagStateUntilTimeout            0x08003b1b   Thumb Code   150  stm32f4xx_hal_spi.o(i.SPI_WaitFlagStateUntilTimeout)
    i.SPIx_Error                             0x08003bb0   Section        0  stm32f429i_discovery.o(i.SPIx_Error)
    SPIx_Error                               0x08003bb1   Thumb Code    16  stm32f429i_discovery.o(i.SPIx_Error)
    i.SPIx_Init                              0x08003bc4   Section        0  stm32f429i_discovery.o(i.SPIx_Init)
    SPIx_Init                                0x08003bc5   Thumb Code   138  stm32f429i_discovery.o(i.SPIx_Init)
    i.SPIx_Write                             0x08003c60   Section        0  stm32f429i_discovery.o(i.SPIx_Write)
    SPIx_Write                               0x08003c61   Thumb Code    26  stm32f429i_discovery.o(i.SPIx_Write)
    i.SVC_Handler                            0x08003c84   Section        0  stm32f4xx_it.o(i.SVC_Handler)
    i.SysTick_Handler                        0x08003c86   Section        0  stm32f4xx_it.o(i.SysTick_Handler)
    i.SystemClock_Config                     0x08003c8c   Section        0  main.o(i.SystemClock_Config)
    i.SystemInit                             0x08003d28   Section        0  system_stm32f4xx.o(i.SystemInit)
    i.UsageFault_Handler                     0x08003d7c   Section        0  stm32f4xx_it.o(i.UsageFault_Handler)
    i.__scatterload_copy                     0x08003d7e   Section       14  handlers.o(i.__scatterload_copy)
    i.__scatterload_null                     0x08003d8c   Section        2  handlers.o(i.__scatterload_null)
    i.__scatterload_zeroinit                 0x08003d8e   Section       14  handlers.o(i.__scatterload_zeroinit)
    i.ili9341_DisplayOff                     0x08003d9c   Section        0  ili9341.o(i.ili9341_DisplayOff)
    i.ili9341_DisplayOn                      0x08003da2   Section        0  ili9341.o(i.ili9341_DisplayOn)
    i.ili9341_GetLcdPixelHeight              0x08003da8   Section        0  ili9341.o(i.ili9341_GetLcdPixelHeight)
    i.ili9341_GetLcdPixelWidth               0x08003dae   Section        0  ili9341.o(i.ili9341_GetLcdPixelWidth)
    i.ili9341_Init                           0x08003db2   Section        0  ili9341.o(i.ili9341_Init)
    i.ili9341_ReadID                         0x08004044   Section        0  ili9341.o(i.ili9341_ReadID)
    i.main                                   0x08004058   Section        0  main.o(i.main)
    i.stmpe811_ClearGlobalIT                 0x08004104   Section        0  stmpe811.o(i.stmpe811_ClearGlobalIT)
    i.stmpe811_DisableGlobalIT               0x0800410e   Section        0  stmpe811.o(i.stmpe811_DisableGlobalIT)
    i.stmpe811_DisableITSource               0x0800412a   Section        0  stmpe811.o(i.stmpe811_DisableITSource)
    i.stmpe811_EnableGlobalIT                0x08004148   Section        0  stmpe811.o(i.stmpe811_EnableGlobalIT)
    i.stmpe811_EnableITSource                0x08004164   Section        0  stmpe811.o(i.stmpe811_EnableITSource)
    i.stmpe811_GetInstance                   0x08004184   Section        0  stmpe811.o(i.stmpe811_GetInstance)
    stmpe811_GetInstance                     0x08004185   Thumb Code    24  stmpe811.o(i.stmpe811_GetInstance)
    i.stmpe811_IO_EnableAF                   0x080041a0   Section        0  stmpe811.o(i.stmpe811_IO_EnableAF)
    i.stmpe811_Init                          0x080041c0   Section        0  stmpe811.o(i.stmpe811_Init)
    i.stmpe811_ReadID                        0x080041f0   Section        0  stmpe811.o(i.stmpe811_ReadID)
    i.stmpe811_Reset                         0x08004210   Section        0  stmpe811.o(i.stmpe811_Reset)
    i.stmpe811_TS_ClearIT                    0x08004238   Section        0  stmpe811.o(i.stmpe811_TS_ClearIT)
    i.stmpe811_TS_DetectTouch                0x0800423e   Section        0  stmpe811.o(i.stmpe811_TS_DetectTouch)
    i.stmpe811_TS_DisableIT                  0x08004274   Section        0  stmpe811.o(i.stmpe811_TS_DisableIT)
    i.stmpe811_TS_EnableIT                   0x08004288   Section        0  stmpe811.o(i.stmpe811_TS_EnableIT)
    i.stmpe811_TS_GetXY                      0x080042a2   Section        0  stmpe811.o(i.stmpe811_TS_GetXY)
    i.stmpe811_TS_ITStatus                   0x080042e0   Section        0  stmpe811.o(i.stmpe811_TS_ITStatus)
    i.stmpe811_TS_Start                      0x080042f0   Section        0  stmpe811.o(i.stmpe811_TS_Start)
    .constdata                               0x08004392   Section     6840  stm32f429i_discovery_lcd.o(.constdata)
    .constdata                               0x08005e4a   Section    20054  main.o(.constdata)
    .constdata                               0x0800aca0   Section        8  stm32f4xx_hal_dma.o(.constdata)
    flagBitshiftOffset                       0x0800aca0   Data           8  stm32f4xx_hal_dma.o(.constdata)
    .constdata                               0x0800aca8   Section       16  system_stm32f4xx.o(.constdata)
    .constdata                               0x0800acb8   Section        8  system_stm32f4xx.o(.constdata)
    .data                                    0x20000000   Section       24  stm32f429i_discovery.o(.data)
    Is_LCD_IO_Initialized                    0x20000000   Data           1  stm32f429i_discovery.o(.data)
    .data                                    0x20000018   Section       16  stm32f429i_discovery_lcd.o(.data)
    ActiveLayer                              0x20000018   Data           4  stm32f429i_discovery_lcd.o(.data)
    .data                                    0x20000028   Section        1  stm32f429i_discovery_sdram.o(.data)
    sdramstatus                              0x20000028   Data           1  stm32f429i_discovery_sdram.o(.data)
    .data                                    0x2000002c   Section       16  stm32f429i_discovery_ts.o(.data)
    TsXBoundary                              0x2000002c   Data           2  stm32f429i_discovery_ts.o(.data)
    TsYBoundary                              0x2000002e   Data           2  stm32f429i_discovery_ts.o(.data)
    _x                                       0x20000030   Data           4  stm32f429i_discovery_ts.o(.data)
    _y                                       0x20000034   Data           4  stm32f429i_discovery_ts.o(.data)
    TsDrv                                    0x20000038   Data           4  stm32f429i_discovery_ts.o(.data)
    .data                                    0x2000003c   Section       56  ili9341.o(.data)
    .data                                    0x20000074   Section       40  stmpe811.o(.data)
    .data                                    0x2000009c   Section        2  stmpe811.o(.data)
    .data                                    0x200000a0   Section        8  fmc.o(.data)
    FMC_Initialized                          0x200000a0   Data           4  fmc.o(.data)
    FMC_DeInitialized                        0x200000a4   Data           4  fmc.o(.data)
    .data                                    0x200000a8   Section       12  stm32f4xx_hal.o(.data)
    .data                                    0x200000b4   Section        4  system_stm32f4xx.o(.data)
    .bss                                     0x200000b8   Section      172  stm32f429i_discovery.o(.bss)
    SpiHandle                                0x2000010c   Data          88  stm32f429i_discovery.o(.bss)
    .bss                                     0x20000164   Section      304  stm32f429i_discovery_lcd.o(.bss)
    Dma2dHandler                             0x2000020c   Data          64  stm32f429i_discovery_lcd.o(.bss)
    PeriphClkInitStruct                      0x2000024c   Data          48  stm32f429i_discovery_lcd.o(.bss)
    DrawProp                                 0x2000027c   Data          24  stm32f429i_discovery_lcd.o(.bss)
    .bss                                     0x20000294   Section      288  stm32f429i_discovery_sdram.o(.bss)
    dmaHandle                                0x20000294   Data          96  stm32f429i_discovery_sdram.o(.bss)
    dma_handle                               0x200002f4   Data          96  stm32f429i_discovery_sdram.o(.bss)
    SdramHandle                              0x20000354   Data          52  stm32f429i_discovery_sdram.o(.bss)
    Timing                                   0x20000388   Data          28  stm32f429i_discovery_sdram.o(.bss)
    Command                                  0x200003a4   Data          16  stm32f429i_discovery_sdram.o(.bss)
    .bss                                     0x200003b4   Section       64  dma2d.o(.bss)
    .bss                                     0x200003f4   Section       52  fmc.o(.bss)
    .bss                                     0x20000428   Section       84  i2c.o(.bss)
    .bss                                     0x2000047c   Section      168  ltdc.o(.bss)
    .bss                                     0x20000524   Section       88  spi.o(.bss)
    STACK                                    0x20000580   Section     1024  startup_stm32f429xx.o(STACK)

    Global Symbols

    Symbol Name                              Value     Ov Type        Size  Object(Section)

    BuildAttributes$$THM_ISAv4$E$P$D$K$B$S$7EM$VFPi3$EXTD16$VFPS$VFMA$PE$A:L22UL41UL21$X:L11$S22US41US21$IEEE1$IW$USESV6$~STKCKD$USESV7$~SHL$OSPACE$EBA8$MICROLIB$REQ8$PRES8$EABIv2 0x00000000   Number         0  anon$$obj.o ABSOLUTE
    __ARM_use_no_argv                        0x00000000   Number         0  main.o ABSOLUTE
    __cpp_initialize__aeabi_                  - Undefined Weak Reference
    __cxa_finalize                            - Undefined Weak Reference
    __decompress                              - Undefined Weak Reference
    _clock_init                               - Undefined Weak Reference
    _microlib_exit                            - Undefined Weak Reference
    __Vectors_Size                           0x000001ac   Number         0  startup_stm32f429xx.o ABSOLUTE
    __Vectors                                0x08000000   Data           4  startup_stm32f429xx.o(RESET)
    __Vectors_End                            0x080001ac   Data           0  startup_stm32f429xx.o(RESET)
    __main                                   0x080001ad   Thumb Code     0  entry.o(.ARM.Collect$$$$00000000)
    _main_stk                                0x080001ad   Thumb Code     0  entry2.o(.ARM.Collect$$$$00000001)
    _main_scatterload                        0x080001b1   Thumb Code     0  entry5.o(.ARM.Collect$$$$00000004)
    __main_after_scatterload                 0x080001b5   Thumb Code     0  entry5.o(.ARM.Collect$$$$00000004)
    _main_clock                              0x080001b5   Thumb Code     0  entry7b.o(.ARM.Collect$$$$00000008)
    _main_cpp_init                           0x080001b5   Thumb Code     0  entry8b.o(.ARM.Collect$$$$0000000A)
    _main_init                               0x080001b5   Thumb Code     0  entry9a.o(.ARM.Collect$$$$0000000B)
    __rt_final_cpp                           0x080001bd   Thumb Code     0  entry10a.o(.ARM.Collect$$$$0000000D)
    __rt_final_exit                          0x080001bd   Thumb Code     0  entry11a.o(.ARM.Collect$$$$0000000F)
    Reset_Handler                            0x080001c1   Thumb Code     8  startup_stm32f429xx.o(.text)
    ADC_IRQHandler                           0x080001db   Thumb Code     0  startup_stm32f429xx.o(.text)
    CAN1_RX0_IRQHandler                      0x080001db   Thumb Code     0  startup_stm32f429xx.o(.text)
    CAN1_RX1_IRQHandler                      0x080001db   Thumb Code     0  startup_stm32f429xx.o(.text)
    CAN1_SCE_IRQHandler                      0x080001db   Thumb Code     0  startup_stm32f429xx.o(.text)
    CAN1_TX_IRQHandler                       0x080001db   Thumb Code     0  startup_stm32f429xx.o(.text)
    CAN2_RX0_IRQHandler                      0x080001db   Thumb Code     0  startup_stm32f429xx.o(.text)
    CAN2_RX1_IRQHandler                      0x080001db   Thumb Code     0  startup_stm32f429xx.o(.text)
    CAN2_SCE_IRQHandler                      0x080001db   Thumb Code     0  startup_stm32f429xx.o(.text)
    CAN2_TX_IRQHandler                       0x080001db   Thumb Code     0  startup_stm32f429xx.o(.text)
    DCMI_IRQHandler                          0x080001db   Thumb Code     0  startup_stm32f429xx.o(.text)
    DMA1_Stream0_IRQHandler                  0x080001db   Thumb Code     0  startup_stm32f429xx.o(.text)
    DMA1_Stream1_IRQHandler                  0x080001db   Thumb Code     0  startup_stm32f429xx.o(.text)
    DMA1_Stream2_IRQHandler                  0x080001db   Thumb Code     0  startup_stm32f429xx.o(.text)
    DMA1_Stream3_IRQHandler                  0x080001db   Thumb Code     0  startup_stm32f429xx.o(.text)
    DMA1_Stream4_IRQHandler                  0x080001db   Thumb Code     0  startup_stm32f429xx.o(.text)
    DMA1_Stream5_IRQHandler                  0x080001db   Thumb Code     0  startup_stm32f429xx.o(.text)
    DMA1_Stream6_IRQHandler                  0x080001db   Thumb Code     0  startup_stm32f429xx.o(.text)
    DMA1_Stream7_IRQHandler                  0x080001db   Thumb Code     0  startup_stm32f429xx.o(.text)
    DMA2D_IRQHandler                         0x080001db   Thumb Code     0  startup_stm32f429xx.o(.text)
    DMA2_Stream0_IRQHandler                  0x080001db   Thumb Code     0  startup_stm32f429xx.o(.text)
    DMA2_Stream1_IRQHandler                  0x080001db   Thumb Code     0  startup_stm32f429xx.o(.text)
    DMA2_Stream2_IRQHandler                  0x080001db   Thumb Code     0  startup_stm32f429xx.o(.text)
    DMA2_Stream3_IRQHandler                  0x080001db   Thumb Code     0  startup_stm32f429xx.o(.text)
    DMA2_Stream4_IRQHandler                  0x080001db   Thumb Code     0  startup_stm32f429xx.o(.text)
    DMA2_Stream5_IRQHandler                  0x080001db   Thumb Code     0  startup_stm32f429xx.o(.text)
    DMA2_Stream6_IRQHandler                  0x080001db   Thumb Code     0  startup_stm32f429xx.o(.text)
    DMA2_Stream7_IRQHandler                  0x080001db   Thumb Code     0  startup_stm32f429xx.o(.text)
    ETH_IRQHandler                           0x080001db   Thumb Code     0  startup_stm32f429xx.o(.text)
    ETH_WKUP_IRQHandler                      0x080001db   Thumb Code     0  startup_stm32f429xx.o(.text)
    EXTI0_IRQHandler                         0x080001db   Thumb Code     0  startup_stm32f429xx.o(.text)
    EXTI15_10_IRQHandler                     0x080001db   Thumb Code     0  startup_stm32f429xx.o(.text)
    EXTI1_IRQHandler                         0x080001db   Thumb Code     0  startup_stm32f429xx.o(.text)
    EXTI2_IRQHandler                         0x080001db   Thumb Code     0  startup_stm32f429xx.o(.text)
    EXTI3_IRQHandler                         0x080001db   Thumb Code     0  startup_stm32f429xx.o(.text)
    EXTI4_IRQHandler                         0x080001db   Thumb Code     0  startup_stm32f429xx.o(.text)
    EXTI9_5_IRQHandler                       0x080001db   Thumb Code     0  startup_stm32f429xx.o(.text)
    FLASH_IRQHandler                         0x080001db   Thumb Code     0  startup_stm32f429xx.o(.text)
    FMC_IRQHandler                           0x080001db   Thumb Code     0  startup_stm32f429xx.o(.text)
    FPU_IRQHandler                           0x080001db   Thumb Code     0  startup_stm32f429xx.o(.text)
    HASH_RNG_IRQHandler                      0x080001db   Thumb Code     0  startup_stm32f429xx.o(.text)
    I2C1_ER_IRQHandler                       0x080001db   Thumb Code     0  startup_stm32f429xx.o(.text)
    I2C1_EV_IRQHandler                       0x080001db   Thumb Code     0  startup_stm32f429xx.o(.text)
    I2C2_ER_IRQHandler                       0x080001db   Thumb Code     0  startup_stm32f429xx.o(.text)
    I2C2_EV_IRQHandler                       0x080001db   Thumb Code     0  startup_stm32f429xx.o(.text)
    I2C3_ER_IRQHandler                       0x080001db   Thumb Code     0  startup_stm32f429xx.o(.text)
    I2C3_EV_IRQHandler                       0x080001db   Thumb Code     0  startup_stm32f429xx.o(.text)
    LTDC_ER_IRQHandler                       0x080001db   Thumb Code     0  startup_stm32f429xx.o(.text)
    LTDC_IRQHandler                          0x080001db   Thumb Code     0  startup_stm32f429xx.o(.text)
    OTG_FS_IRQHandler                        0x080001db   Thumb Code     0  startup_stm32f429xx.o(.text)
    OTG_FS_WKUP_IRQHandler                   0x080001db   Thumb Code     0  startup_stm32f429xx.o(.text)
    OTG_HS_EP1_IN_IRQHandler                 0x080001db   Thumb Code     0  startup_stm32f429xx.o(.text)
    OTG_HS_EP1_OUT_IRQHandler                0x080001db   Thumb Code     0  startup_stm32f429xx.o(.text)
    OTG_HS_IRQHandler                        0x080001db   Thumb Code     0  startup_stm32f429xx.o(.text)
    OTG_HS_WKUP_IRQHandler                   0x080001db   Thumb Code     0  startup_stm32f429xx.o(.text)
    PVD_IRQHandler                           0x080001db   Thumb Code     0  startup_stm32f429xx.o(.text)
    RCC_IRQHandler                           0x080001db   Thumb Code     0  startup_stm32f429xx.o(.text)
    RTC_Alarm_IRQHandler                     0x080001db   Thumb Code     0  startup_stm32f429xx.o(.text)
    RTC_WKUP_IRQHandler                      0x080001db   Thumb Code     0  startup_stm32f429xx.o(.text)
    SAI1_IRQHandler                          0x080001db   Thumb Code     0  startup_stm32f429xx.o(.text)
    SDIO_IRQHandler                          0x080001db   Thumb Code     0  startup_stm32f429xx.o(.text)
    SPI1_IRQHandler                          0x080001db   Thumb Code     0  startup_stm32f429xx.o(.text)
    SPI2_IRQHandler                          0x080001db   Thumb Code     0  startup_stm32f429xx.o(.text)
    SPI3_IRQHandler                          0x080001db   Thumb Code     0  startup_stm32f429xx.o(.text)
    SPI4_IRQHandler                          0x080001db   Thumb Code     0  startup_stm32f429xx.o(.text)
    SPI5_IRQHandler                          0x080001db   Thumb Code     0  startup_stm32f429xx.o(.text)
    SPI6_IRQHandler                          0x080001db   Thumb Code     0  startup_stm32f429xx.o(.text)
    TAMP_STAMP_IRQHandler                    0x080001db   Thumb Code     0  startup_stm32f429xx.o(.text)
    TIM1_BRK_TIM9_IRQHandler                 0x080001db   Thumb Code     0  startup_stm32f429xx.o(.text)
    TIM1_CC_IRQHandler                       0x080001db   Thumb Code     0  startup_stm32f429xx.o(.text)
    TIM1_TRG_COM_TIM11_IRQHandler            0x080001db   Thumb Code     0  startup_stm32f429xx.o(.text)
    TIM1_UP_TIM10_IRQHandler                 0x080001db   Thumb Code     0  startup_stm32f429xx.o(.text)
    TIM2_IRQHandler                          0x080001db   Thumb Code     0  startup_stm32f429xx.o(.text)
    TIM3_IRQHandler                          0x080001db   Thumb Code     0  startup_stm32f429xx.o(.text)
    TIM4_IRQHandler                          0x080001db   Thumb Code     0  startup_stm32f429xx.o(.text)
    TIM5_IRQHandler                          0x080001db   Thumb Code     0  startup_stm32f429xx.o(.text)
    TIM6_DAC_IRQHandler                      0x080001db   Thumb Code     0  startup_stm32f429xx.o(.text)
    TIM7_IRQHandler                          0x080001db   Thumb Code     0  startup_stm32f429xx.o(.text)
    TIM8_BRK_TIM12_IRQHandler                0x080001db   Thumb Code     0  startup_stm32f429xx.o(.text)
    TIM8_CC_IRQHandler                       0x080001db   Thumb Code     0  startup_stm32f429xx.o(.text)
    TIM8_TRG_COM_TIM14_IRQHandler            0x080001db   Thumb Code     0  startup_stm32f429xx.o(.text)
    TIM8_UP_TIM13_IRQHandler                 0x080001db   Thumb Code     0  startup_stm32f429xx.o(.text)
    UART4_IRQHandler                         0x080001db   Thumb Code     0  startup_stm32f429xx.o(.text)
    UART5_IRQHandler                         0x080001db   Thumb Code     0  startup_stm32f429xx.o(.text)
    UART7_IRQHandler                         0x080001db   Thumb Code     0  startup_stm32f429xx.o(.text)
    UART8_IRQHandler                         0x080001db   Thumb Code     0  startup_stm32f429xx.o(.text)
    USART1_IRQHandler                        0x080001db   Thumb Code     0  startup_stm32f429xx.o(.text)
    USART2_IRQHandler                        0x080001db   Thumb Code     0  startup_stm32f429xx.o(.text)
    USART3_IRQHandler                        0x080001db   Thumb Code     0  startup_stm32f429xx.o(.text)
    USART6_IRQHandler                        0x080001db   Thumb Code     0  startup_stm32f429xx.o(.text)
    WWDG_IRQHandler                          0x080001db   Thumb Code     0  startup_stm32f429xx.o(.text)
    __aeabi_uldivmod                         0x080001e5   Thumb Code    98  uldiv.o(.text)
    __aeabi_memcpy                           0x08000247   Thumb Code    36  memcpya.o(.text)
    __aeabi_memcpy4                          0x08000247   Thumb Code     0  memcpya.o(.text)
    __aeabi_memcpy8                          0x08000247   Thumb Code     0  memcpya.o(.text)
    __aeabi_memset                           0x0800026b   Thumb Code    14  memseta.o(.text)
    __aeabi_memset4                          0x0800026b   Thumb Code     0  memseta.o(.text)
    __aeabi_memset8                          0x0800026b   Thumb Code     0  memseta.o(.text)
    __aeabi_memclr                           0x08000279   Thumb Code     4  memseta.o(.text)
    __aeabi_memclr4                          0x08000279   Thumb Code     0  memseta.o(.text)
    __aeabi_memclr8                          0x08000279   Thumb Code     0  memseta.o(.text)
    _memset$wrapper                          0x0800027d   Thumb Code    18  memseta.o(.text)
    __aeabi_llsl                             0x0800028f   Thumb Code    30  llshl.o(.text)
    _ll_shift_l                              0x0800028f   Thumb Code     0  llshl.o(.text)
    __aeabi_llsr                             0x080002ad   Thumb Code    32  llushr.o(.text)
    _ll_ushift_r                             0x080002ad   Thumb Code     0  llushr.o(.text)
    __scatterload                            0x080002cd   Thumb Code    28  init.o(.text)
    __scatterload_rt2                        0x080002cd   Thumb Code     0  init.o(.text)
    BSP_LCD_Clear                            0x080002f1   Thumb Code    50  stm32f429i_discovery_lcd.o(i.BSP_LCD_Clear)
    BSP_LCD_DisplayChar                      0x0800032d   Thumb Code    44  stm32f429i_discovery_lcd.o(i.BSP_LCD_DisplayChar)
    BSP_LCD_DisplayOn                        0x08000361   Thumb Code    14  stm32f429i_discovery_lcd.o(i.BSP_LCD_DisplayOn)
    BSP_LCD_DisplayStringAt                  0x08000375   Thumb Code   188  stm32f429i_discovery_lcd.o(i.BSP_LCD_DisplayStringAt)
    BSP_LCD_DisplayStringAtLine              0x08000439   Thumb Code    28  stm32f429i_discovery_lcd.o(i.BSP_LCD_DisplayStringAtLine)
    BSP_LCD_DrawBitmap                       0x08000455   Thumb Code   196  stm32f429i_discovery_lcd.o(i.BSP_LCD_DrawBitmap)
    BSP_LCD_DrawPixel                        0x08000521   Thumb Code    42  stm32f429i_discovery_lcd.o(i.BSP_LCD_DrawPixel)
    BSP_LCD_GetFont                          0x08000555   Thumb Code    18  stm32f429i_discovery_lcd.o(i.BSP_LCD_GetFont)
    BSP_LCD_GetXSize                         0x08000571   Thumb Code     8  stm32f429i_discovery_lcd.o(i.BSP_LCD_GetXSize)
    BSP_LCD_GetYSize                         0x0800057d   Thumb Code     8  stm32f429i_discovery_lcd.o(i.BSP_LCD_GetYSize)
    BSP_LCD_Init                             0x08000589   Thumb Code   130  stm32f429i_discovery_lcd.o(i.BSP_LCD_Init)
    BSP_LCD_LayerDefaultInit                 0x0800061d   Thumb Code   116  stm32f429i_discovery_lcd.o(i.BSP_LCD_LayerDefaultInit)
    BSP_LCD_MspInit                          0x0800069d   Thumb Code   270  stm32f429i_discovery_lcd.o(i.BSP_LCD_MspInit)
    BSP_LCD_SelectLayer                      0x080007c9   Thumb Code     6  stm32f429i_discovery_lcd.o(i.BSP_LCD_SelectLayer)
    BSP_LCD_SetFont                          0x080007d5   Thumb Code    18  stm32f429i_discovery_lcd.o(i.BSP_LCD_SetFont)
    BSP_LCD_SetTextColor                     0x080007f1   Thumb Code    16  stm32f429i_discovery_lcd.o(i.BSP_LCD_SetTextColor)
    BSP_SDRAM_Init                           0x08000809   Thumb Code   106  stm32f429i_discovery_sdram.o(i.BSP_SDRAM_Init)
    BSP_SDRAM_Initialization_sequence        0x08000881   Thumb Code   132  stm32f429i_discovery_sdram.o(i.BSP_SDRAM_Initialization_sequence)
    BSP_SDRAM_MspInit                        0x08000909   Thumb Code   320  stm32f429i_discovery_sdram.o(i.BSP_SDRAM_MspInit)
    BSP_TS_GetState                          0x08000a6d   Thumb Code   170  stm32f429i_discovery_ts.o(i.BSP_TS_GetState)
    BSP_TS_Init                              0x08000b1d   Thumb Code    48  stm32f429i_discovery_ts.o(i.BSP_TS_Init)
    BusFault_Handler                         0x08000b55   Thumb Code     2  stm32f4xx_it.o(i.BusFault_Handler)
    DebugMon_Handler                         0x08000cd1   Thumb Code     2  stm32f4xx_it.o(i.DebugMon_Handler)
    Error_Handler                            0x08000d89   Thumb Code     2  main.o(i.Error_Handler)
    FMC_SDRAM_Init                           0x08000d8b   Thumb Code    80  stm32f4xx_ll_fmc.o(i.FMC_SDRAM_Init)
    FMC_SDRAM_ProgramRefreshRate             0x08000ddb   Thumb Code    12  stm32f4xx_ll_fmc.o(i.FMC_SDRAM_ProgramRefreshRate)
    FMC_SDRAM_SendCommand                    0x08000de7   Thumb Code    72  stm32f4xx_ll_fmc.o(i.FMC_SDRAM_SendCommand)
    FMC_SDRAM_Timing_Init                    0x08000e31   Thumb Code   124  stm32f4xx_ll_fmc.o(i.FMC_SDRAM_Timing_Init)
    HAL_DMA2D_ConfigLayer                    0x08000f11   Thumb Code   162  stm32f4xx_hal_dma2d.o(i.HAL_DMA2D_ConfigLayer)
    HAL_DMA2D_Init                           0x08000fb9   Thumb Code    90  stm32f4xx_hal_dma2d.o(i.HAL_DMA2D_Init)
    HAL_DMA2D_MspInit                        0x08001015   Thumb Code    30  dma2d.o(i.HAL_DMA2D_MspInit)
    HAL_DMA2D_PollForTransfer                0x0800103d   Thumb Code   268  stm32f4xx_hal_dma2d.o(i.HAL_DMA2D_PollForTransfer)
    HAL_DMA2D_Start                          0x08001149   Thumb Code    52  stm32f4xx_hal_dma2d.o(i.HAL_DMA2D_Start)
    HAL_DMA_DeInit                           0x0800117d   Thumb Code    86  stm32f4xx_hal_dma.o(i.HAL_DMA_DeInit)
    HAL_DMA_Init                             0x080011d5   Thumb Code   206  stm32f4xx_hal_dma.o(i.HAL_DMA_Init)
    HAL_Delay                                0x080012a9   Thumb Code    32  stm32f4xx_hal.o(i.HAL_Delay)
    HAL_GPIO_DeInit                          0x080013a1   Thumb Code   320  stm32f4xx_hal_gpio.o(i.HAL_GPIO_DeInit)
    HAL_GPIO_Init                            0x08001511   Thumb Code   408  stm32f4xx_hal_gpio.o(i.HAL_GPIO_Init)
    HAL_GPIO_WritePin                        0x080016dd   Thumb Code    10  stm32f4xx_hal_gpio.o(i.HAL_GPIO_WritePin)
    HAL_GetTick                              0x080016e9   Thumb Code     6  stm32f4xx_hal.o(i.HAL_GetTick)
    HAL_I2CEx_ConfigAnalogFilter             0x080016f5   Thumb Code    66  stm32f4xx_hal_i2c_ex.o(i.HAL_I2CEx_ConfigAnalogFilter)
    HAL_I2CEx_ConfigDigitalFilter            0x08001737   Thumb Code    62  stm32f4xx_hal_i2c_ex.o(i.HAL_I2CEx_ConfigDigitalFilter)
    HAL_I2C_DeInit                           0x08001775   Thumb Code    50  stm32f4xx_hal_i2c.o(i.HAL_I2C_DeInit)
    HAL_I2C_GetState                         0x080017a7   Thumb Code     6  stm32f4xx_hal_i2c.o(i.HAL_I2C_GetState)
    HAL_I2C_Init                             0x080017ad   Thumb Code   254  stm32f4xx_hal_i2c.o(i.HAL_I2C_Init)
    HAL_I2C_Mem_Read                         0x080018b5   Thumb Code   496  stm32f4xx_hal_i2c.o(i.HAL_I2C_Mem_Read)
    HAL_I2C_Mem_Write                        0x08001ab1   Thumb Code   306  stm32f4xx_hal_i2c.o(i.HAL_I2C_Mem_Write)
    HAL_I2C_MspDeInit                        0x08001bed   Thumb Code    44  i2c.o(i.HAL_I2C_MspDeInit)
    HAL_I2C_MspInit                          0x08001c29   Thumb Code   126  i2c.o(i.HAL_I2C_MspInit)
    HAL_IncTick                              0x08001cb9   Thumb Code    12  stm32f4xx_hal.o(i.HAL_IncTick)
    HAL_Init                                 0x08001cc9   Thumb Code    48  stm32f4xx_hal.o(i.HAL_Init)
    HAL_InitTick                             0x08001cfd   Thumb Code    54  stm32f4xx_hal.o(i.HAL_InitTick)
    HAL_LTDC_ConfigLayer                     0x08001d3d   Thumb Code    82  stm32f4xx_hal_ltdc.o(i.HAL_LTDC_ConfigLayer)
    HAL_LTDC_EnableDither                    0x08001d91   Thumb Code    42  stm32f4xx_hal_ltdc.o(i.HAL_LTDC_EnableDither)
    HAL_LTDC_Init                            0x08001dc1   Thumb Code   238  stm32f4xx_hal_ltdc.o(i.HAL_LTDC_Init)
    HAL_LTDC_MspInit                         0x08001eb5   Thumb Code   340  ltdc.o(i.HAL_LTDC_MspInit)
    HAL_MspInit                              0x08002029   Thumb Code    48  stm32f4xx_hal_msp.o(i.HAL_MspInit)
    HAL_NVIC_EnableIRQ                       0x0800205d   Thumb Code    22  stm32f4xx_hal_cortex.o(i.HAL_NVIC_EnableIRQ)
    HAL_NVIC_SetPriority                     0x08002075   Thumb Code    60  stm32f4xx_hal_cortex.o(i.HAL_NVIC_SetPriority)
    HAL_NVIC_SetPriorityGrouping             0x080020b5   Thumb Code    26  stm32f4xx_hal_cortex.o(i.HAL_NVIC_SetPriorityGrouping)
    HAL_RCCEx_PeriphCLKConfig                0x080020d9   Thumb Code   528  stm32f4xx_hal_rcc_ex.o(i.HAL_RCCEx_PeriphCLKConfig)
    HAL_RCC_ClockConfig                      0x0800230d   Thumb Code   286  stm32f4xx_hal_rcc.o(i.HAL_RCC_ClockConfig)
    HAL_RCC_GetPCLK1Freq                     0x0800243d   Thumb Code    20  stm32f4xx_hal_rcc.o(i.HAL_RCC_GetPCLK1Freq)
    HAL_RCC_GetSysClockFreq                  0x0800245d   Thumb Code    88  stm32f4xx_hal_rcc.o(i.HAL_RCC_GetSysClockFreq)
    HAL_RCC_OscConfig                        0x080024bd   Thumb Code   770  stm32f4xx_hal_rcc.o(i.HAL_RCC_OscConfig)
    HAL_SDRAM_Init                           0x080027d9   Thumb Code    66  stm32f4xx_hal_sdram.o(i.HAL_SDRAM_Init)
    HAL_SDRAM_MspInit                        0x0800281b   Thumb Code     4  fmc.o(i.HAL_SDRAM_MspInit)
    HAL_SDRAM_ProgramRefreshRate             0x0800281f   Thumb Code    34  stm32f4xx_hal_sdram.o(i.HAL_SDRAM_ProgramRefreshRate)
    HAL_SDRAM_SendCommand                    0x08002841   Thumb Code    48  stm32f4xx_hal_sdram.o(i.HAL_SDRAM_SendCommand)
    HAL_SPI_DeInit                           0x08002871   Thumb Code    46  stm32f4xx_hal_spi.o(i.HAL_SPI_DeInit)
    HAL_SPI_GetState                         0x0800289f   Thumb Code     6  stm32f4xx_hal_spi.o(i.HAL_SPI_GetState)
    HAL_SPI_Init                             0x080028a5   Thumb Code   128  stm32f4xx_hal_spi.o(i.HAL_SPI_Init)
    HAL_SPI_MspDeInit                        0x08002925   Thumb Code    30  spi.o(i.HAL_SPI_MspDeInit)
    HAL_SPI_MspInit                          0x08002951   Thumb Code    92  spi.o(i.HAL_SPI_MspInit)
    HAL_SPI_Receive                          0x080029b9   Thumb Code   336  stm32f4xx_hal_spi.o(i.HAL_SPI_Receive)
    HAL_SPI_Transmit                         0x08002b09   Thumb Code   360  stm32f4xx_hal_spi.o(i.HAL_SPI_Transmit)
    HAL_SPI_TransmitReceive                  0x08002c71   Thumb Code   472  stm32f4xx_hal_spi.o(i.HAL_SPI_TransmitReceive)
    HAL_SYSTICK_Config                       0x08002e49   Thumb Code    40  stm32f4xx_hal_cortex.o(i.HAL_SYSTICK_Config)
    HardFault_Handler                        0x08002e71   Thumb Code     2  stm32f4xx_it.o(i.HardFault_Handler)
    IOE_Delay                                0x08003329   Thumb Code     4  stm32f429i_discovery.o(i.IOE_Delay)
    IOE_ITConfig                             0x0800332d   Thumb Code    68  stm32f429i_discovery.o(i.IOE_ITConfig)
    IOE_Init                                 0x0800337d   Thumb Code     4  stm32f429i_discovery.o(i.IOE_Init)
    IOE_Read                                 0x08003381   Thumb Code    44  stm32f429i_discovery.o(i.IOE_Read)
    IOE_ReadMultiple                         0x080033b5   Thumb Code    38  stm32f429i_discovery.o(i.IOE_ReadMultiple)
    IOE_Write                                0x080033e5   Thumb Code    40  stm32f429i_discovery.o(i.IOE_Write)
    LCD_Delay                                0x08003415   Thumb Code     4  stm32f429i_discovery.o(i.LCD_Delay)
    LCD_IO_Init                              0x08003419   Thumb Code   150  stm32f429i_discovery.o(i.LCD_IO_Init)
    LCD_IO_ReadData                          0x080034c1   Thumb Code    92  stm32f429i_discovery.o(i.LCD_IO_ReadData)
    LCD_IO_WriteData                         0x0800352d   Thumb Code    46  stm32f429i_discovery.o(i.LCD_IO_WriteData)
    LCD_IO_WriteReg                          0x08003565   Thumb Code    48  stm32f429i_discovery.o(i.LCD_IO_WriteReg)
    MX_DMA2D_Init                            0x08003701   Thumb Code    58  dma2d.o(i.MX_DMA2D_Init)
    MX_FMC_Init                              0x08003745   Thumb Code    74  fmc.o(i.MX_FMC_Init)
    MX_GPIO_Init                             0x08003799   Thumb Code   422  gpio.o(i.MX_GPIO_Init)
    MX_I2C3_Init                             0x0800395d   Thumb Code    78  i2c.o(i.MX_I2C3_Init)
    MX_LTDC_Init                             0x080039b9   Thumb Code   208  ltdc.o(i.MX_LTDC_Init)
    MX_SPI5_Init                             0x08003a91   Thumb Code    60  spi.o(i.MX_SPI5_Init)
    MemManage_Handler                        0x08003ad5   Thumb Code     2  stm32f4xx_it.o(i.MemManage_Handler)
    NMI_Handler                              0x08003ad7   Thumb Code     2  stm32f4xx_it.o(i.NMI_Handler)
    PendSV_Handler                           0x08003af9   Thumb Code     2  stm32f4xx_it.o(i.PendSV_Handler)
    SVC_Handler                              0x08003c85   Thumb Code     2  stm32f4xx_it.o(i.SVC_Handler)
    SysTick_Handler                          0x08003c87   Thumb Code     4  stm32f4xx_it.o(i.SysTick_Handler)
    SystemClock_Config                       0x08003c8d   Thumb Code   148  main.o(i.SystemClock_Config)
    SystemInit                               0x08003d29   Thumb Code    66  system_stm32f4xx.o(i.SystemInit)
    UsageFault_Handler                       0x08003d7d   Thumb Code     2  stm32f4xx_it.o(i.UsageFault_Handler)
    __scatterload_copy                       0x08003d7f   Thumb Code    14  handlers.o(i.__scatterload_copy)
    __scatterload_null                       0x08003d8d   Thumb Code     2  handlers.o(i.__scatterload_null)
    __scatterload_zeroinit                   0x08003d8f   Thumb Code    14  handlers.o(i.__scatterload_zeroinit)
    ili9341_DisplayOff                       0x08003d9d   Thumb Code     6  ili9341.o(i.ili9341_DisplayOff)
    ili9341_DisplayOn                        0x08003da3   Thumb Code     6  ili9341.o(i.ili9341_DisplayOn)
    ili9341_GetLcdPixelHeight                0x08003da9   Thumb Code     6  ili9341.o(i.ili9341_GetLcdPixelHeight)
    ili9341_GetLcdPixelWidth                 0x08003daf   Thumb Code     4  ili9341.o(i.ili9341_GetLcdPixelWidth)
    ili9341_Init                             0x08003db3   Thumb Code   658  ili9341.o(i.ili9341_Init)
    ili9341_ReadID                           0x08004045   Thumb Code    18  ili9341.o(i.ili9341_ReadID)
    main                                     0x08004059   Thumb Code   146  main.o(i.main)
    stmpe811_ClearGlobalIT                   0x08004105   Thumb Code    10  stmpe811.o(i.stmpe811_ClearGlobalIT)
    stmpe811_DisableGlobalIT                 0x0800410f   Thumb Code    28  stmpe811.o(i.stmpe811_DisableGlobalIT)
    stmpe811_DisableITSource                 0x0800412b   Thumb Code    30  stmpe811.o(i.stmpe811_DisableITSource)
    stmpe811_EnableGlobalIT                  0x08004149   Thumb Code    28  stmpe811.o(i.stmpe811_EnableGlobalIT)
    stmpe811_EnableITSource                  0x08004165   Thumb Code    30  stmpe811.o(i.stmpe811_EnableITSource)
    stmpe811_IO_EnableAF                     0x080041a1   Thumb Code    30  stmpe811.o(i.stmpe811_IO_EnableAF)
    stmpe811_Init                            0x080041c1   Thumb Code    42  stmpe811.o(i.stmpe811_Init)
    stmpe811_ReadID                          0x080041f1   Thumb Code    32  stmpe811.o(i.stmpe811_ReadID)
    stmpe811_Reset                           0x08004211   Thumb Code    40  stmpe811.o(i.stmpe811_Reset)
    stmpe811_TS_ClearIT                      0x08004239   Thumb Code     6  stmpe811.o(i.stmpe811_TS_ClearIT)
    stmpe811_TS_DetectTouch                  0x0800423f   Thumb Code    54  stmpe811.o(i.stmpe811_TS_DetectTouch)
    stmpe811_TS_DisableIT                    0x08004275   Thumb Code    20  stmpe811.o(i.stmpe811_TS_DisableIT)
    stmpe811_TS_EnableIT                     0x08004289   Thumb Code    26  stmpe811.o(i.stmpe811_TS_EnableIT)
    stmpe811_TS_GetXY                        0x080042a3   Thumb Code    62  stmpe811.o(i.stmpe811_TS_GetXY)
    stmpe811_TS_ITStatus                     0x080042e1   Thumb Code    16  stmpe811.o(i.stmpe811_TS_ITStatus)
    stmpe811_TS_Start                        0x080042f1   Thumb Code   162  stmpe811.o(i.stmpe811_TS_Start)
    Font24_Table                             0x08004392   Data        6840  stm32f429i_discovery_lcd.o(.constdata)
    ImageBuffer                              0x08005e4a   Data       20054  main.o(.constdata)
    AHBPrescTable                            0x0800aca8   Data          16  system_stm32f4xx.o(.constdata)
    APBPrescTable                            0x0800acb8   Data           8  system_stm32f4xx.o(.constdata)
    Region$$Table$$Base                      0x0800acc0   Number         0  anon$$obj.o(Region$$Table)
    Region$$Table$$Limit                     0x0800ace0   Number         0  anon$$obj.o(Region$$Table)
    BUTTON_PORT                              0x20000004   Data           4  stm32f429i_discovery.o(.data)
    I2cxTimeout                              0x20000008   Data           4  stm32f429i_discovery.o(.data)
    SpixTimeout                              0x2000000c   Data           4  stm32f429i_discovery.o(.data)
    GPIO_PORT                                0x20000010   Data           8  stm32f429i_discovery.o(.data)
    LcdDrv                                   0x2000001c   Data           4  stm32f429i_discovery_lcd.o(.data)
    Font24                                   0x20000020   Data           8  stm32f429i_discovery_lcd.o(.data)
    ili9341_drv                              0x2000003c   Data          56  ili9341.o(.data)
    stmpe811_ts_drv                          0x20000074   Data          40  stmpe811.o(.data)
    stmpe811                                 0x2000009c   Data           2  stmpe811.o(.data)
    uwTickFreq                               0x200000a8   Data           1  stm32f4xx_hal.o(.data)
    uwTickPrio                               0x200000ac   Data           4  stm32f4xx_hal.o(.data)
    uwTick                                   0x200000b0   Data           4  stm32f4xx_hal.o(.data)
    SystemCoreClock                          0x200000b4   Data           4  system_stm32f4xx.o(.data)
    I2cHandle                                0x200000b8   Data          84  stm32f429i_discovery.o(.bss)
    LtdcHandler                              0x20000164   Data         168  stm32f429i_discovery_lcd.o(.bss)
    hdma2d                                   0x200003b4   Data          64  dma2d.o(.bss)
    hsdram1                                  0x200003f4   Data          52  fmc.o(.bss)
    hi2c3                                    0x20000428   Data          84  i2c.o(.bss)
    hltdc                                    0x2000047c   Data         168  ltdc.o(.bss)
    hspi5                                    0x20000524   Data          88  spi.o(.bss)
    __initial_sp                             0x20000980   Data           0  startup_stm32f429xx.o(STACK)



==============================================================================

Memory Map of the image

  Image Entry point : 0x080001ad

  Load Region LR_IROM1 (Base: 0x08000000, Size: 0x0000ad98, Max: 0x00200000, ABSOLUTE)

    Execution Region ER_IROM1 (Exec base: 0x08000000, Load base: 0x08000000, Size: 0x0000ace0, Max: 0x00200000, ABSOLUTE)

    Exec Addr    Load Addr    Size         Type   Attr      Idx    E Section Name        Object

    0x08000000   0x08000000   0x000001ac   Data   RO            3    RESET               startup_stm32f429xx.o
    0x080001ac   0x080001ac   0x00000000   Code   RO         4337  * .ARM.Collect$$$$00000000  mc_w.l(entry.o)
    0x080001ac   0x080001ac   0x00000004   Code   RO         4348    .ARM.Collect$$$$00000001  mc_w.l(entry2.o)
    0x080001b0   0x080001b0   0x00000004   Code   RO         4351    .ARM.Collect$$$$00000004  mc_w.l(entry5.o)
    0x080001b4   0x080001b4   0x00000000   Code   RO         4353    .ARM.Collect$$$$00000008  mc_w.l(entry7b.o)
    0x080001b4   0x080001b4   0x00000000   Code   RO         4355    .ARM.Collect$$$$0000000A  mc_w.l(entry8b.o)
    0x080001b4   0x080001b4   0x00000008   Code   RO         4356    .ARM.Collect$$$$0000000B  mc_w.l(entry9a.o)
    0x080001bc   0x080001bc   0x00000000   Code   RO         4358    .ARM.Collect$$$$0000000D  mc_w.l(entry10a.o)
    0x080001bc   0x080001bc   0x00000000   Code   RO         4360    .ARM.Collect$$$$0000000F  mc_w.l(entry11a.o)
    0x080001bc   0x080001bc   0x00000004   Code   RO         4349    .ARM.Collect$$$$00002712  mc_w.l(entry2.o)
    0x080001c0   0x080001c0   0x00000024   Code   RO            4    .text               startup_stm32f429xx.o
    0x080001e4   0x080001e4   0x00000062   Code   RO         4340    .text               mc_w.l(uldiv.o)
    0x08000246   0x08000246   0x00000024   Code   RO         4342    .text               mc_w.l(memcpya.o)
    0x0800026a   0x0800026a   0x00000024   Code   RO         4344    .text               mc_w.l(memseta.o)
    0x0800028e   0x0800028e   0x0000001e   Code   RO         4362    .text               mc_w.l(llshl.o)
    0x080002ac   0x080002ac   0x00000020   Code   RO         4364    .text               mc_w.l(llushr.o)
    0x080002cc   0x080002cc   0x00000024   Code   RO         4366    .text               mc_w.l(init.o)
    0x080002f0   0x080002f0   0x0000003c   Code   RO          387    i.BSP_LCD_Clear     stm32f429i_discovery_lcd.o
    0x0800032c   0x0800032c   0x00000034   Code   RO          389    i.BSP_LCD_DisplayChar  stm32f429i_discovery_lcd.o
    0x08000360   0x08000360   0x00000014   Code   RO          391    i.BSP_LCD_DisplayOn  stm32f429i_discovery_lcd.o
    0x08000374   0x08000374   0x000000c4   Code   RO          392    i.BSP_LCD_DisplayStringAt  stm32f429i_discovery_lcd.o
    0x08000438   0x08000438   0x0000001c   Code   RO          393    i.BSP_LCD_DisplayStringAtLine  stm32f429i_discovery_lcd.o
    0x08000454   0x08000454   0x000000cc   Code   RO          394    i.BSP_LCD_DrawBitmap  stm32f429i_discovery_lcd.o
    0x08000520   0x08000520   0x00000034   Code   RO          399    i.BSP_LCD_DrawPixel  stm32f429i_discovery_lcd.o
    0x08000554   0x08000554   0x0000001c   Code   RO          409    i.BSP_LCD_GetFont   stm32f429i_discovery_lcd.o
    0x08000570   0x08000570   0x0000000c   Code   RO          411    i.BSP_LCD_GetXSize  stm32f429i_discovery_lcd.o
    0x0800057c   0x0800057c   0x0000000c   Code   RO          412    i.BSP_LCD_GetYSize  stm32f429i_discovery_lcd.o
    0x08000588   0x08000588   0x00000094   Code   RO          413    i.BSP_LCD_Init      stm32f429i_discovery_lcd.o
    0x0800061c   0x0800061c   0x00000080   Code   RO          414    i.BSP_LCD_LayerDefaultInit  stm32f429i_discovery_lcd.o
    0x0800069c   0x0800069c   0x0000012c   Code   RO          415    i.BSP_LCD_MspInit   stm32f429i_discovery_lcd.o
    0x080007c8   0x080007c8   0x0000000c   Code   RO          420    i.BSP_LCD_SelectLayer  stm32f429i_discovery_lcd.o
    0x080007d4   0x080007d4   0x0000001c   Code   RO          424    i.BSP_LCD_SetFont   stm32f429i_discovery_lcd.o
    0x080007f0   0x080007f0   0x00000018   Code   RO          431    i.BSP_LCD_SetTextColor  stm32f429i_discovery_lcd.o
    0x08000808   0x08000808   0x00000078   Code   RO          742    i.BSP_SDRAM_Init    stm32f429i_discovery_sdram.o
    0x08000880   0x08000880   0x00000088   Code   RO          743    i.BSP_SDRAM_Initialization_sequence  stm32f429i_discovery_sdram.o
    0x08000908   0x08000908   0x00000164   Code   RO          745    i.BSP_SDRAM_MspInit  stm32f429i_discovery_sdram.o
    0x08000a6c   0x08000a6c   0x000000b0   Code   RO          822    i.BSP_TS_GetState   stm32f429i_discovery_ts.o
    0x08000b1c   0x08000b1c   0x00000038   Code   RO          826    i.BSP_TS_Init       stm32f429i_discovery_ts.o
    0x08000b54   0x08000b54   0x00000002   Code   RO         1469    i.BusFault_Handler  stm32f4xx_it.o
    0x08000b56   0x08000b56   0x00000002   PAD
    0x08000b58   0x08000b58   0x00000064   Code   RO          434    i.ConvertLineToARGB8888  stm32f429i_discovery_lcd.o
    0x08000bbc   0x08000bbc   0x00000096   Code   RO         1568    i.DMA2D_SetConfig   stm32f4xx_hal_dma2d.o
    0x08000c52   0x08000c52   0x00000002   PAD
    0x08000c54   0x08000c54   0x00000028   Code   RO         3686    i.DMA_CalcBaseAndBitshift  stm32f4xx_hal_dma.o
    0x08000c7c   0x08000c7c   0x00000054   Code   RO         3687    i.DMA_CheckFifoParam  stm32f4xx_hal_dma.o
    0x08000cd0   0x08000cd0   0x00000002   Code   RO         1470    i.DebugMon_Handler  stm32f4xx_it.o
    0x08000cd2   0x08000cd2   0x00000002   PAD
    0x08000cd4   0x08000cd4   0x000000b4   Code   RO          435    i.DrawChar          stm32f429i_discovery_lcd.o
    0x08000d88   0x08000d88   0x00000002   Code   RO         1154    i.Error_Handler     main.o
    0x08000d8a   0x08000d8a   0x00000050   Code   RO         1785    i.FMC_SDRAM_Init    stm32f4xx_ll_fmc.o
    0x08000dda   0x08000dda   0x0000000c   Code   RO         1786    i.FMC_SDRAM_ProgramRefreshRate  stm32f4xx_ll_fmc.o
    0x08000de6   0x08000de6   0x00000048   Code   RO         1787    i.FMC_SDRAM_SendCommand  stm32f4xx_ll_fmc.o
    0x08000e2e   0x08000e2e   0x00000002   PAD
    0x08000e30   0x08000e30   0x00000080   Code   RO         1789    i.FMC_SDRAM_Timing_Init  stm32f4xx_ll_fmc.o
    0x08000eb0   0x08000eb0   0x00000060   Code   RO          436    i.FillBuffer        stm32f429i_discovery_lcd.o
    0x08000f10   0x08000f10   0x000000a8   Code   RO         1580    i.HAL_DMA2D_ConfigLayer  stm32f4xx_hal_dma2d.o
    0x08000fb8   0x08000fb8   0x0000005a   Code   RO         1588    i.HAL_DMA2D_Init    stm32f4xx_hal_dma2d.o
    0x08001012   0x08001012   0x00000002   PAD
    0x08001014   0x08001014   0x00000028   Code   RO         1254    i.HAL_DMA2D_MspInit  dma2d.o
    0x0800103c   0x0800103c   0x0000010c   Code   RO         1592    i.HAL_DMA2D_PollForTransfer  stm32f4xx_hal_dma2d.o
    0x08001148   0x08001148   0x00000034   Code   RO         1595    i.HAL_DMA2D_Start   stm32f4xx_hal_dma2d.o
    0x0800117c   0x0800117c   0x00000056   Code   RO         3691    i.HAL_DMA_DeInit    stm32f4xx_hal_dma.o
    0x080011d2   0x080011d2   0x00000002   PAD
    0x080011d4   0x080011d4   0x000000d4   Code   RO         3695    i.HAL_DMA_Init      stm32f4xx_hal_dma.o
    0x080012a8   0x080012a8   0x00000024   Code   RO         4126    i.HAL_Delay         stm32f4xx_hal.o
    0x080012cc   0x080012cc   0x000000d4   Code   RO         1295    i.HAL_FMC_MspInit   fmc.o
    0x080013a0   0x080013a0   0x00000170   Code   RO         3579    i.HAL_GPIO_DeInit   stm32f4xx_hal_gpio.o
    0x08001510   0x08001510   0x000001cc   Code   RO         3582    i.HAL_GPIO_Init     stm32f4xx_hal_gpio.o
    0x080016dc   0x080016dc   0x0000000a   Code   RO         3586    i.HAL_GPIO_WritePin  stm32f4xx_hal_gpio.o
    0x080016e6   0x080016e6   0x00000002   PAD
    0x080016e8   0x080016e8   0x0000000c   Code   RO         4134    i.HAL_GetTick       stm32f4xx_hal.o
    0x080016f4   0x080016f4   0x00000042   Code   RO         2499    i.HAL_I2CEx_ConfigAnalogFilter  stm32f4xx_hal_i2c_ex.o
    0x08001736   0x08001736   0x0000003e   Code   RO         2500    i.HAL_I2CEx_ConfigDigitalFilter  stm32f4xx_hal_i2c_ex.o
    0x08001774   0x08001774   0x00000032   Code   RO         2103    i.HAL_I2C_DeInit    stm32f4xx_hal_i2c.o
    0x080017a6   0x080017a6   0x00000006   Code   RO         2111    i.HAL_I2C_GetState  stm32f4xx_hal_i2c.o
    0x080017ac   0x080017ac   0x00000108   Code   RO         2112    i.HAL_I2C_Init      stm32f4xx_hal_i2c.o
    0x080018b4   0x080018b4   0x000001fc   Code   RO         2128    i.HAL_I2C_Mem_Read  stm32f4xx_hal_i2c.o
    0x08001ab0   0x08001ab0   0x0000013c   Code   RO         2131    i.HAL_I2C_Mem_Write  stm32f4xx_hal_i2c.o
    0x08001bec   0x08001bec   0x0000003c   Code   RO         1343    i.HAL_I2C_MspDeInit  i2c.o
    0x08001c28   0x08001c28   0x00000090   Code   RO         1344    i.HAL_I2C_MspInit   i2c.o
    0x08001cb8   0x08001cb8   0x00000010   Code   RO         4138    i.HAL_IncTick       stm32f4xx_hal.o
    0x08001cc8   0x08001cc8   0x00000034   Code   RO         4139    i.HAL_Init          stm32f4xx_hal.o
    0x08001cfc   0x08001cfc   0x00000040   Code   RO         4140    i.HAL_InitTick      stm32f4xx_hal.o
    0x08001d3c   0x08001d3c   0x00000052   Code   RO         2532    i.HAL_LTDC_ConfigLayer  stm32f4xx_hal_ltdc.o
    0x08001d8e   0x08001d8e   0x00000002   PAD
    0x08001d90   0x08001d90   0x00000030   Code   RO         2544    i.HAL_LTDC_EnableDither  stm32f4xx_hal_ltdc.o
    0x08001dc0   0x08001dc0   0x000000f4   Code   RO         2549    i.HAL_LTDC_Init     stm32f4xx_hal_ltdc.o
    0x08001eb4   0x08001eb4   0x00000174   Code   RO         1386    i.HAL_LTDC_MspInit  ltdc.o
    0x08002028   0x08002028   0x00000034   Code   RO         1544    i.HAL_MspInit       stm32f4xx_hal_msp.o
    0x0800205c   0x0800205c   0x00000016   Code   RO         3989    i.HAL_NVIC_EnableIRQ  stm32f4xx_hal_cortex.o
    0x08002072   0x08002072   0x00000002   PAD
    0x08002074   0x08002074   0x00000040   Code   RO         3995    i.HAL_NVIC_SetPriority  stm32f4xx_hal_cortex.o
    0x080020b4   0x080020b4   0x00000024   Code   RO         3996    i.HAL_NVIC_SetPriorityGrouping  stm32f4xx_hal_cortex.o
    0x080020d8   0x080020d8   0x00000234   Code   RO         3283    i.HAL_RCCEx_PeriphCLKConfig  stm32f4xx_hal_rcc_ex.o
    0x0800230c   0x0800230c   0x00000130   Code   RO         3176    i.HAL_RCC_ClockConfig  stm32f4xx_hal_rcc.o
    0x0800243c   0x0800243c   0x00000020   Code   RO         3183    i.HAL_RCC_GetPCLK1Freq  stm32f4xx_hal_rcc.o
    0x0800245c   0x0800245c   0x00000060   Code   RO         3185    i.HAL_RCC_GetSysClockFreq  stm32f4xx_hal_rcc.o
    0x080024bc   0x080024bc   0x0000031c   Code   RO         3188    i.HAL_RCC_OscConfig  stm32f4xx_hal_rcc.o
    0x080027d8   0x080027d8   0x00000042   Code   RO         1951    i.HAL_SDRAM_Init    stm32f4xx_hal_sdram.o
    0x0800281a   0x0800281a   0x00000004   Code   RO         1297    i.HAL_SDRAM_MspInit  fmc.o
    0x0800281e   0x0800281e   0x00000022   Code   RO         1954    i.HAL_SDRAM_ProgramRefreshRate  stm32f4xx_hal_sdram.o
    0x08002840   0x08002840   0x00000030   Code   RO         1960    i.HAL_SDRAM_SendCommand  stm32f4xx_hal_sdram.o
    0x08002870   0x08002870   0x0000002e   Code   RO         2828    i.HAL_SPI_DeInit    stm32f4xx_hal_spi.o
    0x0800289e   0x0800289e   0x00000006   Code   RO         2831    i.HAL_SPI_GetState  stm32f4xx_hal_spi.o
    0x080028a4   0x080028a4   0x00000080   Code   RO         2833    i.HAL_SPI_Init      stm32f4xx_hal_spi.o
    0x08002924   0x08002924   0x0000002c   Code   RO         1427    i.HAL_SPI_MspDeInit  spi.o
    0x08002950   0x08002950   0x00000068   Code   RO         1428    i.HAL_SPI_MspInit   spi.o
    0x080029b8   0x080029b8   0x00000150   Code   RO         2836    i.HAL_SPI_Receive   stm32f4xx_hal_spi.o
    0x08002b08   0x08002b08   0x00000168   Code   RO         2841    i.HAL_SPI_Transmit  stm32f4xx_hal_spi.o
    0x08002c70   0x08002c70   0x000001d8   Code   RO         2842    i.HAL_SPI_TransmitReceive  stm32f4xx_hal_spi.o
    0x08002e48   0x08002e48   0x00000028   Code   RO         4000    i.HAL_SYSTICK_Config  stm32f4xx_hal_cortex.o
    0x08002e70   0x08002e70   0x00000002   Code   RO         1471    i.HardFault_Handler  stm32f4xx_it.o
    0x08002e72   0x08002e72   0x00000028   Code   RO         2150    i.I2C_IsAcknowledgeFailed  stm32f4xx_hal_i2c.o
    0x08002e9a   0x08002e9a   0x000000f0   Code   RO         2159    i.I2C_RequestMemoryRead  stm32f4xx_hal_i2c.o
    0x08002f8a   0x08002f8a   0x00000002   PAD
    0x08002f8c   0x08002f8c   0x000000a0   Code   RO         2160    i.I2C_RequestMemoryWrite  stm32f4xx_hal_i2c.o
    0x0800302c   0x0800302c   0x0000004e   Code   RO         2163    i.I2C_WaitOnBTFFlagUntilTimeout  stm32f4xx_hal_i2c.o
    0x0800307a   0x0800307a   0x00000060   Code   RO         2164    i.I2C_WaitOnFlagUntilTimeout  stm32f4xx_hal_i2c.o
    0x080030da   0x080030da   0x00000002   PAD
    0x080030dc   0x080030dc   0x00000088   Code   RO         2165    i.I2C_WaitOnMasterAddressFlagUntilTimeout  stm32f4xx_hal_i2c.o
    0x08003164   0x08003164   0x00000062   Code   RO         2166    i.I2C_WaitOnRXNEFlagUntilTimeout  stm32f4xx_hal_i2c.o
    0x080031c6   0x080031c6   0x0000004e   Code   RO         2167    i.I2C_WaitOnTXEFlagUntilTimeout  stm32f4xx_hal_i2c.o
    0x08003214   0x08003214   0x00000014   Code   RO           23    i.I2Cx_Error        stm32f429i_discovery.o
    0x08003228   0x08003228   0x00000048   Code   RO           24    i.I2Cx_Init         stm32f429i_discovery.o
    0x08003270   0x08003270   0x000000b8   Code   RO           25    i.I2Cx_MspInit      stm32f429i_discovery.o
    0x08003328   0x08003328   0x00000004   Code   RO           26    i.IOE_Delay         stm32f429i_discovery.o
    0x0800332c   0x0800332c   0x00000050   Code   RO           27    i.IOE_ITConfig      stm32f429i_discovery.o
    0x0800337c   0x0800337c   0x00000004   Code   RO           28    i.IOE_Init          stm32f429i_discovery.o
    0x08003380   0x08003380   0x00000034   Code   RO           29    i.IOE_Read          stm32f429i_discovery.o
    0x080033b4   0x080033b4   0x00000030   Code   RO           30    i.IOE_ReadMultiple  stm32f429i_discovery.o
    0x080033e4   0x080033e4   0x00000030   Code   RO           31    i.IOE_Write         stm32f429i_discovery.o
    0x08003414   0x08003414   0x00000004   Code   RO           33    i.LCD_Delay         stm32f429i_discovery.o
    0x08003418   0x08003418   0x000000a8   Code   RO           34    i.LCD_IO_Init       stm32f429i_discovery.o
    0x080034c0   0x080034c0   0x0000006c   Code   RO           35    i.LCD_IO_ReadData   stm32f429i_discovery.o
    0x0800352c   0x0800352c   0x00000038   Code   RO           36    i.LCD_IO_WriteData  stm32f429i_discovery.o
    0x08003564   0x08003564   0x00000038   Code   RO           37    i.LCD_IO_WriteReg   stm32f429i_discovery.o
    0x0800359c   0x0800359c   0x00000162   Code   RO         2568    i.LTDC_SetConfig    stm32f4xx_hal_ltdc.o
    0x080036fe   0x080036fe   0x00000002   PAD
    0x08003700   0x08003700   0x00000044   Code   RO         1255    i.MX_DMA2D_Init     dma2d.o
    0x08003744   0x08003744   0x00000054   Code   RO         1298    i.MX_FMC_Init       fmc.o
    0x08003798   0x08003798   0x000001c4   Code   RO         1229    i.MX_GPIO_Init      gpio.o
    0x0800395c   0x0800395c   0x0000005c   Code   RO         1345    i.MX_I2C3_Init      i2c.o
    0x080039b8   0x080039b8   0x000000d8   Code   RO         1387    i.MX_LTDC_Init      ltdc.o
    0x08003a90   0x08003a90   0x00000044   Code   RO         1429    i.MX_SPI5_Init      spi.o
    0x08003ad4   0x08003ad4   0x00000002   Code   RO         1472    i.MemManage_Handler  stm32f4xx_it.o
    0x08003ad6   0x08003ad6   0x00000002   Code   RO         1473    i.NMI_Handler       stm32f4xx_it.o
    0x08003ad8   0x08003ad8   0x00000020   Code   RO         4002    i.NVIC_SetPriority  stm32f4xx_hal_cortex.o
    0x08003af8   0x08003af8   0x00000002   Code   RO         1474    i.PendSV_Handler    stm32f4xx_it.o
    0x08003afa   0x08003afa   0x00000020   Code   RO         2857    i.SPI_CheckFlag_BSY  stm32f4xx_hal_spi.o
    0x08003b1a   0x08003b1a   0x00000096   Code   RO         2875    i.SPI_WaitFlagStateUntilTimeout  stm32f4xx_hal_spi.o
    0x08003bb0   0x08003bb0   0x00000014   Code   RO           38    i.SPIx_Error        stm32f429i_discovery.o
    0x08003bc4   0x08003bc4   0x0000009c   Code   RO           39    i.SPIx_Init         stm32f429i_discovery.o
    0x08003c60   0x08003c60   0x00000024   Code   RO           40    i.SPIx_Write        stm32f429i_discovery.o
    0x08003c84   0x08003c84   0x00000002   Code   RO         1475    i.SVC_Handler       stm32f4xx_it.o
    0x08003c86   0x08003c86   0x00000004   Code   RO         1476    i.SysTick_Handler   stm32f4xx_it.o
    0x08003c8a   0x08003c8a   0x00000002   PAD
    0x08003c8c   0x08003c8c   0x0000009c   Code   RO         1155    i.SystemClock_Config  main.o
    0x08003d28   0x08003d28   0x00000054   Code   RO         4303    i.SystemInit        system_stm32f4xx.o
    0x08003d7c   0x08003d7c   0x00000002   Code   RO         1477    i.UsageFault_Handler  stm32f4xx_it.o
    0x08003d7e   0x08003d7e   0x0000000e   Code   RO         4370    i.__scatterload_copy  mc_w.l(handlers.o)
    0x08003d8c   0x08003d8c   0x00000002   Code   RO         4371    i.__scatterload_null  mc_w.l(handlers.o)
    0x08003d8e   0x08003d8e   0x0000000e   Code   RO         4372    i.__scatterload_zeroinit  mc_w.l(handlers.o)
    0x08003d9c   0x08003d9c   0x00000006   Code   RO          872    i.ili9341_DisplayOff  ili9341.o
    0x08003da2   0x08003da2   0x00000006   Code   RO          873    i.ili9341_DisplayOn  ili9341.o
    0x08003da8   0x08003da8   0x00000006   Code   RO          874    i.ili9341_GetLcdPixelHeight  ili9341.o
    0x08003dae   0x08003dae   0x00000004   Code   RO          875    i.ili9341_GetLcdPixelWidth  ili9341.o
    0x08003db2   0x08003db2   0x00000292   Code   RO          876    i.ili9341_Init      ili9341.o
    0x08004044   0x08004044   0x00000012   Code   RO          878    i.ili9341_ReadID    ili9341.o
    0x08004056   0x08004056   0x00000002   PAD
    0x08004058   0x08004058   0x000000ac   Code   RO         1156    i.main              main.o
    0x08004104   0x08004104   0x0000000a   Code   RO          940    i.stmpe811_ClearGlobalIT  stmpe811.o
    0x0800410e   0x0800410e   0x0000001c   Code   RO          941    i.stmpe811_DisableGlobalIT  stmpe811.o
    0x0800412a   0x0800412a   0x0000001e   Code   RO          942    i.stmpe811_DisableITSource  stmpe811.o
    0x08004148   0x08004148   0x0000001c   Code   RO          943    i.stmpe811_EnableGlobalIT  stmpe811.o
    0x08004164   0x08004164   0x0000001e   Code   RO          944    i.stmpe811_EnableITSource  stmpe811.o
    0x08004182   0x08004182   0x00000002   PAD
    0x08004184   0x08004184   0x0000001c   Code   RO          945    i.stmpe811_GetInstance  stmpe811.o
    0x080041a0   0x080041a0   0x0000001e   Code   RO          952    i.stmpe811_IO_EnableAF  stmpe811.o
    0x080041be   0x080041be   0x00000002   PAD
    0x080041c0   0x080041c0   0x00000030   Code   RO          961    i.stmpe811_Init     stmpe811.o
    0x080041f0   0x080041f0   0x00000020   Code   RO          963    i.stmpe811_ReadID   stmpe811.o
    0x08004210   0x08004210   0x00000028   Code   RO          964    i.stmpe811_Reset    stmpe811.o
    0x08004238   0x08004238   0x00000006   Code   RO          967    i.stmpe811_TS_ClearIT  stmpe811.o
    0x0800423e   0x0800423e   0x00000036   Code   RO          968    i.stmpe811_TS_DetectTouch  stmpe811.o
    0x08004274   0x08004274   0x00000014   Code   RO          969    i.stmpe811_TS_DisableIT  stmpe811.o
    0x08004288   0x08004288   0x0000001a   Code   RO          970    i.stmpe811_TS_EnableIT  stmpe811.o
    0x080042a2   0x080042a2   0x0000003e   Code   RO          971    i.stmpe811_TS_GetXY  stmpe811.o
    0x080042e0   0x080042e0   0x00000010   Code   RO          972    i.stmpe811_TS_ITStatus  stmpe811.o
    0x080042f0   0x080042f0   0x000000a2   Code   RO          973    i.stmpe811_TS_Start  stmpe811.o
    0x08004392   0x08004392   0x00001ab8   Data   RO          438    .constdata          stm32f429i_discovery_lcd.o
    0x08005e4a   0x08005e4a   0x00004e56   Data   RO         1157    .constdata          main.o
    0x0800aca0   0x0800aca0   0x00000008   Data   RO         3701    .constdata          stm32f4xx_hal_dma.o
    0x0800aca8   0x0800aca8   0x00000010   Data   RO         4304    .constdata          system_stm32f4xx.o
    0x0800acb8   0x0800acb8   0x00000008   Data   RO         4305    .constdata          system_stm32f4xx.o
    0x0800acc0   0x0800acc0   0x00000020   Data   RO         4368    Region$$Table       anon$$obj.o


    Execution Region RW_IRAM1 (Exec base: 0x20000000, Load base: 0x0800ace0, Size: 0x00000980, Max: 0x00030000, ABSOLUTE)

    Exec Addr    Load Addr    Size         Type   Attr      Idx    E Section Name        Object

    0x20000000   0x0800ace0   0x00000018   Data   RW           44    .data               stm32f429i_discovery.o
    0x20000018   0x0800acf8   0x00000010   Data   RW          443    .data               stm32f429i_discovery_lcd.o
    0x20000028   0x0800ad08   0x00000001   Data   RW          752    .data               stm32f429i_discovery_sdram.o
    0x20000029   0x0800ad09   0x00000003   PAD
    0x2000002c   0x0800ad0c   0x00000010   Data   RW          827    .data               stm32f429i_discovery_ts.o
    0x2000003c   0x0800ad1c   0x00000038   Data   RW          881    .data               ili9341.o
    0x20000074   0x0800ad54   0x00000028   Data   RW          974    .data               stmpe811.o
    0x2000009c   0x0800ad7c   0x00000002   Data   RW          976    .data               stmpe811.o
    0x2000009e   0x0800ad7e   0x00000002   PAD
    0x200000a0   0x0800ad80   0x00000008   Data   RW         1300    .data               fmc.o
    0x200000a8   0x0800ad88   0x0000000c   Data   RW         4146    .data               stm32f4xx_hal.o
    0x200000b4   0x0800ad94   0x00000004   Data   RW         4306    .data               system_stm32f4xx.o
    0x200000b8        -       0x000000ac   Zero   RW           42    .bss                stm32f429i_discovery.o
    0x20000164        -       0x00000130   Zero   RW          437    .bss                stm32f429i_discovery_lcd.o
    0x20000294        -       0x00000120   Zero   RW          751    .bss                stm32f429i_discovery_sdram.o
    0x200003b4        -       0x00000040   Zero   RW         1256    .bss                dma2d.o
    0x200003f4        -       0x00000034   Zero   RW         1299    .bss                fmc.o
    0x20000428        -       0x00000054   Zero   RW         1346    .bss                i2c.o
    0x2000047c        -       0x000000a8   Zero   RW         1388    .bss                ltdc.o
    0x20000524        -       0x00000058   Zero   RW         1430    .bss                spi.o
    0x2000057c   0x0800ad98   0x00000004   PAD
    0x20000580        -       0x00000400   Zero   RW            1    STACK               startup_stm32f429xx.o


==============================================================================

Image component sizes


      Code (inc. data)   RO Data    RW Data    ZI Data      Debug   Object Name

       108         20          0          0         64       1553   dma2d.o
       300         42          0          8         52       2192   fmc.o
       452         30          0          0          0       1211   gpio.o
       296         48          0          0         84       2297   i2c.o
       698          0          0         56          0       8847   ili9341.o
       588         40          0          0        168       2098   ltdc.o
       330         34      20054          0          0       2582   main.o
       216         34          0          0         88       2169   spi.o
        36          8        428          0       1024        840   startup_stm32f429xx.o
      1116        158          0         24        172     759711   stm32f429i_discovery.o
         0          0          0          0          0        744   stm32f429i_discovery_io.o
      1680        176       6840         16        304      21535   stm32f429i_discovery_lcd.o
       612         54          0          1        288       3851   stm32f429i_discovery_sdram.o
       232         14          0         16          0       2992   stm32f429i_discovery_ts.o
       180         28          0         12          0       4605   stm32f4xx_hal.o
       194         14          0          0          0      30431   stm32f4xx_hal_cortex.o
       422         12          8          0          0       3644   stm32f4xx_hal_dma.o
       728          6          0          0          0       5639   stm32f4xx_hal_dma2d.o
       838        100          0          0          0       3410   stm32f4xx_hal_gpio.o
      2070         36          0          0          0      14270   stm32f4xx_hal_i2c.o
       128          0          0          0          0       1871   stm32f4xx_hal_i2c_ex.o
       728         12          0          0          0       3611   stm32f4xx_hal_ltdc.o
        52          4          0          0          0        846   stm32f4xx_hal_msp.o
      1228         64          0          0          0       4569   stm32f4xx_hal_rcc.o
       564         36          0          0          0       1604   stm32f4xx_hal_rcc_ex.o
       148          0          0          0          0       2736   stm32f4xx_hal_sdram.o
      1530          0          0          0          0       8222   stm32f4xx_hal_spi.o
        20          0          0          0          0       4118   stm32f4xx_it.o
       292          4          0          0          0       3520   stm32f4xx_ll_fmc.o
       650         10          0         42          0      14571   stmpe811.o
        84         18         24          4          0       1171   system_stm32f4xx.o

    ----------------------------------------------------------------------
     16552       1002      27386        184       2248     921460   Object Totals
         0          0         32          0          0          0   (incl. Generated)
        32          0          0          5          4          0   (incl. Padding)

    ----------------------------------------------------------------------

      Code (inc. data)   RO Data    RW Data    ZI Data      Debug   Library Member Name

         0          0          0          0          0          0   entry.o
         0          0          0          0          0          0   entry10a.o
         0          0          0          0          0          0   entry11a.o
         8          4          0          0          0          0   entry2.o
         4          0          0          0          0          0   entry5.o
         0          0          0          0          0          0   entry7b.o
         0          0          0          0          0          0   entry8b.o
         8          4          0          0          0          0   entry9a.o
        30          0          0          0          0          0   handlers.o
        36          8          0          0          0         68   init.o
        30          0          0          0          0         68   llshl.o
        32          0          0          0          0         68   llushr.o
        36          0          0          0          0         68   memcpya.o
        36          0          0          0          0        108   memseta.o
        98          0          0          0          0         92   uldiv.o

    ----------------------------------------------------------------------
       318         16          0          0          0        472   Library Totals
         0          0          0          0          0          0   (incl. Padding)

    ----------------------------------------------------------------------

      Code (inc. data)   RO Data    RW Data    ZI Data      Debug   Library Name

       318         16          0          0          0        472   mc_w.l

    ----------------------------------------------------------------------
       318         16          0          0          0        472   Library Totals

    ----------------------------------------------------------------------

==============================================================================


      Code (inc. data)   RO Data    RW Data    ZI Data      Debug   

     16870       1018      27386        184       2248     907480   Grand Totals
     16870       1018      27386        184       2248     907480   ELF Image Totals
     16870       1018      27386        184          0          0   ROM Totals

==============================================================================

    Total RO  Size (Code + RO Data)                44256 (  43.22kB)
    Total RW  Size (RW Data + ZI Data)              2432 (   2.38kB)
    Total ROM Size (Code + RO Data + RW Data)      44440 (  43.40kB)

==============================================================================

